# build_release_assets.py started 2026-10-09T18:20:44.213667+00:00
======================================================================
Release assets — ontology 1.0.0 -> release
======================================================================
  DATA_PROTECTION.md                        28.1 KB  d99eea8e06e4  <- docs/DATA_PROTECTION.md
  DATA_RIGHTS.md                             9.1 KB  727abe015c78  <- docs/DATA_RIGHTS.md
  INDEX.json                               290.0 KB  0ae499664a44  <- krr_outputs/INDEX.json
  LICENSE                                    1.0 KB  102b408fe37d  <- LICENSE
  NOTICE                                     8.2 KB  a7a9bbad597a  <- NOTICE
  chunks.jsonl.gz                           17.0 MB  f7e32fc26f8e  <- release/retrieval/chunks.jsonl
  combined_ontology.jsonld.gz               36.9 MB  8d26cc0a9db3  <- krr_outputs/combined_ontology.jsonld
  combined_ontology.nq.gz                   54.3 MB  e6eea0720530  <- release/rdf/combined_ontology.nq
  combined_ontology.nt.gz                   52.4 MB  77ec24875676  <- release/rdf/combined_ontology.nt
  combined_ontology.ttl.gz                  52.0 MB  87960ec56b87  <- release/rdf/combined_ontology.ttl
  controlled_vocabulary.jsonld             315.5 KB  476e2b031138  <- krr_outputs/controlled_vocabulary.jsonld
  curia_combined.jsonld.gz                   3.5 MB  f57917b53cca  <- krr_outputs/curia/curia_combined.jsonld
  dataset_build_manifest.json                 581 B  bafba9013a59  <- krr_outputs/dataset_build_manifest.json
  eelnoud_combined.jsonld.gz                 2.7 MB  69e281fe592a  <- krr_outputs/eelnoud/eelnoud_combined.jsonld
  estleg_all.nq.gz                         238.9 MB  93bd0e3c3a04  <- serialize_named_graphs.SLOTS
  estonian_legal_shapes.ttl                117.2 KB  54923aa1250c  <- shacl/estonian_legal_shapes.ttl
  eurlex_combined.jsonld.gz                  5.5 MB  985048b190b1  <- krr_outputs/eurlex/eurlex_combined.jsonld
  metadata.jsonld                           52.7 KB  d97547a2a1ce  <- metadata.jsonld
  oiguskantsler_seisukohad.jsonld.gz         2.2 MB  e0dbf6caff0a  <- krr_outputs/annotations/oiguskantsler_seisukohad.jsonld
  rt_xml_2026-10-09.tar.gz                   5.8 GB  1927e3b3944b  <- data/riigiteataja/**/*.xml
  void.ttl                                  11.6 KB  1dc259c702a2  <- krr_outputs/void.ttl

  versionInfo=1.0.0 present on: combined_ontology.jsonld, eurlex/eurlex_combined.jsonld, curia/curia_combined.jsonld, eelnoud/eelnoud_combined.jsonld, concepts/concepts_combined.jsonld, act_expressions_combined.jsonld
  RDF dumps: {"nt": {"path": "release/rdf/combined_ontology.nt", "bytes": 795207414}, "nq": {"path": "release/rdf/combined_ontology.nq", "bytes": 1001710966}, "ttl": {"path": "release/rdf/combined_ontology.ttl", "bytes": 795207414}, "triples": 5036672}
  named graph https://w3id.org/estleg/graph/curia: 323441 quads
  named graph https://w3id.org/estleg/graph/drafts: 594586 quads
  named graph https://w3id.org/estleg/graph/enrichment-layers: 797190 quads
  named graph https://w3id.org/estleg/graph/eurlex: 912333 quads
  named graph https://w3id.org/estleg/graph/laws: 5036672 quads
  named graph https://w3id.org/estleg/graph/regulations: 8844419 quads
  named graph https://w3id.org/estleg/graph/riigikohus: 430770 quads
  chunks: 125620 records
  RT XML: {"kehtiv": "2026-10-09", "files": 15952, "uncompressedBytes": 9512706082, "attested": 989}
  catalogued in metadata.jsonld: combined_ontology.jsonld.gz, eelnoud_combined.jsonld.gz, eurlex_combined.jsonld.gz, curia_combined.jsonld.gz, chunks.jsonl.gz
  timings (s): {"version-check": 3.2, "rdf-dumps": 109.1, "gzip combined_ontology.nt.gz": 9.9, "gzip combined_ontology.nq.gz": 11.6, "gzip combined_ontology.ttl.gz": 10.1, "named-graphs": 321.0, "chunks": 12.7, "rt-xml": 281.3, "gzip combined_ontology.jsonld.gz": 6.4, "gzip eelnoud_combined.jsonld.gz": 0.5, "gzip eurlex_combined.jsonld.gz": 1.2, "gzip curia_combined.jsonld.gz": 0.5, "gzip oiguskantsler_seisukohad.jsonld.gz": 0.2}
