# classify_deontic.py started 2026-10-09T10:34:39.171845+00:00
======================================================================
Estonian Legal Ontology - Deontic Classification
======================================================================

[1/3] Found 16938 law files to process
  Clearing old deontic classification data from all files...
  Done clearing.
  [100/16938] processed – 5655 classified so far
  [200/16938] processed – 5655 classified so far
  [300/16938] processed – 5941 classified so far
  [400/16938] processed – 8477 classified so far
  [500/16938] processed – 15358 classified so far
  [600/16938] processed – 26961 classified so far
  [700/16938] processed – 34562 classified so far
  [800/16938] processed – 38921 classified so far
  [900/16938] processed – 40565 classified so far
  [1000/16938] processed – 43169 classified so far
  [1100/16938] processed – 44216 classified so far
  [1200/16938] processed – 45616 classified so far
  [1300/16938] processed – 46850 classified so far
  [1400/16938] processed – 47374 classified so far
  [1500/16938] processed – 48896 classified so far
  [1600/16938] processed – 50172 classified so far
  [1700/16938] processed – 51546 classified so far
  [1800/16938] processed – 52187 classified so far
  [1900/16938] processed – 53352 classified so far
  [2000/16938] processed – 54621 classified so far
  [2100/16938] processed – 55961 classified so far
  [2200/16938] processed – 57207 classified so far
  [2300/16938] processed – 58910 classified so far
  [2400/16938] processed – 59675 classified so far
  [2500/16938] processed – 60476 classified so far
  [2600/16938] processed – 61658 classified so far
  [2700/16938] processed – 63545 classified so far
  [2800/16938] processed – 64734 classified so far
  [2900/16938] processed – 65908 classified so far
  [3000/16938] processed – 67371 classified so far
  [3100/16938] processed – 68080 classified so far
  [3200/16938] processed – 69151 classified so far
  [3300/16938] processed – 70414 classified so far
  [3400/16938] processed – 71338 classified so far
  [3500/16938] processed – 72506 classified so far
  [3600/16938] processed – 73866 classified so far
  [3700/16938] processed – 75382 classified so far
  [3800/16938] processed – 76611 classified so far
  [3900/16938] processed – 77482 classified so far
  [4000/16938] processed – 78749 classified so far
  [4100/16938] processed – 79274 classified so far
  [4200/16938] processed – 80536 classified so far
  [4300/16938] processed – 81630 classified so far
  [4400/16938] processed – 82761 classified so far
  [4500/16938] processed – 84081 classified so far
  [4600/16938] processed – 85591 classified so far
  [4700/16938] processed – 86906 classified so far
  [4800/16938] processed – 88208 classified so far
  [4900/16938] processed – 88267 classified so far
  [5000/16938] processed – 88986 classified so far
  [5100/16938] processed – 90171 classified so far
  [5200/16938] processed – 90914 classified so far
  [5300/16938] processed – 92358 classified so far
  [5400/16938] processed – 93839 classified so far
  [5500/16938] processed – 94739 classified so far
  [5600/16938] processed – 96111 classified so far
  [5700/16938] processed – 97427 classified so far
  [5800/16938] processed – 98765 classified so far
  [5900/16938] processed – 99807 classified so far
  [6000/16938] processed – 101058 classified so far
  [6100/16938] processed – 101974 classified so far
  [6200/16938] processed – 103229 classified so far
  [6300/16938] processed – 104353 classified so far
  [6400/16938] processed – 105736 classified so far
  [6500/16938] processed – 106509 classified so far
  [6600/16938] processed – 107429 classified so far
  [6700/16938] processed – 108104 classified so far
  [6800/16938] processed – 109526 classified so far
  [6900/16938] processed – 110861 classified so far
  [7000/16938] processed – 111917 classified so far
  [7100/16938] processed – 113671 classified so far
  [7200/16938] processed – 114993 classified so far
  [7300/16938] processed – 116252 classified so far
  [7400/16938] processed – 117737 classified so far
  [7500/16938] processed – 118381 classified so far
  [7600/16938] processed – 119800 classified so far
  [7700/16938] processed – 120814 classified so far
  [7800/16938] processed – 122136 classified so far
  [7900/16938] processed – 123335 classified so far
  [8000/16938] processed – 124179 classified so far
  [8100/16938] processed – 125058 classified so far
  [8200/16938] processed – 126198 classified so far
  [8300/16938] processed – 127361 classified so far
  [8400/16938] processed – 128735 classified so far
  [8500/16938] processed – 129815 classified so far
  [8600/16938] processed – 131186 classified so far
  [8700/16938] processed – 132385 classified so far
  [8800/16938] processed – 133702 classified so far
  [8900/16938] processed – 135057 classified so far
  [9000/16938] processed – 136327 classified so far
  [9100/16938] processed – 137050 classified so far
  [9200/16938] processed – 137484 classified so far
  [9300/16938] processed – 137941 classified so far
  [9400/16938] processed – 138457 classified so far
  [9500/16938] processed – 139430 classified so far
  [9600/16938] processed – 140084 classified so far
  [9700/16938] processed – 141018 classified so far
  [9800/16938] processed – 141748 classified so far
  [9900/16938] processed – 141748 classified so far
  [10000/16938] processed – 141782 classified so far
  [10100/16938] processed – 143324 classified so far
  [10200/16938] processed – 144631 classified so far
  [10300/16938] processed – 146208 classified so far
  [10400/16938] processed – 146573 classified so far
  [10500/16938] processed – 147168 classified so far
  [10600/16938] processed – 148148 classified so far
  [10700/16938] processed – 149418 classified so far
  [10800/16938] processed – 150986 classified so far
  [10900/16938] processed – 151711 classified so far
  [11000/16938] processed – 153017 classified so far
  [11100/16938] processed – 154319 classified so far
  [11200/16938] processed – 156118 classified so far
  [11300/16938] processed – 156855 classified so far
  [11400/16938] processed – 157969 classified so far
  [11500/16938] processed – 159360 classified so far
  [11600/16938] processed – 160018 classified so far
  [11700/16938] processed – 160668 classified so far
  [11800/16938] processed – 162144 classified so far
  [11900/16938] processed – 162671 classified so far
  [12000/16938] processed – 163929 classified so far
  [12100/16938] processed – 164903 classified so far
  [12200/16938] processed – 165888 classified so far
  [12300/16938] processed – 167505 classified so far
  [12400/16938] processed – 168794 classified so far
  [12500/16938] processed – 170073 classified so far
  [12600/16938] processed – 170980 classified so far
  [12700/16938] processed – 171922 classified so far
  [12800/16938] processed – 173403 classified so far
  [12900/16938] processed – 174994 classified so far
  [13000/16938] processed – 177203 classified so far
  [13100/16938] processed – 178353 classified so far
  [13200/16938] processed – 179831 classified so far
  [13300/16938] processed – 181407 classified so far
  [13400/16938] processed – 182675 classified so far
  [13500/16938] processed – 183952 classified so far
  [13600/16938] processed – 185738 classified so far
  [13700/16938] processed – 187330 classified so far
  [13800/16938] processed – 189200 classified so far
  [13900/16938] processed – 191300 classified so far
  [14000/16938] processed – 192941 classified so far
  [14100/16938] processed – 195097 classified so far
  [14200/16938] processed – 196614 classified so far
  [14300/16938] processed – 198810 classified so far
  [14400/16938] processed – 201103 classified so far
  [14500/16938] processed – 203036 classified so far
  [14600/16938] processed – 204939 classified so far
  [14700/16938] processed – 207085 classified so far
  [14800/16938] processed – 209019 classified so far
  [14900/16938] processed – 210984 classified so far
  [15000/16938] processed – 212224 classified so far
  [15100/16938] processed – 213619 classified so far
  [15200/16938] processed – 215827 classified so far
  [15300/16938] processed – 217345 classified so far
  [15400/16938] processed – 218920 classified so far
  [15500/16938] processed – 220968 classified so far
  [15600/16938] processed – 222448 classified so far
  [15700/16938] processed – 223870 classified so far
  [15800/16938] processed – 225761 classified so far
  [15900/16938] processed – 227360 classified so far
  [16000/16938] processed – 229113 classified so far
  [16100/16938] processed – 230767 classified so far
  [16200/16938] processed – 233953 classified so far
  [16300/16938] processed – 236274 classified so far
  [16400/16938] processed – 238013 classified so far
  [16500/16938] processed – 239250 classified so far
  [16600/16938] processed – 240769 classified so far
  [16700/16938] processed – 245370 classified so far
  [16800/16938] processed – 252222 classified so far
  [16900/16938] processed – 257407 classified so far
  [16938/16938] processed – 261817 classified so far

[2/3] Generating report...
  Saved: deontic_classification_report.json

[3/3] SUMMARY
======================================================================
  Provisions analysed:    824894
  Classified:             261817
  Duty holders extracted: 12024
  Human overrides:        0
  Files modified:         11121

    Obligation            110112
    Permission            81537
    Right                 34573
    Prohibition           31947
    Definition            3648
======================================================================
