# classify_eurovoc.py started 2026-10-09T12:54:28.032190+00:00
Wrote EuroVoc SKOS graph: krr_outputs/eurovoc_concept_scheme.jsonld
============================================================
Classify Estonian laws with EuroVoc subject taxonomy
EuroVoc domains defined: 43
============================================================

--- Discovering peep files ---
  Discovered 16938 peep files
  16889 have a recognized act node (skipped 49 non-act files)

--- Classifying acts ---
  Processed 500/16889 acts (388 files updated)...
  Processed 1000/16889 acts (823 files updated)...
  Processed 1500/16889 acts (1214 files updated)...
  Processed 2000/16889 acts (1619 files updated)...
  Processed 2500/16889 acts (1989 files updated)...
  Processed 3000/16889 acts (2432 files updated)...
  Processed 3500/16889 acts (2848 files updated)...
  Processed 4000/16889 acts (3285 files updated)...
  Processed 4500/16889 acts (3695 files updated)...
  Processed 5000/16889 acts (4069 files updated)...
  Processed 5500/16889 acts (4509 files updated)...
  Processed 6000/16889 acts (4960 files updated)...
  Processed 6500/16889 acts (5375 files updated)...
  Processed 7000/16889 acts (5839 files updated)...
  Processed 7500/16889 acts (6271 files updated)...
  Processed 8000/16889 acts (6715 files updated)...
  Processed 8500/16889 acts (7158 files updated)...
  Processed 9500/16889 acts (7963 files updated)...
  Processed 10000/16889 acts (8356 files updated)...
  Processed 10500/16889 acts (8763 files updated)...
  Processed 11000/16889 acts (9197 files updated)...
  Processed 11500/16889 acts (9595 files updated)...
  Processed 12000/16889 acts (10020 files updated)...
  Processed 12500/16889 acts (10441 files updated)...
  Processed 13500/16889 acts (11326 files updated)...
  Processed 14000/16889 acts (11777 files updated)...
  Processed 14500/16889 acts (12229 files updated)...
  Processed 15000/16889 acts (12676 files updated)...
  Processed 15500/16889 acts (13146 files updated)...
  Processed 16000/16889 acts (13606 files updated)...
  Processed 16500/16889 acts (14066 files updated)...
  Processed all 16889 acts
  Wrote EuroVoc overlay: krr_outputs/eurovoc/eurovoc_overlay.jsonld (14417 act nodes)

--- Domain statistics ---
    68 local government                    (kohalik omavalitsus           ): 8808 laws
    557 labour law                          (tööõigus                      ): 4305 laws
    668 education                           (haridus                       ): 3106 laws
    523 civil law                           (tsiviilõigus                  ): 2538 laws
    517 administrative law                  (haldusõigus                   ): 2358 laws
    2475 construction policy                 (ehituspoliitika               ): 1986 laws
    4050 social security                     (sotsiaalkindlustus            ): 1650 laws
    5050 budget                              (eelarve                       ): 1541 laws
    1021 tax system                          (maksusüsteem                  ): 1132 laws
    2825 environmental protection            (keskkonnakaitse               ): 1052 laws
    695 election                            (valimised                     ):  895 laws
    5188 information technology              (infotehnoloogia               ):  694 laws
    2149 banking                             (pangandus                     ):  639 laws
    5899 health care                         (tervishoid                    ):  582 laws
    2498 energy policy                       (energiapoliitika              ):  544 laws
    2442 agricultural policy                 (põllumajanduspoliitika        ):  480 laws
    3474 international affairs               (rahvusvaheline poliitika      ):  474 laws
    2924 scientific research                 (teadusuuringud                ):  429 laws
    317 culture                             (kultuur                       ):  411 laws
    525 EU law                              (ELi õigus                     ):  369 laws
    2162 public order                        (avalik kord                   ):  360 laws
    10 domestic trade                      (sisekaubandus                 ):  353 laws
    3151 insurance                           (kindlustus                    ):  341 laws
    54 accounting                          (raamatupidamine               ):  266 laws
    4630 land use                            (maakasutus                    ):  195 laws
    217 judicial cooperation                (kohtualane koostöö            ):  185 laws
    5181 data protection                     (andmekaitse                   ):  185 laws
    573 criminal law                        (kriminaalõigus                ):  167 laws
    2464 defence policy                      (kaitsepoliitika               ):  164 laws
    2494 transport policy                    (transpordipoliitika           ):  148 laws
    538 fundamental rights                  (põhiõigused                   ):  121 laws
    4522 maritime transport                  (meretransport                 ):  115 laws
    2862 advertising                         (reklaam                       ):  114 laws
    2836 consumer protection                 (tarbijakaitse                 ):  111 laws
    1909 migration                           (migratsioon                   ):  103 laws
    527 constitutional law                  (riigiõigus                    ):   92 laws
    2473 communications policy               (kommunikatsioonipoliitika     ):   89 laws
    4505 air transport                       (õhutransport                  ):   87 laws
    75 competition                         (konkurents                    ):   54 laws
    2817 intellectual property               (intellektuaalomand            ):   47 laws
    502 customs                             (toll                          ):   38 laws
    1018 public finance                      (riigirahandus                 ):   19 laws
    2258 political parties                   (poliitilised parteid          ):    2 laws

--- Generating classification report ---
  Saved: eurovoc_classification.json

============================================================
EuroVoc classification complete!
  Acts processed:       16889
  Laws classified:      14417
  Laws unclassified:    2472
  Law files updated:    14417
  File errors:          0
  Domains used:         43/43

Output: krr_outputs/reports/eurovoc_classification.json
============================================================
