# extract_court_provision_links.py started 2026-10-09T12:52:04.391388+00:00
======================================================================
Estonian Legal Ontology - Extract Court Decision Provision Links
======================================================================

[1/6] Clearing existing court-provision links...
  Cleaned 302 files

[2/6] Building provision index from law JSON-LD files...
  Found 4544 law prefixes with 353602 provisions

[3/6] Building abbreviation-to-prefix mapping...
  Mapped 282 abbreviations to IRI prefixes
    AMVS -> AMVS (35 provisions)
    AS -> AS (301 provisions)
    ASeS -> ASeS (85 provisions)
    ATS -> AVALIK (701 provisions)
    ATSS -> ATSS (69 provisions)
    AVRS -> AVRS (119 provisions)
    AVTS -> AVTS (331 provisions)
    AVVKHS -> AVVKHS (12 provisions)
    AdvS -> AdvS (447 provisions)
    AiaTS -> AiaTS (83 provisions)
    AluS -> alusharidusseadus (310 provisions)
    AvKS -> AvKS (18 provisions)
    AÕKS -> ATMOSF (1105 provisions)
    AÕS -> AOS_Osa1+AOS_Osa2+AOS_Osa3+AOS_Osa4+AOS_Osa5+AOS_Osa6+AOS_Osa7+AOS_Osa8 (1027 provisions)
    AÕSRS -> AOSRS (148 provisions)
    AÜS -> AUS (127 provisions)
    EAFS -> EAFS (48 provisions)
    EAS -> EAS (107 provisions)
    EKS -> ESS (1082 provisions)
    EKSS -> elundite_ja_kudede_siirdamise_seadus (18 provisions)
    EKodAS -> EKodAS (16 provisions)
    ELKTS -> ELKTS (53 provisions)
    ELRKS -> ELRKS (8 provisions)
    ELS -> ELS (77 provisions)
    ELTS -> ELTS (1056 provisions)
    ELTTS -> ELTTS (118 provisions)
    EMHÜS -> EMHUS (41 provisions)
    EOS -> EOS (38 provisions)
    ERAS -> ERAS (81 provisions)
    ERGS -> ERGS (27 provisions)
    ERHS -> ERHS (211 provisions)
    ERTS -> ERTS (83 provisions)
    ES -> ES (52 provisions)
    ESS -> ESS (1082 provisions)
    ETKRS -> ETKRS (24 provisions)
    ETMS -> ETMS (6 provisions)
    ETS -> ETS (111 provisions)
    EVKS -> EVKS (60 provisions)
    EhSE -> EHS (845 provisions)
    ElamuS -> ES (52 provisions)
    ElatisAS -> ElatisAS (19 provisions)
    EnKS -> EnKS (428 provisions)
    ErS -> ErS (54 provisions)
    ErSS -> ErSS (133 provisions)
    EraKS -> EraKS (238 provisions)
    FELS -> FELS (902 provisions)
    FIS -> FIS (668 provisions)
    GMOVS -> GMOVS (205 provisions)
    GTKS -> GTKS (188 provisions)
    HKMS -> HALDUS (1308 provisions)
    HKTS -> HKTS (78 provisions)
    HLÜS -> HLUS (296 provisions)
    HMS -> haldusmenetluse_seadus (433 provisions)
    HasMMS -> HasMMS (32 provisions)
    HuviKS -> HuviKS (120 provisions)
    HÜS -> HUS (111 provisions)
    IKS -> ISIKUA (276 provisions)
    ITDS -> ITD (494 provisions)
    ITVS -> ITVS (36 provisions)
    InfoTS -> InfoTS (99 provisions)
    JAS -> JAS (223 provisions)
    JTS -> JTS (33 provisions)
    JäätS -> JaatS (1070 provisions)
    KAS -> KREDII_2 (1753 provisions)
    KASVS -> KASVS (44 provisions)
    KAVS -> KAITSE_3 (1443 provisions)
    KBFIS -> KBFIS (62 provisions)
    KDS -> KDS (71 provisions)
    KELS -> KELS (39 provisions)
    KGOS -> KGOS (48 provisions)
    KHaS -> KHaS (304 provisions)
    KLS -> KALAPU (552 provisions)
    KMS -> KMS (547 provisions)
    KNS -> kohanimeseadus (162 provisions)
    KOFS -> KOFS (313 provisions)
    KOKS -> KOKS (627 provisions)
    KOS -> KOS (30 provisions)
    KOVVS -> KOVVS (476 provisions)
    KRHMS -> KRHMS (31 provisions)
    KS -> KS (842 provisions)
    KVEKS -> KVEKS (129 provisions)
    KVS -> KORRUP (111 provisions)
    KaevS -> KaevS (36 provisions)
    KarRS -> KARIST (170 provisions)
    KarS -> KARIST_2_Osa1+KARIST_2_Osa2 (1906 provisions)
    KarSRS -> KarSRS (82 provisions)
    KasMS -> KasMS (334 provisions)
    KaubTS -> KaubTS (35 provisions)
    KaugKS -> KAUGKU (159 provisions)
    KeHJS -> KeHJS (401 provisions)
    KeJS -> KeJS (70 provisions)
    KeRS -> KeRS (61 provisions)
    KeVS -> KeVS (182 provisions)
    KeÜS -> KESKKO (347 provisions)
    KeÜSE -> KESKKO (347 provisions)
    KiKoS -> KiKoS (149 provisions)
    KindlTS -> KINDLU (1823 provisions)
    KoMS -> KoMS (63 provisions)
    KoPS -> KoPS (675 provisions)
    KodS -> KodS (231 provisions)
    KomPS -> KomPS (104 provisions)
    KorrS -> KORS (512 provisions)
    KrHS -> KrHS (151 provisions)
    KrMS -> KRIMIN_2 (3608 provisions)
    KrMSRS -> KrMSRS (66 provisions)
    KultKS -> KultKS (137 provisions)
    KultVS -> KultVS (85 provisions)
    KÜS -> korteriuhistuseadus (21 provisions)
    LKKS -> LKKS (31 provisions)
    LKOS -> LKOS (44 provisions)
    LKS -> LKS (628 provisions)
    LS -> LIIKLU_2 (2016 provisions)
    LTTS -> LTTS (81 provisions)
    LaevaRS -> LaevaRS (439 provisions)
    LasteKS -> LasteKS (206 provisions)
    LoKS -> LoKS (491 provisions)
    MEES -> MEES (10 provisions)
    MERAS -> MERA (728 provisions)
    MGS -> MGS (525 provisions)
    MHS -> MHS (83 provisions)
    MKS -> MKS (1181 provisions)
    MSOS -> MSOS (1285 provisions)
    MTKS -> MTKS (253 provisions)
    MTRS -> MTRS (34 provisions)
    MTS -> mereteenistuse_seadus (68 provisions)
    MTVS -> MTVS (332 provisions)
    MTÜS -> MTUS (458 provisions)
    MVS -> MVS (57 provisions)
    MaaKS -> MaaKS (188 provisions)
    MaaKatS -> MaaKatS (218 provisions)
    MaaRS -> MaaRS (363 provisions)
    MsÜS -> MSU (360 provisions)
    NETS -> NETS (248 provisions)
    NPALS -> NPALS (129 provisions)
    NPASe -> narkootiliste_ja_psuhhotroopsete_ainete_seadus (18 provisions)
    NRAPS -> NRAPS (18 provisions)
    NS -> NS (140 provisions)
    NotDVS -> NotDVS (90 provisions)
    NotS -> NotS (339 provisions)
    PGS -> POHIKO (635 provisions)
    PISTS -> PISTS (159 provisions)
    PKS -> PKS (813 provisions)
    PKTS -> PKTS (420 provisions)
    PPVS -> POLITS (911 provisions)
    PPVSE -> POLITS (911 provisions)
    PRS -> PRS (55 provisions)
    PS -> eesti_vabariigi_pohiseadus (492 provisions)
    PTS -> PTS (15 provisions)
    PakS -> PakS (316 provisions)
    PalS -> PalS (47 provisions)
    PankrS -> PankrS (1079 provisions)
    PatS -> PatS (462 provisions)
    PatVS -> PatVS (238 provisions)
    PlanS -> PLANEE_2 (817 provisions)
    ProkS -> ProkS (374 provisions)
    PsAS -> PsAS (113 provisions)
    PuhkS -> PuhkS (41 provisions)
    PäästeTS -> PaasteTS (194 provisions)
    PõLS -> PoLS (27 provisions)
    PõRS -> pollumajandusreformi_seadus (38 provisions)
    RAPS -> RAPS (12 provisions)
    RAS -> RAS (308 provisions)
    RELS -> RELS (42 provisions)
    REOS -> REOS_2 (50 provisions)
    RES -> REELS (423 provisions)
    REÕS -> REOS (226 provisions)
    RHS -> RIIGIH (1273 provisions)
    RHS_HÄDA -> HADAOL (398 provisions)
    RKPSS -> RKPSS (47 provisions)
    RKSKS -> RKSKS (49 provisions)
    RKSS -> RKSS (64 provisions)
    RKTS -> RKTS (27 provisions)
    RKVS -> RIIGIK_2 (536 provisions)
    RLS -> RIIGIL_2 (1692 provisions)
    ROS -> ROS (104 provisions)
    RPKS -> RPKS (434 provisions)
    RPTS -> RPTS (35 provisions)
    RRKS -> RRKS (39 provisions)
    RSKS -> RSKS (32 provisions)
    RSS -> RSS (41 provisions)
    RSVS -> RSS (41 provisions)
    RStS -> RStS (229 provisions)
    RTerS -> RTerS (23 provisions)
    RVMS -> RVMS (43 provisions)
    RVaS -> RVaS (83 provisions)
    RVastS -> RVastS (115 provisions)
    RaKS -> RaKS (539 provisions)
    RaRS -> RaRS (91 provisions)
    RaamatPS -> RAAMAT (313 provisions)
    RaamatS -> RaRS (91 provisions)
    RahaPTS -> RTRT (677 provisions)
    RahaS -> RahaS (8 provisions)
    RahvaS -> RAHVAH (325 provisions)
    RakKKS -> RakKKS (46 provisions)
    RanKS -> RanKS (24 provisions)
    RavS -> RavS (1008 provisions)
    RelvS -> RelvS (1251 provisions)
    ReprS -> ReprS (72 provisions)
    RingHS -> RingHS (66 provisions)
    RuumS -> RAS (308 provisions)
    RÕS -> ROS_2 (220 provisions)
    SAS -> SAS (402 provisions)
    SCEPS -> SCEPS (43 provisions)
    SEPS -> SEPS (114 provisions)
    SES -> SES (23 provisions)
    SETS -> SETS (23 provisions)
    SHKS -> SHKS (75 provisions)
    SHS -> SOTSIA (1034 provisions)
    SMMS -> SMS (122 provisions)
    SMS -> SMS (122 provisions)
    SOS -> SOS (56 provisions)
    SRKS -> SRKS (16 provisions)
    STS2004 -> STS2004_2006 (226 provisions)
    STS2004_2006 -> struktuuritoetuse_seadus (42 provisions)
    STS2007 -> STS2007_2013 (231 provisions)
    STS2014 -> STS2014_2020 (361 provisions)
    SVKS -> SVKS (43 provisions)
    SaasteTS -> SaasteTS (28 provisions)
    SoVS -> SoVS (74 provisions)
    SpS -> SpS (179 provisions)
    TAKS -> TAKS (30 provisions)
    TAS -> TAS (97 provisions)
    TDRS -> TDRS (26 provisions)
    TDVS -> TDVS (73 provisions)
    TFS -> TFS (642 provisions)
    THS -> THS (604 provisions)
    TKS -> Tolliseadus (320 provisions)
    TKindlS -> TKindlS (344 provisions)
    TLS -> TOOLEP (660 provisions)
    TMS -> TMS (1081 provisions)
    TNSS -> TNSS (14 provisions)
    TOAS -> TOAS (343 provisions)
    TPS -> TPS (31 provisions)
    TPSKS -> TPSKS (667 provisions)
    TPTS -> TTTS (51 provisions)
    TTKS -> TTKS (696 provisions)
    TTOS -> TTOS (357 provisions)
    TTTS -> TTTS (51 provisions)
    TTeOS -> toote_ja_teenuse_ohutuse_seadus (30 provisions)
    TaimKS -> TaimKS (514 provisions)
    TeeS -> TeeS (61 provisions)
    TeenMS -> TeenMS (238 provisions)
    TeleKS -> TeleKS (135 provisions)
    ToiduS -> ToiduS (387 provisions)
    TsK -> TsK (25 provisions)
    TsMS -> tsiviilkohtumenetluse_seadustik_Osa1+tsiviilkohtumenetluse_seadustik_Osa10+tsiviilkohtumenetluse_seadustik_Osa11+tsiviilkohtumenetluse_seadustik_Osa12+tsiviilkohtumenetluse_seadustik_Osa13+tsiviilkohtumenetluse_seadustik_Osa14+tsiviilkohtumenetluse_seadustik_Osa2+tsiviilkohtumenetluse_seadustik_Osa3+tsiviilkohtumenetluse_seadustik_Osa4+tsiviilkohtumenetluse_seadustik_Osa5+tsiviilkohtumenetluse_seadustik_Osa6+tsiviilkohtumenetluse_seadustik_Osa7 (3476 provisions)
    TsÜS -> TsUS_Osa2+TsUS_Osa4+TsUS_Osa7 (504 provisions)
    TuKS -> TuKS (87 provisions)
    TuMS -> TULUMA (697 provisions)
    TurS -> TurS (163 provisions)
    TurvaS -> TurvaS (65 provisions)
    TÕAS -> TOAS (343 provisions)
    TÜKS -> TUKS (103 provisions)
    TÜS -> TUS (418 provisions)
    TõS -> ToS (239 provisions)
    VHS -> VHS (12 provisions)
    VKS -> VKS (294 provisions)
    VKTS -> VKT (172 provisions)
    VKVS -> VKVS (188 provisions)
    VMS -> VALISM (1566 provisions)
    VMTS -> VMTS (135 provisions)
    VPTKS -> VPTKS (103 provisions)
    VPTS -> VPTS (2254 provisions)
    VPVS -> VPVS (119 provisions)
    VSS -> VSS (666 provisions)
    VSaarS -> VSaarS (68 provisions)
    VTMS -> VTMS (1041 provisions)
    VeeS -> VEE (1290 provisions)
    VetKS -> VetKS (60 provisions)
    VÕKS -> valisohu_kaitse_seadus (151 provisions)
    VÕS -> volaoigusseadus_Osa1+volaoigusseadus_Osa10+volaoigusseadus_Osa2+volaoigusseadus_Osa3+volaoigusseadus_Osa4+volaoigusseadus_Osa5+volaoigusseadus_Osa7+volaoigusseadus_Osa8+volaoigusseadus_Osa9 (4528 provisions)
    VÕVS -> VOVS (43 provisions)
    VäetS -> VaetS (143 provisions)
    VõrdKS -> VordKS (96 provisions)
    ÄRS -> ARS (267 provisions)
    ÄS -> ariseadustik (2474 provisions)
    ÕÕS -> OOS (209 provisions)
    ÜKS -> ulikooliseadus (74 provisions)
    ÜLTS -> ULTS (24 provisions)
    ÜTS -> UHISTR (466 provisions)
    ÜVLS -> UVLS (122 provisions)
    ÜVVKS -> UHISVE (357 provisions)

[4/6] Building KOV act index...
  KOV acts in index: 11534 (collisions excluded: 152); known issuers: 357

[5/6] Processing court decision files...
  riigikohus_1993_peep.json: 13 decisions, 12 with citations, 35 resolved
  riigikohus_1994_peep.json: 287 decisions, 128 with citations, 172 resolved
  riigikohus_1995_peep.json: 373 decisions, 140 with citations, 243 resolved
  riigikohus_1996_peep.json: 438 decisions, 169 with citations, 347 resolved
  riigikohus_1997_peep.json: 387 decisions, 169 with citations, 454 resolved
  riigikohus_1998_peep.json: 374 decisions, 186 with citations, 668 resolved
  riigikohus_1999_peep.json: 326 decisions, 182 with citations, 888 resolved
  riigikohus_2000_peep.json: 367 decisions, 240 with citations, 1310 resolved
  riigikohus_2001_peep.json: 422 decisions, 280 with citations, 1564 resolved
  riigikohus_2002_peep.json: 406 decisions, 293 with citations, 1694 resolved
  riigikohus_2003_peep.json: 427 decisions, 357 with citations, 2301 resolved
  riigikohus_2004_peep.json: 425 decisions, 355 with citations, 2776 resolved
  riigikohus_2005_peep.json: 468 decisions, 387 with citations, 3184 resolved
  riigikohus_2006_peep.json: 397 decisions, 327 with citations, 3194 resolved
  riigikohus_2007_peep.json: 389 decisions, 319 with citations, 3578 resolved
  riigikohus_2008_peep.json: 349 decisions, 288 with citations, 3894 resolved
  riigikohus_2009_peep.json: 468 decisions, 393 with citations, 4879 resolved
  riigikohus_2010_peep.json: 394 decisions, 350 with citations, 4497 resolved
  riigikohus_2011_peep.json: 460 decisions, 408 with citations, 6723 resolved
  riigikohus_2012_peep.json: 427 decisions, 375 with citations, 6014 resolved
  riigikohus_2013_peep.json: 486 decisions, 434 with citations, 6525 resolved
  riigikohus_2014_peep.json: 445 decisions, 403 with citations, 6127 resolved
  riigikohus_2015_peep.json: 455 decisions, 398 with citations, 5902 resolved
  riigikohus_2016_peep.json: 380 decisions, 328 with citations, 4923 resolved
  riigikohus_2017_peep.json: 445 decisions, 415 with citations, 6094 resolved
  riigikohus_2018_peep.json: 312 decisions, 304 with citations, 4630 resolved
  riigikohus_2019_peep.json: 351 decisions, 335 with citations, 4977 resolved
  riigikohus_2020_peep.json: 281 decisions, 274 with citations, 4022 resolved
  riigikohus_2021_peep.json: 282 decisions, 282 with citations, 4149 resolved
  riigikohus_2022_peep.json: 226 decisions, 225 with citations, 3667 resolved
  riigikohus_2023_peep.json: 276 decisions, 273 with citations, 3828 resolved
  riigikohus_2024_peep.json: 251 decisions, 246 with citations, 3699 resolved
  riigikohus_2025_peep.json: 276 decisions, 259 with citations, 3396 resolved
  riigikohus_2026_peep.json: 41 decisions, 40 with citations, 642 resolved

[6/6] Applying estleg:interpretedBy to target files...
  15565 targets referenced by court decisions
  110996 total court-target inverse links
  Updated 268 target files with interpretedBy links

KOV act citation summary:
  KOV citations matched (raw):       502
  KOV citations resolved (raw):      76
  KOV unique emitted arcs:           49
  KOV citations unresolved:          410
  KOV citations ambiguous-key:       9
  KOV citations unknown-issuer:      7
  RT IV-form citations seen:         13

--- Generating report ---
  Saved: court_provision_links_report.json
  KOV coverage report: /Users/henrikaavik/progemoge/estleg-w3id/krr_outputs/reports/kov/court_provision_links_coverage.json

======================================================================
SUMMARY
======================================================================
  Court files processed:          34
  Decisions scanned:              12104
  Decisions with citations:       9574
  Citations found:                221011
  Citations resolved (total):     110996
  → state-law provisions:         110947
  → KOV acts (NEW):               49
  Targets with interpretedBy:     15565
  Target files updated:           268
  Report:                         /Users/henrikaavik/progemoge/estleg-w3id/krr_outputs/reports/court_provision_links_report.json
  KOV coverage:                   /Users/henrikaavik/progemoge/estleg-w3id/krr_outputs/reports/kov/court_provision_links_coverage.json
======================================================================
