# extract_draft_impact.py started 2026-10-09T14:44:37.418912+00:00
======================================================================
Estonian Legal Ontology - Draft Legislation Impact Analysis
======================================================================

[1/5] Loading law index...
  Laws in index: 1127
  Lookup entries: 2141
  Building ontology IRI map from law files...
  Ontology IRIs found: 5091

[2/5] Loading draft legislation...
  Draft nodes: 22832

[2b/5] Clearing stale draft impact links...
  Clearing done.

[3/5] Resolving affected laws and classifying change types...
  Resolved: 3268
  Unresolved: 309
  Updated: eelnoud_combined.jsonld
  Peep files synced: 3

[4/5] Adding estleg:affectedBy to 426 law files...
  Law files updated: 426

[5/5] Generating report...
  Saved: draft_impact_report.json

======================================================================
SUMMARY
======================================================================
  Drafts processed:          22832
  Affected laws resolved:    3268
  Unresolved names:          309
  Law-naming drafts:         2852
  Law-naming resolved:       2654 (93.1%)
  Law files with inverse:    426

  Change types:
    amends                8647
    enacts                501
    repeals               224
    supplements           110

  Most-affected laws:
    tulumaksuseadus_peep.json                                168 drafts
    riigiloivuseadus_peep.json                               101 drafts
    kaibemaksuseadus_peep.json                               75 drafts
    karistusseadustik_map_peep.json                          68 drafts
    karistusseadustik_osa1_peep.json                         68 drafts
======================================================================
