# extract_legal_concepts.py started 2026-10-09T14:24:40.356632+00:00
======================================================================
Estonian Legal Ontology - Extract Legal Concepts
======================================================================

[1/5] Loading peep JSON-LD files...
  Found 16938 peep files
  Indexed 11845 KOV peep files
WARN: duplicate globalId 109072026028 in karistusseadustik__tid162500.xml and provision_versions/karistusseadustik__g109072026028.xml; keeping first
WARN: duplicate globalId 109072026046 in ohvriabi_seadus__tid1055674.xml and provision_versions/ohvriabi_seadus__g109072026046.xml; keeping first
WARN: duplicate globalId 130062026033 in provision_versions/tervishoiuteenuse_osutaja_kohustusliku_vastutuskindlustuse_seadus__g130062026033.xml and tervishoiuteenuse_osutaja_kohustusliku_vastutuskindlustuse_seadus__tid1054002.xml; keeping first
WARN: duplicate globalId 109072026065 in provision_versions/turvategevuse_seadus__g109072026065.xml and turvategevuse_seadus__tid1056042.xml; keeping first
WARN: duplicate globalId 111072026100 in provision_versions/valisinvesteeringu_usaldusvaarsuse_hindamise_seadus__g111072026100.xml and valisinvesteeringu_usaldusvaarsuse_hindamise_seadus__tid1055952.xml; keeping first
WARN: duplicate globalId 130062026102 in provision_versions/valismaalasele_rahvusvahelise_kaitse_andmise_seadus__g130062026102.xml and valismaalasele_rahvusvahelise_kaitse_andmise_seadus__tid1063588.xml; keeping first
  Indexed 15946 XML files by globalId

[2/5] Extracting defined terms from XML files...
  Alkoholiseadus: 3 defined terms
  Atmosfääriõhu kaitse seadus: 5 defined terms
  Eestit okupeerinud riikide julgeolekuorganite või relvajõudude luure- või vastuluureorganite teenistuses olnud või nendega koostööd teinud isikute arvelevõtmise ja avalikustamise korra seadus: 6 defined terms
  Ekspordi riikliku tagamise seadus: 6 defined terms
  Elektrituruseadus: 40 defined terms
  Elektroonilise side seadus: 12 defined terms
  Energiamajanduse korralduse seadus: 30 defined terms
  Ettevõtluse toetamise ja laenude riikliku tagamise seadus: 4 defined terms
  Euroopa Liidu liikmesriigist ebaseaduslikult väljaviidud kultuuriväärtuste tagastamise seadus: 4 defined terms
  Euroopa patentide väljaandmise konventsiooni ning Euroopa Parlamendi ja nõukogu määruse (EL) nr 1257/2012 kohaldamise seadus: 15 defined terms
  Geneetiliselt muundatud mikroorganismide suletud keskkonnas kasutamise seadus: 8 defined terms
  Jäätmeseadus: 10 defined terms
  Keskkonnatasude seadus: 6 defined terms
  Kohaliku omavalitsuse üksuse finantsjuhtimise seadus: 9 defined terms
  Krediidiasutuste seadus: 3 defined terms
  Küberturvalisuse seadus: 38 defined terms
  Kutseseadus: 5 defined terms
  Lõhkematerjaliseadus: 8 defined terms
  Maakatastriseadus: 10 defined terms
  Meresõiduohutuse seadus: 43 defined terms
  Metsaseadus: 3 defined terms
  Nakkushaiguste ennetamise ja tõrje seadus: 10 defined terms
  Narkootiliste ja psühhotroopsete ainete ning nende lähteainete seadus: 7 defined terms
  Noorsootöö seadus: 8 defined terms
  Õppetoetuste ja õppelaenu seadus: 5 defined terms
  Pakendiaktsiisi seadus: 7 defined terms
  Pakendiseadus: 16 defined terms
  Perekonnaseisutoimingute seadus: 3 defined terms
  Perioodi 2021–2027 Euroopa Liidu ühtekuuluvus- ja siseturvalisuspoliitika fondide rakendamise seadus: 7 defined terms
  Pornograafilise sisuga ja vägivalda või julmust propageerivate teoste leviku reguleerimise seadus: 4 defined terms
  Psühhiaatrilise abi seadus: 5 defined terms
  Püsiasustusega väikesaarte seadus: 5 defined terms
  Puuetega inimeste sotsiaaltoetuste seadus: 3 defined terms
  Raamatupidamise seadus: 19 defined terms
  Rahapesu ja terrorismi rahastamise tõkestamise seadus: 6 defined terms
  Rahvusvahelisel tsiviilmissioonil osalemise seadus: 12 defined terms
  Alutaguse valla aadresstähiste nõuded: 8 defined terms
  Alutaguse valla raamatupidamise sise-eeskiri: 15 defined terms
  Alutaguse valla reovee kohtkäitluse ja äraveo eeskiri: 13 defined terms
  Alutaguse Vallavalitsuse teenistujate koolituse põhimõtted ja kord: 6 defined terms
  Alutaguse valla elamumajanduse ümberkorraldamine tühjenevate korterelamute osas: 10 defined terms
  Alutaguse valla heakorraeeskiri: 10 defined terms
  Alutaguse valla kalmistute kasutamise eeskiri: 5 defined terms
  Alutaguse valla koerte ja kasside pidamise eeskiri: 10 defined terms
  Alutaguse valla supelrandade kasutamise ja hooldamise kord: 5 defined terms
  Alutaguse valla ühisveevärgi ja kanalisatsiooni kasutamise eeskiri: 12 defined terms
  Alutaguse valla ühisveevärgi ja -kanalisatsiooniga liitumise eeskiri: 22 defined terms
  Alutaguse vallas kompaktse asustusega aladel üksikpuude raiumiseks loa andmise tingimused ja kord: 6 defined terms
  Huvihariduse ja huvitegevuse toetamise kord: 4 defined terms
  Kaubanduse korraldamise nõuded ja kord Alutaguse vallas: 6 defined terms
  Puuetega inimeste eluaseme füüsilise kohandamise toetuse andmise tingimused ja kord: 7 defined terms
  Sporditegevuse toetamise kord Alutaguse vallas: 5 defined terms
  Anija valla finantsjuhtimise kord: 5 defined terms
  Anija valla heakorra eeskiri: 17 defined terms
  Anija valla kalmistute registri põhimäärus: 7 defined terms
  Anija valla raietööde eeskiri: 5 defined terms
  Anija valla reovee kohtkäitluse ja äraveo eeskiri: 13 defined terms
  Anija valla ühisveevärgi ja -kanalisatsiooniga liitumise ning kasutamise eeskiri: 26 defined terms
  Anija Vallavalitsuse teenistujate ja hallatavate asutuste töötajate palgajuhend: 8 defined terms
  Tänava- ja turukaubanduse korraldamise nõuded ja kord Anija vallas: 6 defined terms
  Välireklaami paigaldamise eeskiri: 8 defined terms
  Antsla valla reovee kohtkäitluse ja äraveo eeskiri: 21 defined terms
  Antsla valla tiheasustusalal üksikpuude raieloa andmise tingimused ja kord: 7 defined terms
  Antsla valla eelarvest mittetulundustegevuseks toetuste andmise kord: 6 defined terms
  Antsla valla heakorraeeskiri: 9 defined terms
  Antsla Vallavalitsuse palgajuhend: 4 defined terms
  Eratee avalikes huvides omandamise ja avalikuks kasutamiseks määramise kord: 5 defined terms
  Huvihariduse ja huvitegevuse toetamise kord: 6 defined terms
  Kagu-Eesti spetsialistide eluasemete toetusmeetmes osalemise tingimused: 5 defined terms
  Kalmistute kasutamise eeskiri: 6 defined terms
  Rahvaküsitluse korraldamise kord: 4 defined terms
  Aseri valla ühisveevärgi ja -kanalisatsiooniga liitumise ja kasutamise eeskiri: 23 defined terms
  Erahuvikoolide toetamise kord: 5 defined terms
  Elva valla kalmistu andmekogu asutamine ja andmekogu põhimäärus: 7 defined terms
  Elva valla ühisveevärgi ja -kanalisatsiooni kasutamise eeskiri: 34 defined terms
  Elva valla ühisveevärgi ja -kanalisatsiooniga liitumise eeskiri: 33 defined terms
  Elva Vallavalitsuse palgajuhend: 6 defined terms
  Kalmistu kasutamise eeskiri: 6 defined terms
  Raieloa andmise tingimused ja kord Elva vallas: 7 defined terms
  Häädemeeste valla kalmistute registri põhimäärus: 9 defined terms
  Avalikult kasutataval maa-alal kaubanduse korraldamise nõuded ja kord: 4 defined terms
  Häädemeeste valla kalmistute kasutamise eeskiri: 8 defined terms
  Häädemeeste valla koerte, kasside ja teiste lemmikloomade pidamise eeskiri: 11 defined terms
  Häädemeeste valla reovee kohtkäitluse ja äraveo eeskiri: 13 defined terms
  Häädemeeste valla ühisveevärgi ja -kanalisatsiooniga liitumise eeskiri: 22 defined terms
  Isikliku abistaja teenuse osutamise kord: 5 defined terms
  Koduteenuse osutamise kord: 12 defined terms
  Täisealisele isikule hoolduse seadmise, hooldaja määramise ja hooldajatoetuse maksmise kord Haapsalu linnas: 5 defined terms
  Tugiisikuteenuse osutamise kord: 5 defined terms
  Väljaspool kodu osutatava üldhooldusteenuse kord: 11 defined terms
  Asumi ja külavanema statuut: 3 defined terms
  Haapsalu linna hajaasustuspiirkonna teede talihoolduse teostamise kord: 10 defined terms
  Haapsalu linna kalmistute kasutamise eeskiri: 14 defined terms
  Haapsalu linna reovee kohtkäitluse ja äraveo eeskiri: 18 defined terms
  Haapsalu linna ühisveevärgi ja -kanalisatsiooni kasutamise eeskiri: 10 defined terms
  Haapsalu linna ühisveevärgi ja -kanalisatsiooniga liitumise eeskiri: 22 defined terms
  Kalmistute andmekogu põhimäärus: 7 defined terms
  Kogukonna ja elukeskkonna arendamiseks toetuste andmise kord: 8 defined terms
  Puude raie kord Haapsalu linnas: 5 defined terms
  Sotsiaaltoetuste määramise ja maksmise kord: 6 defined terms
  Haljala valla teede ja tänavate sulgemise kord: 7 defined terms
  Haljala Vallavalitsuse raamatupidamise sise-eeskiri: 10 defined terms
  Haljala valla heakorraeeskiri: 7 defined terms
  Haljala valla koerte ja kasside pidamise eeskiri: 6 defined terms
  Haljala valla ühisveevärgi ja -kanalisatsiooni kasutamise eeskiri: 12 defined terms
  Haljala valla ühisveevärgi ja -kanalisatsiooniga liitumise eeskiri: 22 defined terms
  Reovee kohtkäitluse ja äraveo eeskiri: 12 defined terms
  Võsu ranna kasutamise ja hooldamise kord: 5 defined terms
  Hanila valla koerte ja kasside pidamise eeskiri: 8 defined terms
  Reklaamimaksu kehtestamine Hanila vallas: 10 defined terms
  Harku Vallavalitsuse teenistujate koolituste ja arengu toetamise kord: 5 defined terms
  Supelranna kasutamise ja hooldamise kord: 3 defined terms
  Harku valla ametiasutuste ja palgaliste vallavalitsuse liikmete palgajuhend: 16 defined terms
  Harku valla reovee kohtkäitluse ja äraveo eeskiri: 16 defined terms
  Harku valla ühisveevärgi ja -kanalisatsiooni liitumise ning kasutamise eeskiri: 38 defined terms
  Kalmistu kasutamise eeskiri: 14 defined terms
  Puude raiumiseks loa andmise kord Harku vallas: 10 defined terms
  Reklaamimaksu kehtestamise kord: 11 defined terms
  Välireklaami paigaldamise eeskiri: 8 defined terms
  Hiiumaa vallas tiheasustusalal puu raiumiseks loa andmise tingimused ja kord: 5 defined terms
  Hiiumaa valla ametiasutuste ja nende hallatavate asutuste palgajuhend: 11 defined terms
  Hiiumaa valla finantsjuhtimise kord: 5 defined terms
  Hiiumaa valla haridusregistri põhimäärus: 5 defined terms
  Hiiumaa valla heakorra eeskiri: 10 defined terms
  Hiiumaa valla kalmistute andmekogu põhimäärus: 6 defined terms
  Hiiumaa valla kõrgharidusega noorele spetsialistile toetuse maksmise kord: 7 defined terms
  Hiiumaa valla ühisveevärgi ja -kanalisatsiooniga liitumise ja kasutamise eeskiri: 30 defined terms
  Koerte ja kasside pidamise eeskiri Hiiumaa vallas: 4 defined terms
  Reovee kohtkäitluse ja äraveo eeskiri Hiiumaa vallas: 7 defined terms
  Hummuli valla ühisveevärgi ja -kanalisatsiooni kasutamise eeskiri: 13 defined terms
  Avalikult kasutataval maa-alal kaubanduse korraldamise nõuded ja kord: 7 defined terms
  Järva valla finantsjuhtimise kord: 3 defined terms
  Järva valla kaevetööde eeskiri: 7 defined terms
  Järva valla kalmistute kasutamise eeskiri: 11 defined terms
  Järva valla reovee kohtkäitluse ja äraveo eeskiri: 17 defined terms
  Järva valla ühisveevärgi ja -kanalisatsiooniga liitumise ja kasutamise eeskiri: 35 defined terms
  Järva Vallavalitsuse palgajuhend: 5 defined terms
  Jõelähtme valla reovee kohtkäitluse ja äraveo eeskiri: 9 defined terms
  Teenuste hinnakirja kehtestamise kord: 3 defined terms
  Detailplaneeringukohaste ja planeeringulahenduse elluviimiseks otseselt vajalike ning sellega funktsionaalselt seotud ehitiste väljaehitamise ja väljaehitamisega seotud kulude kandmise kord: 6 defined terms
  Hoolduse seadmise, hooldaja määramise ja hooldajatoetuse maksmise kord: 4 defined terms
  Jõelähtme valla eelarvest lastele ja noortele huvi- ja sporditegevuse ning laagri osalustasu toetuse eraldamise kord: 3 defined terms
  Jõelähtme valla ehitusmäärus: 16 defined terms
  Jõelähtme valla heakorraeeskiri: 7 defined terms
  Jõelähtme valla jäätmehoolduseeskiri: 23 defined terms
  Jõelähtme valla kalmistute kasutamise eeskiri: 11 defined terms
  Jõelähtme valla koerte ja kasside pidamise eeskiri: 11 defined terms
  Jõelähtme valla lasteaedades osalustasu määr ja tasumise kord: 3 defined terms
  Jõelähtme valla poolt aktsiaseltsi, osaühingu, sihtasutuse ja mittetulundusühingu asutamise ja nendes osalemise kord: 7 defined terms
  Jõelähtme Vallavalitsuse palgajuhend: 14 defined terms
  Õpilaste sõidusoodustuse määramise ja sõidukulutuste hüvitamise kord Jõelähtme vallas: 7 defined terms
  Raieloa väljaandmise tingimused ja kord: 6 defined terms
  Toimetulekut soodustavate sotsiaaltoetuste maksmise kord: 4 defined terms
  Välireklaami paigaldamise eeskirja ning reklaamimaksu kehtestamine Jõelähtme vallas: 15 defined terms
  Jõgeva Vallavalitsuse hallatavate asutuste palgajuhend: 4 defined terms
  Jõgeva Vallavalitsuse raamatupidamise sise-eeskiri: 13 defined terms
  Jõgeva valla ametiasutuste palgajuhend: 8 defined terms
  Jõgeva valla kaevetööde eeskiri: 5 defined terms
  Jõgeva valla ühisveevärgi ja -kanalisatsiooniga liitumise eeskiri: 5 defined terms
  Reovee kohtkäitluse ja äraveo eeskiri: 4 defined terms
  Välireklaami paigaldamine Jõgeva vallas: 15 defined terms
  Jõhvi valla infoturvapoliitika: 17 defined terms
  Jõhvi Vallavalitsuse teenistujate koolituse põhimõtted ja kord: 7 defined terms
  Avalikult kasutataval maa-alal kaubanduse korraldamise nõuded ja kord: 8 defined terms
  Jõhvi valla hankekord: 14 defined terms
  Jõhvi valla heakorraeeskiri: 7 defined terms
  Jõhvi valla kalmistu kasutamise eeskiri: 11 defined terms
  Jõhvi valla reovee kohtkäitluse ja äraveo eeskiri: 11 defined terms
  Jõhvi valla sisekontrolli rakendamise kord: 8 defined terms
  Jõhvi valla ühisveevärgi ja -kanalisatsiooni kasutamise eeskiri: 35 defined terms
  Jõhvi valla ühisveevärgi ja -kanalisatsiooniga liitumise eeskiri: 15 defined terms
  Jõhvi Vallavalitsuse palgajuhend: 6 defined terms
  Jõhvi vallavara valitsemise kord: 8 defined terms
  Kaevetöö eeskiri Jõhvi vallas: 8 defined terms
  Kultuuritegevuse ja kohaliku omaalgatuse toetamise kord: 5 defined terms
  Rahvaküsitluse korraldamise kord Jõhvi vallas: 3 defined terms
  Reklaamimaksu kehtestamine: 12 defined terms
  Sporditegevuse toetamise kord: 7 defined terms
  Üksikpuude raie loa andmise tingimused ja kord Jõhvi vallas: 5 defined terms
  Juuru valla kalmistute kasutamise eeskiri: 6 defined terms
  Kadrina Lasteaed Sipsik põhimäärus: 3 defined terms
  Kadrina valla finantsjuhtimise kord: 4 defined terms
  Kadrina valla õpilastele tasuta sõidukaartide väljastamise, koolitranspordi kasutamise ja koolisõidukulude hüvitamise kord: 6 defined terms
  Kadrina valla reovee kohtkäitluse ja äraveo eeskiri: 13 defined terms
  Kadrina valla ühisveevärgi ja -kanalisatsiooniga liitumise eeskiri: 5 defined terms
  Eratee avalikes huvides omandamise ja avalikuks kasutamiseks määramise kord: 4 defined terms
  Huvihariduse ja huvitegevuse toetamine: 6 defined terms
  Kambja valla eelarve koostamise, vastuvõtmise ja täitmise ning finantsjuhtimise kord: 5 defined terms
  Kambja Vallavalitsuse palgajuhend: 10 defined terms
  Kaubanduse korraldamine avalikult kasutataval maa-alal: 7 defined terms
  Reovee kohtkäitluse ja äraveo eeskiri: 13 defined terms
  Tiheasustusalal üksikpuude raiumiseks loa andmise tingimused ja kord: 8 defined terms
  Ühisveevärgi ja -kanalisatsiooniga liitumise ja nende kasutamise eeskiri: 27 defined terms
  Välireklaami paigaldamise eeskiri ja reklaamimaks: 11 defined terms
  Kanepi valla reovee kohtkäitluse ja äraveo eeskiri: 11 defined terms
  Erateede avalikuks kasutamiseks määramise kord: 7 defined terms
  Kagu-Eesti spetsialistide eluasemete toetusmeede: 6 defined terms
  Kanepi valla heakorraeeskiri: 5 defined terms
  Kanepi valla kalmistute kasutamise eeskiri: 5 defined terms
  Eralasteaedade ja erahoidude rahastamise kord: 3 defined terms
  Kastre valla heakorraeeskiri: 11 defined terms
  Kastre valla rajatiste väljaehitamise ja väljaehitamisega seotud kulude kandmise kokkuleppimise kord: 6 defined terms
  Kastre valla reovee kohtkäitluse ja äraveo eeskiri: 13 defined terms
  Kastre valla ühisveevärgi ja -kanalisatsiooniga liitumise eeskiri: 5 defined terms
  Kastre Vallavalitsuse ametiasutuse palgajuhend: 7 defined terms
  Kastre Vallavalitsuse hallatavate asutuste palgakorralduse põhimõtted, palgamäärad ja tingimused: 8 defined terms
  Kehtna valla infoturvapoliitika: 5 defined terms
  Kehtna valla raamatupidamise sise-eeskiri: 8 defined terms
  Huvihariduses ja huvitegevuses osalemise toetamise kord: 6 defined terms
  Kehtna valla finantsjuhtimise kord: 6 defined terms
  Kehtna valla ühisveevärgi ja -kanalisatsiooniga liitumise eeskiri: 18 defined terms
  Reovee kohtkäitluse ja äraveo eeskiri: 10 defined terms
  Keila linna huvitegevuse registri põhimäärus: 4 defined terms
  Keila linna lasteaeda vastuvõtmise ja sealt väljaarvamise kord: 7 defined terms
  Avalikult kasutataval maa-alal kaubanduse korraldamise nõuded ja kord: 3 defined terms
  Eralastehoiu ja eralasteaia toetamise tingimused ja kord: 6 defined terms
  Keila Linnavalitsuse (asutusena) struktuur, teenistuskohtade koosseis ja teenistujate palgajuhend: 5 defined terms
  Osalustasu kehtestamine Keila linna lasteaedades: 3 defined terms
  Puuetega inimeste eluaseme füüsilise kohandamise teenuse taotlemise ja määramise kord: 4 defined terms
  Reklaami paigaldamine ja reklaamimaksu kehtestamine Keila linnas: 14 defined terms
  Reovee kohtkäitluse ja äraveo eeskiri: 4 defined terms
  Kihelkonna valla ühisveevärgi ja -kanalisatsiooniga liitumise eeskiri: 35 defined terms
  Kaubanduse korraldamise nõuded ja kord avalikult kasutataval maa-alal: 6 defined terms
  Kihnu valla veevärgi ja kanalisatsiooni kasutamise eeskiri: 21 defined terms
  Kihnu vallavalitsuse palgajuhend: 11 defined terms
  Reovee kohtkäitluse ja äraveo eeskiri: 9 defined terms
  Kaugkütte piirkonna määramise, võrguga liitumise ja võrgust eraldumise tingimuste, soojuse piirhinna kehtestamise ning soojusettevõtja arendustegevuse kord: 13 defined terms
  Kiili valla heakorraeeskiri: 9 defined terms
  Kiili valla jäätmehoolduseeskiri: 7 defined terms
  Kiili valla koerte, kasside ja teiste lemmikloomade pidamise eeskiri: 5 defined terms
  Kiili valla ühisveevärgi ja -kanalisatsiooni kasutamise eeskiri: 25 defined terms
  Kiili Vallavalitsuse palgajuhend: 16 defined terms
  Reklaami paigaldamine ja reklaamimaksu kehtestamine Kiili vallas: 17 defined terms
  Reovee kohtkäitluse ja äraveo eeskiri Kiili vallas: 5 defined terms
  Üksikpuu raieloa väljaandmise tingimused ja kord: 5 defined terms
  Kohila valla raamatupidamise sise-eeskiri: 8 defined terms
  Puude raieloa andmise kord: 11 defined terms
  Kohila valla kalmistute kasutamise eeskiri: 9 defined terms
  Kohila valla lemmikloomade pidamise eeskiri: 8 defined terms
  Kohila valla reovee kohtkäitluse ja äraveo eeskiri: 17 defined terms
  Kohila valla sporditegevuse toetamise kord: 4 defined terms
  Kohila valla ühisveevärgi ja -kanalisatsiooni kasutamise eeskiri: 25 defined terms
  Kohila valla ühisveevärgi ja -kanalisatsiooniga liitumise eeskiri: 5 defined terms
  Kohila vallas välireklaami paigaldamise eeskiri: 6 defined terms
  Kohila Vallavalitsuse palgajuhend: 14 defined terms
  Avalikult kasutataval maa-alal kaubanduse korraldamise nõuded ja kord: 13 defined terms
  Elamumajanduse ümberkorraldamise ja asenduskorteri omandamise kompensatsiooni andmise tingimused ja kord: 10 defined terms
  Kaugküttepiirkonna kehtestamine: 17 defined terms
  Koerte ja kasside pidamise eeskiri: 8 defined terms
  Kohtla-Järve linna eelarvest eraõiguslikele spordiklubidele ja spordikoolidele toetuste andmise kord: 4 defined terms
  Kohtla-Järve linna eraõiguslikes juriidilistes isikutes osalemise tingimused ja kord: 6 defined terms
  Kohtla-Järve linna kaevetööde eeskiri: 9 defined terms
  Kohtla-Järve linna korraldatavate elutähtsate teenuste kirjeldus ja toimepidevuse nõuded: 11 defined terms
  Kohtla-Järve linna reovee kohtkäitluse ja äraveo eeskiri: 9 defined terms
  Kohtla-Järve Linnavalitsuse palgajuhend: 17 defined terms
  Korteriühistutele toetuste andmise kord: 9 defined terms
  Projektides osalemise kord: 17 defined terms
  Puu raieloa andmise tingimused ja kord: 3 defined terms
  Kose valla ametiasutuse palgajuhend: 11 defined terms
  Kose valla eelarve ja lisaeelarve koostamise, vastuvõtmise ja täitmise kord: 3 defined terms
  Kose valla heakorra eeskiri: 11 defined terms
  Kose valla kaevetööde eeskiri: 6 defined terms
  Kose valla koerte ja kasside pidamise eeskiri: 6 defined terms
  Kose valla reovee kohtkäitluse ja äraveo eeskiri: 16 defined terms
  Õpilaste transpordi korraldamine ja sõidukulude hüvitamise kord: 3 defined terms
  Puude raieloa andmise kord Kose vallas: 6 defined terms
  Reklaami paigaldamine ja reklaamimaksu kehtestamine Kose vallas: 12 defined terms
  Ühisveevärgi ja -kanalisatsiooni kasutamise eeskiri Kunda linnas: 22 defined terms
  Kuressaare linna ühisveevärgi ja -kanalisatsiooniga liitumise eeskiri: 35 defined terms
  Supelranna kasutamise ja hooldamise kord: 3 defined terms
  Kuusalu valla reovee kohtkäitlemise ja äraveo eeskiri: 17 defined terms
  Kuusalu valla tiheasustusaladel raieloa väljaandmise kord: 6 defined terms
  Kuusalu valla ühisveevärgi ja -kanalisatsiooni kasutamise eeskiri: 30 defined terms
  Kuusalu valla ühisveevärgi ja -kanalisatsiooniga liitumise eeskiri: 30 defined terms
  Kuusalu Vallavalitsuse palgajuhend: 12 defined terms
  Sotsiaaltoetuste taotlemise, määramise ja maksmise kord: 13 defined terms
  Spordi treeningrühmade toetamise kord: 3 defined terms
  Lääne-Harju Vallavalitsuse infoturbepoliitika: 12 defined terms
  Avalikult kasutataval maa-alal kaubanduse korraldamise nõuded ja kord: 4 defined terms
  Koerte ja kasside pidamise eeskiri Lääne-Harju vallas: 8 defined terms
  Lääne-Harju valla heakorraeeskiri: 13 defined terms
  Lääne-Harju valla kalmistute registri põhimäärus: 9 defined terms
  Lääne-Harju valla mittetulundustegevuse toetamise kord: 4 defined terms
  Lääne-Harju valla noorte huvitegevuse toetamise kord: 4 defined terms
  Lääne-Harju valla ühisveevärgi ja -kanalisatsiooni liitumise ning kasutamise eeskiri: 54 defined terms
  Puuetega inimeste eluaseme füüsilise kohandamise teenuse taotlemise ja määramise kord: 4 defined terms
  Rongisõidul soodustuse saamise kord: 7 defined terms
  Jälgimisseadmestiku paigaldamise, kasutamise ning andmete töötlemise ja jälgimisseadmestikust avalikkuse teavitamise kord: 4 defined terms
  Lääne-Nigula valla kalmistute registri põhimäärus: 9 defined terms
  Lääne-Nigula valla eelarve koostamise, täitmise ja finantsjuhtimise kord: 4 defined terms
  Lääne-Nigula valla reovee kohtkäitluse ja äraveo eeskiri: 13 defined terms
  Lääne-Nigula valla teehoiu eeskiri: 3 defined terms
  Lääne-Nigula valla ühisveevärgi ja -kanalisatsiooni kasutamise eeskiri: 28 defined terms
  Lääne-Nigula valla ühisveevärgi ja -kanalisatsiooniga liitumise eeskiri: 25 defined terms
  Lääne-Nigula Vallavalitsuse palgajuhend: 10 defined terms
  Puudega isikule hoolduse seadmise, hooldaja määramise ja hooldajatoetuse maksmise kord: 6 defined terms
  Puuetega inimeste eluaseme füüsilise kohandamise kord: 7 defined terms
  Raieloa andmise tingimused ja kord: 9 defined terms
  Toiduhinna määramise, kehtestamise ja toidukulu arvestuse pidamise kord: 4 defined terms
  Lääneranna valla reovee kohtkäitluse ja äraveo eeskiri: 4 defined terms
  Huvihariduse toetamise kord: 5 defined terms
  Kaubanduse korraldamine avalikult kasutataval maa-alal: 7 defined terms
  Kohaliku rahvaküsitluse korraldamise kord: 4 defined terms
  Lääneranna valla hankekord: 8 defined terms
  Lääneranna valla heakorraeeskiri: 5 defined terms
  Lääneranna valla kalmistute kasutamise eeskiri: 11 defined terms
  Lääneranna valla kalmistute registri põhimäärus: 7 defined terms
  Lääneranna valla teede kasutamise ja kaitse eeskiri: 3 defined terms
  Lääneranna valla ühisveevärgi ja -kanalisatsiooni kasutamise eeskiri: 29 defined terms
  Lääneranna valla ühisveevärgi ja -kanalisatsiooniga liitumise eeskiri: 25 defined terms
  Detailplaneeringukohaste ja planeeringulahenduse elluviimiseks otseselt vajalike ning sellega funktsionaalselt seotud ehitiste väljaehitamise ja väljaehitamisega seotud kulude kandmise kord: 6 defined terms
  Loksa linna korraldatavate elutähtsate teenuste kirjeldused ja toimepidevuse nõuded: 10 defined terms
  Loksa linna raamatupidamise sise-eeskiri: 16 defined terms
  Loksa linna reovee kohtkäitluse ja äraveo eeskiri: 14 defined terms
  Loksa linna ühisveevärgi ja -kanalisatsiooniga liitumise, nende kasutamise ja liitumistasu võtmise kord: 26 defined terms
  Puude raieloa väljaandmise kord Loksa linnas: 5 defined terms
  Sotsiaaltoetuste andmise kord Loksa linnas: 3 defined terms
  Lüganuse valla aadressitähiste nõuded: 9 defined terms
  Aleviku- ja külavanema statuut: 4 defined terms
  Elamumajanduse ümberkorraldamise ja asenduskorteri omandamise kompensatsiooni andmise tingimused ja kord: 10 defined terms
  Lüganuse valla heakorraeeskiri: 9 defined terms
  Lüganuse valla huvihariduse ja -tegevuse toetamise kord: 5 defined terms
  Lüganuse valla jäätmehoolduseeskiri: 11 defined terms
  Lüganuse valla kaevetööde eeskiri: 12 defined terms
  Lüganuse valla lemmikloomade pidamise eeskiri: 5 defined terms
  Lüganuse valla programmi “Ehitised korda Lüganuse vallas” läbiviimise kord: 14 defined terms
  Lüganuse valla raiemäärus: 9 defined terms
  Lüganuse Vallavalitsuse hallatavate asutuste töötajate töötasustamise alused: 4 defined terms
  Lüganuse Vallavalitsuse palgajuhend: 4 defined terms
  Reovee kohtkäitluse ja äraveo eeskiri: 11 defined terms
  Tänava- ja turukaubandus Lüganuse vallas: 4 defined terms
  Huvihariduse ja -tegevuse toetamise kord: 3 defined terms
  Luunja valla finantsjuhtimise kord: 3 defined terms
  Luunja Vallavalitsuse palgajuhend: 6 defined terms
  Detailplaneeringukohaste rajatiste ehitamise ja kulude kandmise kord: 3 defined terms
  Avalikult kasutataval maa-alal kaubanduse korraldamise nõuded ja kord: 8 defined terms
  Koduteenuse osutamise tingimused ja kord: 7 defined terms
  Maardu linna eelarve koostamise, vastuvõtmise ja täitmise kord: 3 defined terms
  Maardu linna heakorra eeskiri: 10 defined terms
  Maardu linna koerte ja kasside pidamise eeskiri: 10 defined terms
  Maardu linna munitsipaalkooli ja -lasteaia hoolekogu moodustamise kord ja töökord: 5 defined terms
  Maardu linna reovee kohtkäitluse ja äraveo eeskiri: 13 defined terms
  Maardu linna sporditegevuse toetamise kord: 7 defined terms
  Maardu linna ühisveevärgi ja -kanalisatsiooni liitumise ning kasutamise eeskiri: 18 defined terms
  Maardu Linnavalitsuse palgajuhend: 13 defined terms
  Raieloa andmise tingimused ja kord Maardu linnas: 3 defined terms
  Välireklaami paigaldamine ja reklaamimaksu kehtestamine Maardu linnas: 10 defined terms
  Märjamaa Vallavalitsuse hallatavate asutuste infoturbe põhimõtted: 4 defined terms
  Märjamaa Vallavalitsuse infoturvapoliitika: 16 defined terms
  Märjamaa Vallavalitsuse teenistujate koolituse põhimõtted ja kord: 6 defined terms
  Märjamaa valla finantsjuhtimise kord: 4 defined terms
  Märjamaa valla kalmistute eeskiri: 5 defined terms
  Märjamaa valla koerte ja kasside pidamise eeskiri: 4 defined terms
  Märjamaa valla reovee kohtkäitluse ja äraveo eeskiri: 13 defined terms
  Märjamaa valla ühisveevärgi ja -kanalisatsiooni kasutamise eeskiri: 29 defined terms
  Märjamaa valla ühisveevärgi ja -kanalisatsiooniga liitumise eeskiri: 25 defined terms
  Märjamaa Vallavalitsuse palgajuhend: 16 defined terms
  Mittetulundusliku tegevuse toetamise kord: 5 defined terms
  Puu raieloa andmise tingimused ja kord: 6 defined terms
  Välireklaami paigaldamise eeskiri Märjamaa vallas: 4 defined terms
  Vanemate omaosalus Märjamaa valla lasteaedades: 4 defined terms
  Mikitamäe valla kaevetööde eeskiri: 5 defined terms
  Muhu huvitegevuse registri põhimäärus: 4 defined terms
  Muhu Vallavalitsuse raamatupidamise sise-eeskiri: 39 defined terms
  Huvihariduse ja huvitegevuse toetamise kord: 9 defined terms
  Lemmikloomade pidamise eeskiri: 6 defined terms
  Muhu valla eelarve menetlemise ja täitmise kord: 5 defined terms
  Muhu valla jäätmehoolduseeskiri: 36 defined terms
  Muhu valla külavanema statuut: 5 defined terms
  Muhu valla ühisveevärgi ja -kanalisatsiooni kasutamise eeskiri: 32 defined terms
  Muhu valla ühisveevärgi ja -kanalisatsiooniga liitumise eeskiri: 33 defined terms
  Rahvaküsitluse korraldamise kord Muhu vallas: 6 defined terms
  Reklaamimaksu kehtestamine ja reklaami paigaldamise kord: 12 defined terms
  Reovee kohtkäitluse ja äraveo eeskiri Muhu vallas: 18 defined terms
  Tänava-ja turukaubanduse kord Muhu vallas: 6 defined terms
  Teede valla omandisse võtmise ja avalikuks kasutamiseks määramise kord: 7 defined terms
  Mulgi valla huvihariduse ja huvitegevuse registri põhimäärus: 4 defined terms
  Mulgi valla kalmistute andmekogu põhimäärus: 7 defined terms
  Mulgi valla finantsjuhtimise kord: 5 defined terms
  Mulgi valla heakorraeeskiri: 10 defined terms
  Mulgi valla huvihariduse ja huvitegevuse toetuse kord: 5 defined terms
  Mulgi valla lumetõrje teostamise kord: 8 defined terms
  Mulgi valla reovee kohtkäitluse ja äraveo eeskiri: 11 defined terms
  Mulgi valla ühisveevärgi ja -kanalisatsiooniga liitumise ja kasutamise eeskiri: 29 defined terms
  Mulgi vallas tiheasutusalal üksikpuude raiumise loa andmise kord: 4 defined terms
  Projekti „Puuetega inimeste eluaseme füüsiline kohandamine“ toetuse andmise tingimused ja kord: 7 defined terms
  Avalikult kasutataval maa-alal kaubanduse korraldamise nõuded ja kord Mustvee vallas: 5 defined terms
  Mustvee valla ametiasutuse palgajuhend: 11 defined terms
  Mustvee valla avalikuks kasutamiseks määramata erateedel lumetõrje teostamise kord: 9 defined terms
  Mustvee valla teede kasutamise ja hooldamise kord: 12 defined terms
  Mustvee valla ühisveevärgi ja -kanalisatsiooniga liitumise eeskiri: 5 defined terms
  Raielubade väljastamise kord: 7 defined terms
  Reovee kohtkäitluse ja äraveo eeskiri: 13 defined terms
  Narva-Jõesuu linna infoturbepoliitika kinnitamine: 16 defined terms
  Narva-Jõesuu linnaeelarve ja lisaeelarve eelnõu koostamise ning eelarve täitmise kord: 4 defined terms
  Elamumajanduse ümberkorraldamise ja asenduskorteri omandamise kompensatsiooni andmise tingimused ja kord: 10 defined terms
  Huvihariduse ja huvitegevuse toetamise kord: 4 defined terms
  Koerte ja kasside pidamise eeskiri: 8 defined terms
  Narva-Jõesuu linna arengukava ja eelarvestrateegia koostamise kord: 5 defined terms
  Narva-Jõesuu linna reovee kohtkäitluse ja äraveo eeskiri: 10 defined terms
  Narva-Jõesuu linna ühisveevärgi ja -kanalisatsiooni kasutamise eeskiri: 10 defined terms
  Narva-Jõesuu Linnavalitsuse palgajuhend: 8 defined terms
  Puudega isiku eluruumi kohandamise kulude hüvitamise kord: 4 defined terms
  Reklaamimaks: 8 defined terms
  Sotsiaaltoetuste maksmise ja sotsiaalhoolekandelise abi andmise kord Narva-Jõesuu linnas: 9 defined terms
  Täisealisele isikule hoolduse seadmine, hooldaja määramine ja hooldajatoetuse maksmise kord: 7 defined terms
  Konkursi “Narva Ettevõtja” läbiviimise korra kinnitamine: 5 defined terms
  Narva linna ametiasutuste hallatavate asutuste töötajate palgajuhend: 4 defined terms
  Narva Linnavalitsuse arvutivõrgu kasutamise eeskirjad: 6 defined terms
  Avalikult kasutataval maa-alal kaubanduse korraldamise nõuded ja kord: 4 defined terms
  Detailplaneeringukohaste rajatiste väljaehitamise ja väljaehitamisega seotud kulude kandmises kokkuleppimise kord: 3 defined terms
  Eluruumi kohandamise toetuse määramise kord Narva linnas: 7 defined terms
  Narva linna ametiasutuste teenistujate palgajuhend: 6 defined terms
  Narva linna jäätmehoolduseeskiri: 12 defined terms
  Narva linna reovee kohtkäitluse ja äraveo eeskiri: 12 defined terms
  Reklaamimaksumäärus: 8 defined terms
  Spetsialistidele munitsipaalkorterite üürile andmise ja üürikulude hüvitamise kord Narva linnas: 6 defined terms
  Vaimse tervise teenuse toetuse määramise tingimused ja kord: 5 defined terms
  Välireklaami paigaldamise eeskiri: 5 defined terms
  Laste koolieelsesse lasteasutusse vastuvõtu ja väljaarvamise kord Nõo vallas: 3 defined terms
  Heakorra eeskiri: 4 defined terms
  Nõo valla ühisveevärgi ja -kanalisatsiooniga liitumise eeskiri: 5 defined terms
  Reovee kohtkäitluse ja äraveo eeskiri: 6 defined terms
  Sotsiaalhoolekandelise abi andmise kord: 7 defined terms
  Otepää valla ametiasutuse palgajuhend: 7 defined terms
  Otepää valla ühisveevärgi ja -kanalisatsiooniga liitumise eeskiri: 10 defined terms
  Reovee kohtkäitluse ja äraveo eeskiri: 12 defined terms
  Teede ja tänavate sulgemise eeskiri: 3 defined terms
  Paide linna finantsjuhtimise kord: 6 defined terms
  Paide linna hankekord: 3 defined terms
  Paide linna heakorraeeskiri: 16 defined terms
  Paide linna kaevetööde eeskiri: 9 defined terms
  Paide linna kalmisturegistri pidamise määrus: 7 defined terms
  Paide linna kalmistute kasutamise eeskiri: 9 defined terms
  Paide linna ühisveevärgi ja -kanalisatsiooniga liitumise ja kasutamise eeskiri: 34 defined terms
  Paide Linnavalitsuse ametiasutuse struktuur ja teenistuskohtade koosseis: 4 defined terms
  Paide Linnavalitsuse palgajuhend: 5 defined terms
  Üksikpuu raiumise tingimused ja kord: 11 defined terms
  Pärnu linna eelarvest kultuuriühingutele ning avatud kultuurikeskustele tegevustoetuse arvutamise juhend: 3 defined terms
  Pärnu Linnavalitsuse ametnike ja töötajate koolituse kord: 6 defined terms
  Heakorraeeskirja ja koormise kehtestamine: 5 defined terms
  Kultuuri valdkonnas tegutsevatele mittetulundusühingutele tegevustoetuse andmise kord: 9 defined terms
  Noortekeskustele tegevustoetuse eraldamise kord: 6 defined terms
  Noortevaldkonna projektide ning huvihariduseks ja huvitegevuseks toetuse andmise kord: 4 defined terms
  Pärnu linna eelarvest eralapsehoiuteenuse toetuse andmise kord: 4 defined terms
  Pärnu linna kalmistute kasutamise eeskiri: 7 defined terms
  Pärnu linna kinnisasja reaalservituudi ja isikliku kasutusõigusega koormamise kord: 15 defined terms
  Pärnu linna poolt eraõiguslikes juriidilistes isikutes osalemise kord: 5 defined terms
  Pärnu ühisveevärgi ja -kanalisatsiooni liitumise ning kasutamise eeskiri: 11 defined terms
  Projektides osalemise kord: 5 defined terms
  Raieloa andmise kord: 5 defined terms
  Sporditegevuse toetamise kord: 5 defined terms
  Toetuste ja preemiate maksmise kord: 3 defined terms
  Asendus- ja järelhooldusteenuse osutamise tingimused ja kord: 5 defined terms
  Avalikult kasutataval maa-alal kaubanduse korraldamise nõuded ja kord: 6 defined terms
  Peipsiääre valla heakorra eeskiri: 29 defined terms
  Peipsiääre valla kalmistute kasutamise eeskiri: 9 defined terms
  Peipsiääre valla ühisveevärgi ja -kanalisatsiooni kasutamise eeskiri: 33 defined terms
  Peipsiääre valla ühisveevärgi ja -kanalisatsiooniga liitumise eeskiri: 33 defined terms
  Peipsiääre Vallavalitsuse hallatavate asutuste palgakorralduse põhimõtted, palgamäärad ja tingimused: 8 defined terms
  Peipsiääre Vallavalitsuse palgajuhend: 4 defined terms
  Reovee kohtkäitluse ja äraveo eeskiri: 12 defined terms
  Põdrala valla ühisveevärgi ja -kanalisatsiooni kasutamise eeskiri: 12 defined terms
  Põhja-Pärnumaa Vallavalitsuse teenistujate koolituse kord: 5 defined terms
  Reovee kohtkäitluse ja äraveo eeskiri: 10 defined terms
  Detailplaneeringukohaste rajatiste väljaehitamise ja väljaehitamisega seotud kulude kandmises kokkuleppimise kord: 3 defined terms
  Huvihariduse ja huvitegevuse toetuse maksmise kord toimetulekuraskustes perede noortele: 6 defined terms
  Huvihariduse toetamise kord: 4 defined terms
  Kalmistu kasutamise eeskiri: 9 defined terms
  Põhja-Pärnumaa valla ühisveevärgi ja -kanalisatsiooni kasutamise eeskiri: 10 defined terms
  Põhja-Pärnumaa valla ühisveevärgi ja -kanalisatsiooniga liitumise eeskiri: 15 defined terms
  Põhja-Sakala valla kalmistute registri põhimäärus: 8 defined terms
  Reovee kohtkäitluse ja äraveo eeskiri: 9 defined terms
  Õpilase koolitranspordiks isikliku transpordi kasutamise kulu hüvitamise tingimused ja kord: 3 defined terms
  Põhja-Sakala valla eelarve koostamise, vastuvõtmise ja täitmise kord: 6 defined terms
  Põhja-Sakala valla kaevetööde eeskiri: 7 defined terms
  Põhja-Sakala valla lemmikloomade pidamise eeskiri: 7 defined terms
  Põhja-Sakala valla ühisveevärgi ja -kanalisatsiooni kasutamise eeskiri: 12 defined terms
  Põhja-Sakala valla ühisveevärgi ja -kanalisatsiooniga liitumise eeskiri: 16 defined terms
  Põhja-Sakala Vallavalitsuse ametiasutuse palgajuhend: 7 defined terms
  Puudega inimesele eluruumi kohandamiseks toetuse määramise ja maksmise kord: 8 defined terms
  Rahvaküsitluse läbiviimise kord Põhja-Sakala vallas: 4 defined terms
  Huvihariduse ja huvitegevuse toetamise kord: 6 defined terms
  Jälgimisseadmestiku paigaldamise, kasutamise ning andmete töötlemise ja jälgimisseadmestikust avalikkuse teavitamise kord: 9 defined terms
  Koerte, kasside ja teiste lemmikloomade pidamise eeskiri: 11 defined terms
  Kursi kalmistu kasutamise eeskiri: 10 defined terms
  Kütimäe kalmistu kasutamise eeskiri: 10 defined terms
  Põltsamaa linna kalmistu kasutamise eeskiri: 10 defined terms
  Põltsamaa valla ametiasutuse palgajuhend: 11 defined terms
  Põltsamaa valla eelarve koostamise, vastuvõtmise ja täitmise kord: 7 defined terms
  Põltsamaa valla heakorraeeskiri: 9 defined terms
  Põltsamaa valla raiemäärus: 11 defined terms
  Põltsamaa valla ühisveevärgi ja -kanalisatsiooni kasutamise eeskiri: 22 defined terms
  Põltsamaa valla ühisveevärgi ja -kanalisatsiooniga liitumise eeskiri: 15 defined terms
  Rahvaküsitluse korraldamise kord: 3 defined terms
  Reovee kohtkäitluse ja äraveo eeskiri: 13 defined terms
  Teede ja tänavate sulgemise eeskiri: 3 defined terms
  Teede ja tänavate sulgemise maks: 15 defined terms
  Välireklaami paigaldamise eeskiri: 7 defined terms
  Põlva linna kalmistu registri põhimäärus: 7 defined terms
  Põlva valla raamatupidamise sise-eeskiri: 9 defined terms
  Põlva valla reovee kohtkäitluse ja äraveo eeskiri: 21 defined terms
  Tiheasustusalal üksikpuude raiumiseks loa andmise tingimused ja kord: 8 defined terms
  Erateede avalikuks kasutamiseks määramise kord: 6 defined terms
  Kagu-Eesti spetsialistide eluasemete toetuse andmise kord: 6 defined terms
  Kalmistute kasutamise eeskiri: 7 defined terms
  Kogukondlikuks arendustegevuseks toetuse andmise kord: 9 defined terms
  Põlva valla finantsjuhtimise kord: 4 defined terms
  Põlva valla heakorraeeskiri: 11 defined terms
  Põlva valla ühisveevärgi ja -kanalisatsiooni kasutamise eeskiri: 20 defined terms
  Põlva valla ühisveevärgi ja -kanalisatsiooniga liitumise eeskiri: 13 defined terms
  Põlva Vallavalitsuse palgajuhend: 6 defined terms
  Puudega inimese eluruumi kohandamise kulu hüvitamise kord: 7 defined terms
  Raasiku valla infoturvapoliitika: 6 defined terms
  Raasiku vallavalitsuse infosüsteemi kasutamise kord: 6 defined terms
  Raasiku Vallavalitsuse raamatupidamise sise-eeskiri: 11 defined terms
  Kaugküttepiirkonna määramine: 18 defined terms
  Kohaliku rahvaküsitluse korraldamise kord Raasiku vallas: 5 defined terms
  Noortespordi toetamise kord Raasiku vallas: 6 defined terms
  Raasiku valla ametiasutuse palgajuhend: 6 defined terms
  Raasiku valla omandis olevate eluruumide ja mitteeluruumide üürile andmise ja kasutamise kord: 5 defined terms
  Raasiku valla reklaamimäärus: 8 defined terms
  Raasiku valla reovee kohtkäitluse ja äraveo eeskiri: 23 defined terms
  Raasiku valla ühisveevärgi ja -kanalisatsiooni kasutamise eeskiri: 17 defined terms
  Raasiku valla ühisveevärgi ja -kanalisatsiooniga liitumise eeskiri: 21 defined terms
  Rongisõidul soodustuse saamise kord: 6 defined terms
  Puu raieloa andmise kord Rae vallas: 7 defined terms
  Haljastusnõuded projekteerimisel ja ehitamisel Rae vallas: 20 defined terms
  Kaubanduse korraldamise nõuded ja kord Rae vallas avalikult kasutataval maa-alal: 8 defined terms
  Rae valla eelarvest sotsiaaltoetuste määramise ja maksmise kord: 4 defined terms
  Rae valla finantsjuhtimise kord: 4 defined terms
  Rae valla heakorraeeskiri: 15 defined terms
  Rae valla kalmistute kasutamise eeskiri: 13 defined terms
  Rae valla lemmikloomade pidamise eeskiri: 9 defined terms
  Rae valla reovee kohtkäitluse ja äraveo eeskiri: 5 defined terms
  Rae valla sportlaste, võistkondade ja spordiedendajate tunnustamise kord: 5 defined terms
  Rae Vallavalitsuse palgajuhend: 15 defined terms
  Reklaami paigaldamine ja reklaamimaksu kehtestamine Rae vallas: 17 defined terms
  Arengukava ja eelarvestrateegia koostamise ning eelarve eelnõu koostamise ja eelarve täitmise kord: 4 defined terms
  Huvitegevuse ja huvihariduse täiendav toetus: 5 defined terms
  Rakvere linnale kuuluva kinnisasja tehnorajatise püstitamiseks reaalservituudi ja isikliku kasutusõigusega koormamise kord: 9 defined terms
  Kultuuri-, spordi- ja sotsiaalvaldkonnas tegutsevatele mittetulundusühingutele tegevustoetuse andmise tingimused ja kord: 4 defined terms
  Rakvere linna reovee kohtkäitluse ja äraveo eeskiri: 6 defined terms
  Rakvere linna ühisveevärgi ja kanalisatsiooni kasutamise eeskiri: 21 defined terms
  Rakvere linna ühisveevärgi ja –kanalisatsiooniga liitumise eeskiri: 12 defined terms
  Rakvere Linnavalitsuse palgajuhend: 4 defined terms
  Eestkoste seadmise ja teostamise kord: 5 defined terms
  Jälgimisseadmestiku paigaldamise, kasutamise ning andmete töötlemise ja avalikkuse teavitamise kord: 5 defined terms
  Raieloa väljaandmise tingimused ja kord: 7 defined terms
  Rakvere valla eelarvest mittetulunduslikuks tegevuseks toetuste andmise kord: 7 defined terms
  Rakvere valla heakorraeeskiri: 8 defined terms
  Rakvere valla koerte ja kasside pidamise eeskiri: 9 defined terms
  Rakvere valla reovee kohtkäitluse ja äraveo eeskiri: 3 defined terms
  Rakvere valla ühisveevärgiga ja -kanalisatsiooniga liitumise ning kasutamise eeskiri: 30 defined terms
  Rakvere Vallavalitsuse palgajuhend: 9 defined terms
  Puu raieloa andmise tingimused ja kord Räpina vallas: 7 defined terms
  Räpina Vallavalitsuse teenistujate koolituse kord: 3 defined terms
  Reovee kohtkäitluse ja äraveo eeskiri: 11 defined terms
  Räpina valla finantsjuhtimise kord: 6 defined terms
  Räpina valla jäätmehoolduseeskiri: 28 defined terms
  Räpina valla kalmistute kasutamise eeskiri: 12 defined terms
  Räpina valla spetsialisti eluaseme toetuse määramise kord: 5 defined terms
  Räpina Vallavalitsuse palgajuhend: 5 defined terms
  Rapla valla huvihariduse ja huvitegevuse registri põhimäärus: 10 defined terms
  Huvihariduse ja huvitegevuse toetamise kord: 4 defined terms
  Külavanema statuut: 3 defined terms
  Puude raiumiseks loa andmise kord Rapla vallas: 10 defined terms
  Rapla kalmistu kasutamise eeskiri: 10 defined terms
  Rapla valla finantsjuhtimise kord: 6 defined terms
  Rapla valla heakorraeeskiri: 29 defined terms
  Rapla valla kalmistute registri põhimäärus: 8 defined terms
  Tänava- ja turukaubandus Rapla vallas: 6 defined terms
  Puude raieks loa andmise tingimused ja kord Rõuge vallas: 7 defined terms
  Erateede avalikuks kasutamiseks määramise ja lumetõrjeteenuse osutamise kord: 6 defined terms
  Kagu-Eesti spetsialistide eluasemete toetuse määramise kord: 6 defined terms
  Reovee kohtkäitluse ja äraveo eeskiri: 12 defined terms
  Rõuge valla finantsjuhtimise kord: 3 defined terms
  Rõuge valla heakorraeeskiri: 8 defined terms
  Rõuge valla huvihariduse ja -tegevuse toetamise kord: 8 defined terms
  Rõuge Vallavalitsuse palgajuhend: 5 defined terms
  Reovee kohtkäitluse ja äraveo eeskiri: 9 defined terms
  Ruhnu valla ühisveevärgi ja -kanalisatsiooni kasutamise eeskiri: 35 defined terms
  Ruhnu valla ühisveevärgi ja -kanalisatsiooniga liitumise eeskiri: 36 defined terms
  Sotsiaalhoolekandelise abi andmise tingimused ja kord Ruhnu vallas: 11 defined terms
  Hoolduse seadmise, hooldaja määramise ning hooldajatoetuse määramise ja maksmise kord: 5 defined terms
  Saarde Vallavalitsuse infoturbepoliitika: 8 defined terms
  Raieloa andmise tingimused ja kord Saarde vallas: 10 defined terms
  Reovee kohtkäitluse ja äraveo eeskirja kehtestamine: 13 defined terms
  Saarde valla kalmistute kasutamise eeskiri: 12 defined terms
  Saarde valla koerte ja kasside pidamise eeskiri: 9 defined terms
  Saarde Vallavalitsuse palgajuhend: 11 defined terms
  Ühisveevärgi ja -kanalisatsiooni kasutamise eeskiri: 35 defined terms
  Välireklaami paigaldamise eeskiri ja reklaamimaksu kehtestamise kord Saarde vallas: 8 defined terms
  Detailplaneeringu algatamise taotluse vorm ning detailplaneeringu koostamise nõuded: 9 defined terms
  Reovee kohtkäitluse ja äraveo eeskiri Saaremaa vallas: 20 defined terms
  Saaremaa valla huvihariduse registri põhimäärus: 4 defined terms
  Saaremaa valla lasteaedadesse laste vastuvõtu ja sealt väljaarvamise kord: 4 defined terms
  Saaremaa valla lemmikloomade kalmistu kasutamise eeskiri: 7 defined terms
  Eraõiguslike juriidiliste isikute asutamise ja nendes osalemise tingimused ja kord: 6 defined terms
  Erateedel tasuta lumetõrje teostamise kord: 4 defined terms
  Huvihariduse ja huvitegevuse toetuse maksmise kord toimetulekuraskustes peredele: 6 defined terms
  Huvihariduses ja huvitegevuses osalemise transpordikulude hüvitamise kord: 3 defined terms
  Laste ja noorte huvitegevuse toetamise kord erahuvikoolides ja eraõiguslikes spordiklubides: 3 defined terms
  Raieloa andmise kord: 8 defined terms
  Saaremaa valla ettevõtjatele COVID-19 viiruse levikust tingitud kahjude hüvitamiseks toetuse maksmise kord: 3 defined terms
  Saaremaa valla heakorra eeskiri: 9 defined terms
  Saaremaa valla kaevetööde eeskiri: 14 defined terms
  Saaremaa valla kalmistute kasutamise eeskiri: 8 defined terms
  Saaremaa vallas avalikult kasutataval maa-alal kaubanduse korraldamise nõuded ja kord: 5 defined terms
  Toetuse andmise kord maapiirkondades asuvate juurdepääsuteede remonditööde teostamiseks: 3 defined terms
  Toetuse andmise kord maapiirkondades elavate perede elutingimuste parandamiseks: 7 defined terms
  Välireklaami paigaldamise eeskiri ja reklaamimaksu kehtestamise kord: 14 defined terms
  Projekti „Puuetega inimeste eluaseme füüsiline kohandamine Saku vallas“ rakendamise kord: 7 defined terms
  Saku Vallavalitsuse teenistujate koolituse kord: 3 defined terms
  Eralastehoiu ja -lasteaia toetamise tingimused ja kord: 9 defined terms
  Pileti hinna kehtestamise ja sõidusoodustuste andmise kord Saku vallasisestel bussiliinidel ja Elroni rongides: 8 defined terms
  Saku valla laste ja noorte sporditegevuse toetamise kord: 3 defined terms
  Saku valla reovee kohtkäitluse ja äraveo eeskiri: 14 defined terms
  Saku Vallavalitsuse palgajuhend: 14 defined terms
  Salme valla ühisveevärgi ja -kanalisatsiooniga liitumise eeskiri: 35 defined terms
  Saue valla asutuste ühtne dokumendihalduskord: 3 defined terms
  Saue valla munitsipaallasteaeda ja -hoidu vastuvõtmise ja sealt väljaarvamise kord: 11 defined terms
  Saue Vallavalitsuse teenistujate koolituse põhimõtted ja kord: 9 defined terms
  Erakooli toetamise kord ning toetuse määrad: 7 defined terms
  Eralasteaia ja -lapsehoiu teenuse toetamise kord: 9 defined terms
  Rongisõidul soodustuse saamise kord: 8 defined terms
  Saue valla asumiseltside ning kogukondlike ühistegevuste toetuste eraldamise tingimused ja kord: 5 defined terms
  Saue valla finantsjuhtimise kord: 3 defined terms
  Saue valla kalmistute registri põhimäärus: 7 defined terms
  Saue valla laste ja noorte huvitegevuse toetamise kord erahuvikoolides ja eraspordiklubides: 13 defined terms
  Saue valla munitsipaallasteaias või -hoius vanema poolt kaetava osa määr ja selle tasumise kord: 3 defined terms
  Saue valla omandis olevate eluruumide kasutusse andmise, üüriturult eluruumi leidmise toetamise, puudega inimeste eluaseme füüsilise kohandamise ja ajutise ööbimiskoha tagamise kord: 9 defined terms
  Saue valla õpilastele sõidusoodustuste andmise tingimused ja kord: 8 defined terms
  Saue valla sotsiaalhoolekandelise abi andmise kord: 22 defined terms
  Saue valla ühisveevärgi ja -kanalisatsiooni liitumise ning kasutamise eeskiri: 24 defined terms
  Saue valla välireklaami määrus: 12 defined terms
  Saue Vallavalitsuse palgajuhend: 13 defined terms
  Sotsiaaltoetuste kord: 16 defined terms
  Valla bussiliinidel piletihinna kehtestamine ja bussisõidul soodustuse saamise kord: 10 defined terms
  Puu raieloa andmise tingimused ja kord: 6 defined terms
  Setomaa valla raamatupidamise sise-eeskiri: 11 defined terms
  Setomaa valla reovee kohtkäitluse ja äraveo eeskiri: 12 defined terms
  Kagu-Eesti spetsialistide eluasemete toetusmeede: 5 defined terms
  Setomaa kalmistute kasutamise eeskiri: 6 defined terms
  Setomaa valla finantsjuhtimise kord: 11 defined terms
  Setomaa valla heakorraeeskiri: 10 defined terms
  Setomaa valla huvihariduse ja huvitegevuse toetamise kord: 9 defined terms
  Setomaa valla ühisveevärgi ja -kanalisatsiooniga liitumise eeskiri: 5 defined terms
  Setomaa Vallavalitsuse palgajuhend: 6 defined terms
  Sporditegevuse toetamise kord: 4 defined terms
  Avalikult kasutataval maa-alal kaubanduse korraldamise nõuded ja kord: 8 defined terms
  Kaevetööde eeskiri: 8 defined terms
  Sillamäe linna eelarvest kultuuri-, haridus-, spordi- ja noorsoovaldkondadele toetuste andmise kord: 3 defined terms
  Sillamäe linna spordiorganisatsioonidele toetuse andmise kord: 3 defined terms
  Sillamäe linna ühisveevärgi ja -kanalisatsiooni kasutamise eeskiri: 13 defined terms
  Sillamäe Linnavalitsuse palgajuhend: 6 defined terms
  Sõmerpalu valla kalmistu kasutamise eeskiri: 9 defined terms
  Kaugkütte piirkonna määramise, võrguga liitumise ja võrgust eraldumise tingimuste, soojuse piirhinna kehtestamise ning soojusettevõtja arendustegevuse kord: 13 defined terms
  Suure-Jaani valla kalmistute kasutamise eeskiri: 14 defined terms
  Taheva valla ühisveevärgi ja –kanalisatsiooniga liitumise eeskiri: 17 defined terms
  Eestkoste seadmise ja teostamise kord: 5 defined terms
  Haljastuse inventeerimise kord: 15 defined terms
  Katastrimõõdistamise teostamisega ehitise teenindamiseks vajaliku maa määramise kord: 6 defined terms
  Tallinna aadressitähiste nõuded: 9 defined terms
  Tallinna avalike teenuste andmekogu põhimäärus: 6 defined terms
  Tallinna hankekord: 23 defined terms
  Tallinna kalmistute registri põhimäärus: 10 defined terms
  Tallinna linna omandis oleva elamu soojusenergia teenustasu jaotus eluruumide vahel: 5 defined terms
  Tallinna linna raamatupidamise sise-eeskiri: 43 defined terms
  Tallinna õigusaktide registri põhimäärus: 5 defined terms
  Tallinna planeeringute registri põhimäärus: 4 defined terms
  Tallinna projekti- ja tegevustoetuste infosüsteemi põhimäärus: 5 defined terms
  Tallinna uuringute infosüsteemi põhimäärus: 3 defined terms
  Teede ja tänavate ajutise sulgemise eeskiri: 8 defined terms
  Teenuse ja kauba hinna kehtestamine linna asutustes: 7 defined terms
  Avalikult kasutatava ehitise ehitamise ja selle rahastamise kord: 4 defined terms
  Ettevõtja praktikajuhendaja toetuse andmise kord: 11 defined terms
  Heakorraeeskiri: 10 defined terms
  Kaubanduse korraldamine Tallinna linnas: 14 defined terms
  Korteriühistule kriisivalmidustoetuste andmise kord: 8 defined terms
  Korteriühistule toetuse andmise kord: 12 defined terms
  Messitoetuse andmise kord: 9 defined terms
  Noortekeskuse teenuse ja ülelinnaliste noorsootöö programmide korraldamine: 7 defined terms
  Rahvusvahelise konverentsi toetuse andmise kord: 9 defined terms
  Rahvusvahelise turismiturunduse toetuse andmise kord: 13 defined terms
  Raie- ja hoolduslõikusloa andmise kord: 13 defined terms
  Reklaamimaks Tallinnas: 19 defined terms
  Reovee kohtkäitluse ja äraveo eeskiri: 6 defined terms
  Sotsiaalhoolekandelise abi andmise kord: 8 defined terms
  Sotsiaalteenuste osutamise tingimused ja kord: 5 defined terms
  Tallinna eluruumide kasutusse andmise kord: 15 defined terms
  Tallinna kalmistute kasutamise eeskiri: 14 defined terms
  Tallinna linna ametiasutuste palgajuhend: 20 defined terms
  Tallinna linna eraõiguslikes juriidilistes isikutes osalemise kord: 4 defined terms
  Tallinna linna ühisveevärgi ja -kanalisatsiooniga liitumise ning ühisveevärgi ja -kanalisatsiooni kasutamise eeskiri: 18 defined terms
  Tallinna linnale kuuluva rajatise või selle osa kaubandustegevuseks kasutusse andmise kord: 7 defined terms
  Teede ja tänavate sulgemise maks: 14 defined terms
  Väikeettevõtja digilahenduste toetuse andmise kord: 11 defined terms
  Väikeettevõtja välismessitoetuse andmise kord: 10 defined terms
  Välireklaami ja teabe paigaldamise kord: 21 defined terms
  Välisprojektides osalemise kord: 8 defined terms
  Tapa Vallavalitsuse raamatupidamise sise-eeskiri: 11 defined terms
  Tapa Vallavalitsuse teenistujate koolituse kord: 7 defined terms
  Heakorraeeskirja ja koormise kehtestamine: 6 defined terms
  Tapa valla reovee kohtkäitluse ja äraveo eeskiri: 6 defined terms
  Tapa valla ühisveevärgi ja -kanalisatsiooniga liitumise ja kasutamise eeskiri: 33 defined terms
  Heakorraeeskiri ja koormise kehtestamine: 4 defined terms
  Tartu linna ametiasutuste palgajuhend: 9 defined terms
  Tartu linna eelarve koostamise, täitmise ja finantsjuhtimise kord: 3 defined terms
  Tartu linna reovee kohtkäitluse ja äraveo eeskiri: 4 defined terms
  Kalmistute kasutamise eeskiri: 7 defined terms
  Puude raieks loa andmise tingimused ja kord Tartu vallas: 6 defined terms
  Reovee kohtkäitluse ja äraveo eeskiri: 12 defined terms
  Spordiklubidele ja eraõiguslikele spordikoolidele toetuse andmise kord: 4 defined terms
  Tartu valla heakorraeeskiri: 21 defined terms
  Tartu valla ühisveevärgi ja -kanalisatsiooni kasutamise eeskiri: 25 defined terms
  Tartu valla ühisveevärgi ja -kanalisatsiooni kasutamise eeskiri AS Tartu Veevärk tegevuspiirkonnas: 18 defined terms
  Tartu valla ühisveevärgi ja -kanalisatsiooniga liitumise eeskiri AS Emajõe Veevärk tegevuspiirkonnas: 5 defined terms
  Tartu Vallavalitsuse palgajuhend: 13 defined terms
  Elamumajanduse ümberkorraldamise ja asenduskorteri omandamise kompensatsiooni andmise tingimused ja kord: 10 defined terms
  Reovee kohtkäitluse ja äraveo eeskiri: 13 defined terms
  Koerte ja kasside pidamise eeskiri: 6 defined terms
  Reklaamimaksu kehtestamine: 9 defined terms
  Toila valla jäätmehoolduseeskiri: 12 defined terms
  Toila valla kalmistute kasutamise eeskiri: 9 defined terms
  Toila valla ühisveevärgi ja -kanalisatsiooniga liitumise eeskiri: 19 defined terms
  Tori Vallavalitsuse infoturvapoliitika: 13 defined terms
  Hooldaja määramise ja hooldajatoetuse maksmise kord: 3 defined terms
  Huvikoolide toetamise kord: 4 defined terms
  Tori valla arengudokumentide menetlemise kord: 6 defined terms
  Tori valla finantsjuhtimise kord: 3 defined terms
  Tori valla kalmistute kasutamise eeskiri: 10 defined terms
  Tori valla ühisveevärgi ja -kanalisatsiooni liitumise ning kasutamise eeskiri: 11 defined terms
  Avalikult kasutataval maa-alal kaubanduse korraldamise nõuded ja kord: 6 defined terms
  Kagu-Eesti spetsialistide eluasemete toetusmeetme rakendamine Tõrva vallas: 5 defined terms
  Raieloa andmise tingimused ja kord Tõrva vallas: 6 defined terms
  Reklaami paigaldamise kord ja reklaamimaks: 14 defined terms
  Sotsiaalhoolekandelise abi osutamise tingimused ja kord: 5 defined terms
  Tõrva valla heakorraeeskiri: 10 defined terms
  Tõrva Vallavalitsuse palgajuhend: 10 defined terms
  Türi valla raamatupidamise sise-eeskiri: 8 defined terms
  Türi valla eelarve koostamise ja täitmise ning finantsjuhtimise kord: 7 defined terms
  Türi valla kaevetööde eeskiri: 9 defined terms
  Ülenurme valla heakorraeeskiri: 11 defined terms
  Väike-Maarja valla asutuste ühtne dokumendihalduskord: 3 defined terms
  Erateede avalikuks kasutamiseks määramise kord: 7 defined terms
  Kohaliku rahvaküsitluse korraldamise kord: 4 defined terms
  Puudega isikule eluruumi kohandamise toetuse määramise ja maksmise kord: 7 defined terms
  Väike-Maarja valla finantsjuhtimise kord: 5 defined terms
  Väike-Maarja valla heakorraeeskiri: 9 defined terms
  Väike-Maarja valla jäätmehoolduseeskiri: 17 defined terms
  Väike-Maarja valla kalmistute andmekogu põhimäärus: 7 defined terms
  Väike-Maarja valla kalmistute kasutamise eeskiri: 7 defined terms
  Väike-Maarja valla lemmikloomade pidamise eeskiri: 3 defined terms
  Väike-Maarja valla reovee kohtkäitluse ja äraveo eeskiri: 12 defined terms
  Väike-Maarja valla ühisveevärgi ja -kanalisatsiooni kasutamise eeskiri: 30 defined terms
  Väike-Maarja Vallavalitsuse teenistujate palgajuhend: 4 defined terms
  Kaugkütte piirkonna määramine ning võrguga liitumise ja võrgust eraldumise tingimuste ja korra ning kaugkütte üldiste kvaliteedinõuete kehtestamine: 13 defined terms
  Koerte ja kasside pidamise eeskiri: 6 defined terms
  Elanike arvamuse väljaselgitamise kord: 4 defined terms
  Heakorraeeskiri ja koormise kehtestamine: 10 defined terms
  Kagu-Eesti spetsialistide eluasemete toetusmeetme rakendamine Valga vallas: 6 defined terms
  Ühisveevärgi ja -kanalisatsiooniga liitumise ning ühisveevärgi ja -kanalisatsiooni kasutamise eeskiri: 29 defined terms
  Valga valla finantsjuhtimise kord: 3 defined terms
  Valga valla kalmistute kasutamise eeskiri: 6 defined terms
  Valga valla reovee kohtkäitluse ja äraveo eeskiri: 11 defined terms
  Valga Vallavalitsuse palgajuhend: 7 defined terms
  Valjala valla ühisveevärgi ja -kanalisatsiooniga liitumise eeskiri: 35 defined terms
  Tänava- ja turukaubanduse ning avalikul üritusel kauba või teenuse müügi kord: 7 defined terms
  Vihula valla ühisveevärgi ja -kanalisatsiooni kasutamise eeskiri: 11 defined terms
  Vihula valla ühisveevärgi ja -kanalisatsiooniga liitumise eeskiri: 21 defined terms
  Haabneeme ranna kasutamise ja hooldamise kord: 3 defined terms
  Viimsi valla kalmistute registri põhimäärus: 7 defined terms
  Eralasteaia ja eralastehoiu teenuse toetamise kord: 5 defined terms
  Eraõiguslike juriidiliste isikute asutamise ja nendes osalemise tingimused ja kord: 6 defined terms
  Planeerimisalase tegevuse korraldamine Viimsi vallas: 8 defined terms
  Raie- ja hoolduslõikusloa andmise kord: 21 defined terms
  Viimsi valla bussiliinidel ja Leppneeme-Kelnase laevaliinil sõidu eest tasumise kord ja sõidupiletite hinnad: 18 defined terms
  Viimsi valla finantsjuhtimise kord: 5 defined terms
  Viimsi valla heakorraeeskiri: 12 defined terms
  Viimsi valla jäätmehoolduseeskiri: 11 defined terms
  Viimsi valla kalmistute kasutamise eeskiri: 8 defined terms
  Viimsi valla munitsipaallasteasutuste osalustasu määrad ning tasumise kord: 3 defined terms
  Viimsi valla projektides osalemise kord: 7 defined terms
  Viimsi valla reklaamimäärus: 18 defined terms
  Viimsi valla sademeveesüsteemide kasutamise eeskiri: 12 defined terms
  Viimsi valla sotsiaaltoetuste määramise ja maksmise tingimused ja kord: 7 defined terms
  Viimsi valla sporditegevuse toetamise kord: 4 defined terms
  Viimsi valla teede ajutise sulgemise eeskiri: 8 defined terms
  Viimsi valla teede ja tänavate sulgemise maks: 15 defined terms
  Viimsi vallas avalikult kasutataval maa-alal kaubanduse korraldamise nõuded ja kord: 7 defined terms
  Viimsi vallas merepääste- ja päästetööde korraldamise ning turvalisusega seotud tegevuste rahastamise kord: 3 defined terms
  Viimsi Vallavalitsuse palgajuhend: 14 defined terms
  Viljandi linna aadressitähiste nõuded: 7 defined terms
  Kohaliku rahvaküsitluse korraldamise kord: 4 defined terms
  Raieloa ja hoolduslõikusloa andmise kord: 11 defined terms
  Reklaami ja teabe paigaldamise kord: 13 defined terms
  Reklaamimaks Viljandis: 14 defined terms
  Viljandi linna kalmistute kasutamise eeskiri: 12 defined terms
  Viljandi linna osalemise kord eraõiguslikes juriidilistes isikutes: 6 defined terms
  Viljandi linna reovee kohtkäitluse ja äraveo eeskiri: 12 defined terms
  Viljandi Linnavalitsuse palgajuhend: 10 defined terms
  Hoolduse seadmise, hooldaja määramise ja hooldajatoetuse maksmise kord: 7 defined terms
  Isikliku abistaja teenuse määramise ja osutamise tingimused ja kord: 7 defined terms
  Koduteenuse osutamise kord: 6 defined terms
  Puudega isiku eluruumi kohandamise kulude hüvitamise kord: 8 defined terms
  Reovee kohtkäitluse ja äraveo eeskiri: 12 defined terms
  Sotsiaaltoetuste taotlemise, määramise ja maksmise kord: 8 defined terms
  Sotsiaaltransporditeenuse määramise ja osutamise kord: 6 defined terms
  Väljaspool kodu osutatava üldhooldusteenuse korraldamise ja rahastamise kord: 13 defined terms
  Varjupaigateenuse ja turvakoduteenuse määramine ja korraldamine: 10 defined terms
  Viljandi valla eelarvest huvihariduse ja huvitegevuse finantseerimine ning toetuste andmise kord: 5 defined terms
  Viljandi valla finantsjuhtimise kord: 10 defined terms
  Viljandi valla heakorraeeskiri: 6 defined terms
  Viljandi valla ühisveevärgi ja -kanalisatsiooni kasutamise eeskiri: 22 defined terms
  Viljandi Vallavalitsuse ametiasutuse palgajuhend: 6 defined terms
  Võlanõustamisteenuse ja teiste toetavate sotsiaalteenuste korraldamise ja osutamise kord: 6 defined terms
  Reovee kohtkäitluse ja äraveo eeskiri: 12 defined terms
  Sotsiaaltransporditeenuse osutamise juhend: 26 defined terms
  Heakorra- ja kaevetööde eeskiri: 3 defined terms
  Huvitegevuse ja -hariduse kulude kompenseerimine: 4 defined terms
  Kohaliku rahvaküsitluse korraldamise kord Vinni vallas: 4 defined terms
  Vinni valla finantsjuhtimise kord: 3 defined terms
  Vinni valla kalmistute andmekogu põhimäärus: 7 defined terms
  Vinni valla kalmistute kasutamise eeskiri: 7 defined terms
  Vinni valla ühisveevärgi- ja kanalisatsiooniga liitumise eeskiri: 5 defined terms
  Vinni Vallavalitsuse palgajuhend: 7 defined terms
  Reovee kohtkäitluse ja äraveo eeskiri: 12 defined terms
  Viru-Nigula valla asutuste infoturbe põhimõtted: 19 defined terms
  Viru-Nigula valla raamatupidamise sise-eeskiri: 8 defined terms
  Avalikult kasutataval maa-alal kaubanduse korraldamise nõuded ja kord: 6 defined terms
  Lemmikloomade pidamise eeskiri: 5 defined terms
  Puude raieloa ja hoolduslõikusloa andmise kord: 9 defined terms
  Sotsiaalhoolekandelise abi andmise tingimused ja kord: 6 defined terms
  Viru-Nigula valla ametiasutuse palgajuhend: 4 defined terms
  Viru-Nigula valla eelarvest mittetulundusühingutele ja sihtasutustele toetuste andmise kord: 8 defined terms
  Viru-Nigula valla finantsjuhtimise kord: 3 defined terms
  Viru-Nigula valla heakorra eeskiri: 12 defined terms
  Viru-Nigula valla kalmistute kasutamise eeskiri: 11 defined terms
  Sotsiaalhoolekandelise abi andmise kord Võnnu vallas: 7 defined terms
  Reovee kohtkäitluse ja äraveo eeskiri: 12 defined terms
  Vormsi Vallavalitsuse hallatavate asutuste palgajuhend: 5 defined terms
  Erateede avalikuks kasutamiseks määramise kord: 6 defined terms
  Vormsi valla finantsjuhtimise kord: 5 defined terms
  Vormsi valla hankekord: 8 defined terms
  Vormsi valla heakorra ja kaevetööde eeskiri: 5 defined terms
  Heakorraeeskirja kehtestamine ja koormiste määramine: 6 defined terms
  Hooajalise kaubanduse kord: 4 defined terms
  Jäätmehoolduseeskiri: 11 defined terms
  Kaevetööde eeskiri: 5 defined terms
  Kagu-Eesti spetsialisti eluaseme toetuse andmise kord: 5 defined terms
  Lemmikloomade pidamise eeskiri: 5 defined terms
  Reovee kohtkäitluse ja äraveo eeskiri: 6 defined terms
  Võru linna finantsjuhtimise kord: 3 defined terms
  Võru linnakalmistu kasutamise eeskiri: 7 defined terms
  Võru Linnavalitsuse palgajuhend: 8 defined terms
  Tiheasustusalal üksikpuude raiumiseks loa andmise tingimused ja kord: 8 defined terms
  Huvitegevuse ja huvihariduse toetuse määramise ja maksmise kord: 8 defined terms
  Kagu-Eesti spetsialistide eluasemete toetusmeede: 8 defined terms
  Lapsele ja lapsega perele tugiisikuteenuse osutamise kord: 4 defined terms
  Reovee kohtkäitluse ja äraveo eeskiri: 12 defined terms
  Täisealise isiku hoolduse seadmise, hooldaja määramise ning hooldajatoetuse määramise ja maksmise kord: 9 defined terms
  Võru valla aleviku- ja külavanema statuut: 4 defined terms
  Võru valla finantsjuhtimise kord: 9 defined terms
  Võru valla heakorraeeskiri: 10 defined terms
  Võru valla tunnustusavalduste kord: 7 defined terms
  Võru Vallavalitsuse palgajuhend: 17 defined terms
  Arengukoostöö tegemise ja humanitaarabi andmise tingimused ja kord: 14 defined terms
  Avalike biometaani sisestuspunktide toetuse andmise tingimused ja kord: 13 defined terms
  Avatud taotlusvooru „Taastava õiguse arendamine Eestis II” toetuse andmise tingimused ja kord: 9 defined terms
  Bioloogilise vedeliku proovi võtmise, säilitamise, uuringuks edastamise, uuringu tegemise ja nende toimingute tasustamise kord: 10 defined terms
  Biomassist elektrienergia koostootmise juhis: 11 defined terms
  Biometaanituru arendamise toetamise toetuse kasutamise tingimused ja kord: 7 defined terms
  COVID-19 kriisist tuleneva korterelamute rekonstrueerimise toetuse andmise tingimused ja kord: 12 defined terms
  Eesti teabevärava eesti.ee haldamise, teabe kättesaadavaks tegemise, arendamise ning kasutamise nõuded ja kord: 5 defined terms
  Ekspordi arendamise toetamise tingimused ja kord: 12 defined terms
  Elamu energiaauditile esitatavad nõuded: 6 defined terms
  Elektriauto laadimispunktide rajamise toetamise tingimused ja kord: 10 defined terms
  Elektribusside transpordisektoris kasutuselevõtu toetamise tingimused ja kord: 10 defined terms
  Elektrisüsteemi toimimise võrgueeskiri: 9 defined terms
  Energiamõjuga toodete energia- ja muude ressursside tarbimise näitamine märgistuses ja ühtses tootekirjelduses: 12 defined terms
  Energiamõjuga toote tähistamise, teabega varustamise ja vastavushindamise üldised nõuded: 19 defined terms
  Energiasäästu arvutamise eeskiri: 4 defined terms
  Ettevõtja varustuskindluse toetuse tingimused ja kord: 8 defined terms
  Ettevõtjate digitaliseerimise, reaalajamajanduse lahenduste ja andmemajanduse kasutusjuhtude arendamise toetamine: 16 defined terms
  Gümnaasiumivõrgu korrastamine perioodil 2014-2020: 7 defined terms
  Hädaabiteadete menetlemise kord ja hädaabiteadete menetlemise toimimisele esitatavad nõuded: 6 defined terms
  Hariduslike erivajadustega õpilastele suunatud põhikoolide võrgu korrastamine perioodil 2014–2020: 7 defined terms
  Harvikhaigustega laste ravi ja lapseeas alanud ravi toetamine: 3 defined terms
  Hinnakokkuleppe sõlmimise kord: 3 defined terms
  Hoone energiatõhususe arvutamise metoodika: 33 defined terms
  Hoone keskmise ehitusmaksumuse hindamise kord: 3 defined terms
  Ida-Viru maakonna ettevõtluse ning inimeste tööalaste oskuste mitmekesistamiseks toetuse eraldamise tingimused ja kord: 10 defined terms
  „Ida-Viru täiskasvanutele suunatud hariduslike algatuste toetamine” elluviimiseks toetuse andmise tingimused ja kord: 3 defined terms
  Ida-Virumaa korterelamute energiatõhususe toetuse tingimused: 11 defined terms
  Inimkeskse hoolekande- ja tervishoiusüsteemi koordinatsioonimudeli rakendamine kohalikul tasandil: 14 defined terms
  Inimkeskse hoolekande- ja tervishoiusüsteemi koordinatsioonimudeli rakendamine: 9 defined terms
  Innovatsiooni edendavate hangete toetamise tingimused: 13 defined terms
  Institutsionaalne arendusprogramm teadus- ja arendusasutustele ja kõrgkoolidele: 11 defined terms
  Jäätmete liigitamise kord ja jäätmenimistu: 6 defined terms
  Jäätmete liigiti kogumise lahendusteks kohalikes omavalitsustes antava toetuse andmise tingimused ja kord: 5 defined terms
  „Kaasaegse ja uuendusliku õppevara ühiskasutuskorralduse toetamine“ elluviimiseks struktuuritoetuse andmise tingimused ja kord: 7 defined terms
  Kaevandamisjäätmete käitlemise kord: 10 defined terms
  Kagu-Eesti ettevõtluse arengu toetusmeede: 7 defined terms
  Kagu-Eesti spetsialistide eluasemete toetusmeede: 3 defined terms
  Kaitselennundusmäärustik: 4 defined terms
  Kaitseväe ja Kaitseliidu harjutusväljale ja lasketiirule esitatavad nõuded ja kasutamise kord: 7 defined terms
  Kaitseväe ja Kaitseliidu mootorsõiduki ning haagise tehnonõuded ja varustuse nõuded ning tehnonõuetele vastavuse kontrollimise kord: 37 defined terms
  Kaitseväe ja Kaitseliidu sõitjate ning veose veo kord: 8 defined terms
  Kaitseväe kiirabibrigaadi tööjuhend: 3 defined terms
  Katastriüksuse moodustamise kord: 6 defined terms
  Kättetoimetamisportaali teenuse nõuded: 6 defined terms
  Keskvalitsuse hoonete energiatõhususe parandamise toetuse kasutamise tingimused ja kord: 7 defined terms
  Kiirabi, haiglate, pääste- ja politseiasutuste, Kaitseväe ning Terviseameti kiirabialase koostöö kord: 11 defined terms
  Kiirabi ja meditsiinilise kaugkonsultatsiooni teenuse eest tasumise tingimused ja kord: 4 defined terms
  Kiirabibrigaadi koosseisu ja varustuse nõuded ning tööjuhend: 8 defined terms
  Kiirgustegevuse ohuastme määramise kord: 3 defined terms
  Kiirgustegevuses kasutatavate või tekkivate radioaktiivsete ainete väljaarvamise ja vabastamise tingimused ning väljaarvamise ja vabastamise taotlusele esitatavad nõuded: 8 defined terms
  Kiirgustöötaja ja elaniku efektiivdooside seire ja hindamise kord, kiirgus- ja koefaktori väärtused ning radionukliidide sissevõtust põhjustatud dooside hindamiseks kasutatavate doosikoefitsientide väärtused: 6 defined terms
  Kohalikku rannasõitu tegeva reisilaeva ohutusnõuded, reisilaevade klassid, sõidupiirkonnad ja ohutuse tunnistusele kantavate andmete loetelu: 6 defined terms
  Kohaliku omaalgatuse programm: 8 defined terms
  Kohustusliku pensionifondi osakute kord: 13 defined terms
  Korterelamu elemendipõhise rekonstrueerimise toetuse andmise tingimused ja kord: 12 defined terms
  Korterelamute energiatõhususe toetuse tingimused: 16 defined terms
  Korterelamute rekonstrueerimise erakorralise toetuse andmise tingimused ja kord: 5 defined terms
  Korterelamute rekonstrueerimise toetamine: 13 defined terms
  Korterelamute rekonstrueerimise toetuse andmise tingimused ja kord: 13 defined terms
  Laevade ohutusnõuded: 20 defined terms
  Laevapere liikmete koolitus- ja kvalifikatsiooninõuded ning diplomeerimise kord: 26 defined terms
  Laevatatavatel sisevetel liiklemise kord: 36 defined terms
  Lasketiiru ja laskepaiga ning laskevõistluse ja treeninglaskmise ohutusnõuded: 6 defined terms
  Laste heaolu, õiguste ja kaasatuse edendamise rahaline toetamine: 8 defined terms
  Lasterikaste perede kodutoetuse kasutamise tingimused ja kord: 7 defined terms
  Lenduvaid orgaanilisi ühendeid sisaldavate värvide ja muude pinnakattevahendite, välja arvatud aerosoolide, ning sõidukite väljaspool tootmisseadeldisi kasutatavate viimistlusmaterjalide alaliigid, lenduvate orgaaniliste ühendite sisalduse piirväärtused ning piirväärtustele vastavuse määramiseks kasutatavad meetodid: 8 defined terms
  Lennujaamatasude määrade arvestamise metoodika: 4 defined terms
  Lennuliikluse lennujuhi ja lennuinformaatori vanusele, kvalifikatsioonile ja koolitusele esitatavad nõuded ning lennunduslubade väljaandmise ja välisriikides välja antud lennunduslubade tunnustamise eeskiri: 6 defined terms
  Loomemajanduse tugistruktuuride toetamise tingimused ja kord: 8 defined terms
  Maastikusõiduki registreerimise tingimused ja kord: 13 defined terms
  Mänguasja ohutusnõuded ja nõuetele vastavuse tõendamise kord: 4 defined terms
  Marie Skłodowska Curie Action järeldoktori individuaalgrandi ja ERC grandi taotlemise edukuse tõstmiseks toetuse taotlemise, toetuse eraldamise ning toetuse tagasinõudmise tingimused ja kord: 7 defined terms
  Meditsiinikiirituse protseduuride ja kliinilise auditi nõuded ning diagnostilised referentsväärtused: 15 defined terms
  Meetme „Internetiühenduste kättesaadavuse parandamine uue põlvkonna elektroonilise side võrgu kasutuselevõtuga piirkondades” tingimused: 10 defined terms
  Meetme «Kohalike avalike teenuste arendamine» tingimused ning perioodi 2007–2013 kohaliku omavalitsuse investeeringutoetuste kava koostamise kord: 5 defined terms
  Meetme «Kompetentsikeskuste arendamine» tingimused: 19 defined terms
  Meetme „Linnaliste piirkondade arendamine“ tingimused ja investeeringute kava koostamise kord: 6 defined terms
  Meetme "Piirkondade konkurentsivõime tugevdamine" tingimused: 10 defined terms
  Meetme „Tööturul osalemist toetavad hoolekandeteenused” elluviimiseks struktuuritoetuse andmise tingimused ja kord: 9 defined terms
  Meetme „Tööturul osalemist toetavad hoolekandeteenused” elluviimiseks Ida-Virumaale struktuuritoetuse andmise tingimused ja kord: 7 defined terms
  Meetme „Tööturul osalemist toetavad hoolekandeteenused” toetuse andmise tingimused uudsete lahenduste väljatöötamiseks ja elluviimiseks sotsiaalvaldkonnas: 8 defined terms
  Meetme «Üleriigilise tähtsusega kultuuri- ja turismiobjektide väljaarendamine» tingimused ja investeeringutoetuste kava koostamise kord: 6 defined terms
  Merestrateegia sisu ja koostamise nõuded: 6 defined terms
  Metsa uuendamisel kasutada lubatud kultiveerimismaterjali algmaterjali päritolu, kultiveerimismaterjali tarnimise ja turustamise nõuded: 17 defined terms
  „Mitmekesine ja kvaliteetne haridus digitaalse õppevaraga” elluviimiseks struktuuritoetuse andmise tingimused ja kord: 6 defined terms
  Mootorsõiduki ja selle haagise registreerimise tingimused ja kord: 20 defined terms
  Mootorsõiduki ja selle haagise tehnonõuetele vastavuse kontrollimise tingimused ja kord: 4 defined terms
  Nõuded energiamärgise andmisele ja energiamärgisele: 15 defined terms
  Nõuded Kaitseväe arestimajale ja kinnipidamiseks kohandatud ruumile, selle sisekorrale ning arestimajas ja kinnipidamiseks kohandatud ruumis kinnipeetavale keelatud asjade loetelu ning nende hoidmise, tagastamise, hävitamise ja hoiulevõtmise kord: 3 defined terms
  Nõuded kanade pidamisele ja selleks ettenähtud ruumile või ehitisele: 9 defined terms
  Nõuded laste toitlustamisele haridusasutuses ja sotsiaalteenuse osutamisel: 11 defined terms
  Nõuded sigade pidamisele ja selleks ettenähtud ruumi või ehitise kohta, sigade suhtes rakendada lubatud veterinaarsete menetluste loetelu ja neid läbiviivad isikud ning nõuded nende menetluste teostamisele ja neid menetlusi teostava isiku ettevalmistusele: 7 defined terms
  Nõuded suplusveele ja supelrannale: 17 defined terms
  Nõuded tulekahjusignalisatsioonisüsteemile ja ehitistele, kust tuleb automaatse tulekahjusignalisatsioonisüsteemi tulekahjuteade edastada Häirekeskusesse, ning tulekahjuteate edastamise ja sellest loobumise kord: 17 defined terms
  Ohtlike kemikaalide ja neid sisaldavate materjalide kasutamise töötervishoiu ja tööohutuse nõuded ning töökeskkonna keemiliste ohutegurite piirnormid ja keemiliste ohutegurite mõõtmise kord: 7 defined terms
  Õigustatud huvi korral rahvastikuregistrist andmete väljastamise eest volitatud töötlejale makstavad tasud: 8 defined terms
  Päästeameti poolt lõhkematerjali käitlemise kord ja nõuded lõhkamiskohale: 6 defined terms
  Päästesündmusel osalevate riigi- ja kohaliku omavalitsuse asutuste ning isikute koostöö kord: 24 defined terms
  Päikesepaneelide investeeringutoetuse andmise tingimused ja kord: 4 defined terms
  Päritolutunnistuse väljastamise, võõrandamise ja kustutamise kord ning päritolutunnistuse taotlemisel esitatava teabe koosseis: 3 defined terms
  Piirkondade konkurentsivõime tugevdamise investeeringute toetuse andmise tingimused ja kord: 26 defined terms
  Põhikoolivõrgu korrastamine perioodil 2014–2020: 9 defined terms
  Proviisori või farmatseudina registreerimise ja Eestis proviisori kutsekvalifikatsiooni omandanud isiku kutsekvalifikatsiooni tunnustamise aluseks olevate kvalifikatsiooni tõendavate dokumentide loetelu: 4 defined terms
  Puude raskusastme tuvastamise tingimused ja kord ning puudega tööealise inimese toetuse tingimused: 8 defined terms
  Puuetega inimeste eluaseme füüsiline kohandamine: 9 defined terms
  Radioaktiivsete jäätmete sisse-, välja- ning läbiveo dokumentide menetlemise korra ja tähtaegade erisused lähtuvalt päritolu- ja sihtriigist: 7 defined terms
  Rahvusvahelise patenditaotluse Patendiametile esitamise kord: 7 defined terms
  Ravimite piirhindade arvutamise metoodika, kehtestamise tähtajad ning muutmise tingimused ja tähtajad: 6 defined terms
  Reisiparvlaevade eripüstuvusnõuded: 5 defined terms
  Riigikaitselise ehitise töövõime kriteeriumid, piirangute ruumiline ulatus ja andmed riigikaitselise ehitise töövõimet mõjutavate ehitiste kohta: 9 defined terms
  Riigisaladuse ja salastatud välisteabe kaitse kord: 26 defined terms
  Rohelise investeerimisskeemi „Elektriautode toetus” kasutamise tingimused ja kord: 8 defined terms
  Rohelise investeerimisskeemi „Korterelamute rekonstrueerimise toetus” kasutamise tingimused ja kord: 8 defined terms
  Rohetehnoloogiate arendamise toetuse andmise tingimused ja kord: 18 defined terms
  „Sektoritevahelise mobiilsuse toetamine“ elluviimiseks toetuse andmise tingimused ja kord: 12 defined terms
  Seotud isikute vahel tehtud tehingute väärtuse määramise meetodid: 9 defined terms
  Soojus- ja elektrienergia tõhusa koostootmise nõuded: 9 defined terms
  Soojuse müügi ajutise hinna kehtestamise kord: 17 defined terms
  Sotsiaal- ja tervisevaldkonna vabaühenduste toetamine: 6 defined terms
  Strateegiliste uuringute programmi pikaajaliste uurimissuundade sihttoetuse eraldamise tingimused ja kord: 10 defined terms
  Struktuuritoetuse andmise tingimused tööturul vajalike keelepädevuste arendamiseks: 5 defined terms
  Taaste- ja vastupidavuskava elluviimise korraldus ja toetuse andmise üldtingimused: 8 defined terms
  Taastuvast energiaallikast ja tõhusa koostootmise režiimil energia tootmiseks korraldatava vähempakkumise tingimused ja kord: 6 defined terms
  Taastuvast energiaallikast toodetava elektrienergia osakaalu määramise tingimused ja kord, elektrienergia ning koostootmise režiimil toodetud elektri- ja soojusenergia tootmiseks kasutatud kütuse aruande andmekoosseis, aruande täitmise ja tõendamise kord ning kütuse kütteväärtuse määramise kord ja tingimused: 3 defined terms
  Taastuvenergia tasu vähendamise toetuse taotlemise ja andmise tingimused: 13 defined terms
  „Tänapäevase õpikäsituse rakendamine ning kompetentsikeskuste arendamine Tallinna Ülikoolis ja Tartu Ülikoolis” elluviimiseks struktuuritoetuse andmise tingimused ja kord: 13 defined terms
  Tänavavalgustuse taristu renoveerimise toetamise tingimused: 4 defined terms
  Teadus- ja arendustegevuse sihttoetuse eraldamise ning tagasinõudmise tingimused ja kord: 5 defined terms
  Teaduse populariseerimise alategevuse „Teeme+” toetuse andmise tingimused ja kord: 6 defined terms
  Teaduse tippkeskuste nimetamise ning finantseerimise tingimused ja kord: 10 defined terms
  Teadusuuringute mõju suurendamine ning teadusasutuste ja kõrgkoolide institutsionaalse teadmussiirde suutlikkuse toetamine (Astra+): 4 defined terms
  Tee seisundinõuded: 11 defined terms
  Tervishoiuteenuste kättesaadavuse ja ravijärjekorra pidamise nõuded: 8 defined terms
  Tervishoiuteenuste kvaliteedi ja patsiendiohutuse tagamise nõuded: 7 defined terms
  Toetuse andmise tingimused Ida-Virumaa tööstusinvesteeringute toetamiseks: 9 defined terms
  Toetuse andmise tingimused ja kord energiasalvestuse pilootprojektide arendamiseks: 12 defined terms
  Toetuse andmise tingimused ja kord laevade ümberehitamiseks keskkonnasõbralikumaks: 5 defined terms
  Toetuse andmise tingimused ja kord rohevesiniku kasutuselevõtuks ühistranspordisektoris: 14 defined terms
  Toetuse andmise tingimused ja kord rohevesiniku kasutuselevõtuks transpordisektoris ja keemiatööstuse lähteaine tootmiseks: 18 defined terms
  Toetuse andmise tingimused ja kord taastuvelektri tootmisseadmete põhi- ja jaotusvõrguga liitumiseks: 10 defined terms
  Toetuse andmise tingimused meetme „Ettevõtete ressursitõhusus” tegevuse „Jäätmete ringlussevõtu toetamine” jaoks avatud taotlemise korral: 6 defined terms
  Toetuse andmise tingimused meetmes „Ida-Virumaa linnapiirkondade jätkusuutlik areng”: 10 defined terms
  Toetuse andmise tingimused meetmes „Linnapiirkondade jätkusuutlik areng”: 8 defined terms
  Toetuse andmise tingimused regionaalsete kompetentsikeskuste arendamiseks: 19 defined terms
  Toetuse andmise tingimused tegevuseks „Ida-Virumaa tööstusinvesteeringute toetamine”: 9 defined terms
  Toetuse andmise tingimused tegevuseks „Piirkondlikud algatused tööhõive ja ettevõtlikkuse edendamiseks” perioodil 2017–2023: 5 defined terms
  Tööhõiveprogramm 2024–2029: 8 defined terms
  Tööruumide õhu radoonisisalduse viitetase, õhu radoonisisalduse mõõtmise kord ja tööandja kohustused kõrgendatud radooniriskiga töökohtadel: 3 defined terms
  Töötervishoiu ja tööohutuse nõuded ehituses: 5 defined terms
  Töötervishoiu ja tööohutuse nõuded elektromagnetväljadest mõjutatud töökeskkonnale, elektromagnetväljadega kokkupuute piirnormid ja rakendusväärtused ning elektromagnetväljade mõõtmise kord: 5 defined terms
  Töötervishoiu ja tööohutuse nõuded mürast mõjutatud töökeskkonnale, töökeskkonna müra piirnormid ja müra mõõtmise kord: 7 defined terms
  Töötervishoiu ja tööohutuse nõuded tehislikust optilisest kiirgusest mõjutatud töökeskkonnas, tehisliku optilise kiirguse piirnormid ja kiirguse mõõtmise kord: 7 defined terms
  Töötervishoiu ja tööohutuse nõuded vibratsioonist mõjutatud töökeskkonnale, töökeskkonna vibratsiooni piirnormid ja vibratsiooni mõõtmise kord: 3 defined terms
  Tööturul osalemist toetavad hoolekandeteenused hoolduskoormusega inimeste toimetuleku toetamiseks: 9 defined terms
  Töövõime hindamise taotlusele kantavate andmete loetelu, töövõime hindamise tingimused ja töövõimet välistavate seisundite loetelu: 10 defined terms
  Topo-geodeetilisele uuringule ja teostusmõõdistamisele esitatavad nõuded: 24 defined terms
  Topograafiliste andmete hõive kord ja üldist tähtsust omavad topograafilised nähtused: 3 defined terms
  Ühisturunduse toetamise tingimused ja kord: 4 defined terms
  Üldhooldusteenuse kohandamine nakkushaiguste leviku tõkestamiseks: 4 defined terms
  Üliõpilaste inseneri valdkonna arendusprojektidele toetuse andmise tingimused ja kord: 4 defined terms
  Väärismetalltoodete analüüsimise ja kontrollmärgisega märgistamise kord: 6 defined terms
  Vabariigi Valitsuse algatatud haldusterritoriaalse korralduse muutmisega seonduvate kulude katmise tingimused ja kord: 3 defined terms
  Väikeelamute energiatõhususe suurendamise toetuse kasutamise tingimused ja kord: 6 defined terms
  Väikeelamute rekonstrueerimise toetamine: 11 defined terms
  Väikelaeva, alla 12-meetrise kogupikkusega laeva ja jeti registreerimise eeskiri: 21 defined terms
  Väikesadamate võrgustiku väljaarendamise toetamise tingimused ja kord: 6 defined terms
  Välismessitoetuse tingimused ja kord: 6 defined terms
  Välisriigis kvalifikatsiooni omandanud proviisori sobivustesti koostamise, korraldamise ja tulemuste hindamise kord: 4 defined terms
  Välisriigis omandatud proviisori kvalifikatsiooni Eestis nõutava kvalifikatsiooniga võrdlemise kord: 3 defined terms
  Vandeaudiitori või tunnustatud siseaudiitori juhendamisel praktiseerimise ning kutsealal tegutsemise tõendamise kord: 4 defined terms
  Veevõtukoha rajamise, katsetamise, kasutamise, korrashoiu, tähistamise ja teabevahetuse nõuded, tingimused ning kord: 7 defined terms
  Viivitamatu ohuteate edastamise ning selleks valmistumise, EE-ALARM-iga liitumise ning sellega seotud kulude hüvitamise ja sireeniseadme kasutuselevõtu, haldamise ning testimise tingimused ja kord: 5 defined terms
  Võrdse kohtlemise ja soolise võrdõiguslikkuse edendamise rahaline toetamine: 7 defined terms
  Võrdsete võimaluste ja soolise võrdsuse edendamise toetus: 7 defined terms
  Reklaamiseadus: 8 defined terms
  Riigisaladuse ja salastatud välisteabe seadus: 15 defined terms
  Riigivaraseadus: 13 defined terms
  Sadamaseadus: 22 defined terms
  Sotsiaalhoolekande seadus: 8 defined terms
  Spordiseadus: 6 defined terms
  Tarbijakaitseseadus: 15 defined terms
  Tööstusomandi õiguskorralduse aluste seadus: 6 defined terms
  Toote nõuetele vastavuse seadus: 14 defined terms
  Tulumaksuseadus: 6 defined terms
  Turvategevuse seadus: 11 defined terms
  Väärismetalltoodete seadus: 10 defined terms
  Välissuhtlemisseadus: 3 defined terms
  Väljasõidukohustuse ja sissesõidukeelu seadus: 3 defined terms
  Veeseadus: 3 defined terms

  Total: 10430 defined terms from 1215 laws

[3/5] Building cross-reference graph...
  Canonical concepts: 3375  (filtered noise terms: 3)
  Concept terms appearing in multiple laws: 1046

[4/5] Generating JSON-LD concept files...
  #458 hygiene: removed 233 kehtetu concept(s), folded 13 plural(s), 1 mojibake pair(s), 15 orthographic variant(s), bound 13543 concept(s) into the scheme
  Saved: concepts_combined.jsonld (13545 nodes)

[5/5] Generating concept_crossref_report.json...

======================================================================
SUMMARY
======================================================================
  Laws analyzed:              16938
  Laws with definitions:      1215
  Total defined terms:        10430
  Unique terms:               3378
  Canonical concepts:         3375
  Filtered noise terms:       3
  Terms in multiple laws:     1046
  Orthographic folds:         15

  Top 5 laws by definitions:
    laane_harju_valla_uhisveevargi_ja_kanalisatsiooni_liitumise__t1059614: 54 terms
    meresoiduohutuse_seadus: 43 terms
    tallinna_linna_raamatupidamise_sise_eeskiri_t1013515: 43 terms
    elektrituruseadus: 40 terms
    muhu_vallavalitsuse_raamatupidamise_sise_eeskiri_t1060379: 39 terms

  Top 5 cross-referenced terms:
    "reovesi" appears in 111 laws
    "kinnistu" appears in 94 laws
    "purgimiskoht" appears in 76 laws
    "vee-ettevõtja" appears in 65 laws
    "liitumine" appears in 61 laws

  Output: krr_outputs/concepts/
  Combined: concepts_combined.jsonld
  Report:   concept_crossref_report.json
======================================================================
