# extract_sanctions.py started 2026-10-09T14:40:47.387138+00:00
======================================================================
Estonian Legal Ontology - Sanctions Extraction
======================================================================

[1/4] Processing law files (per-file idempotent)...
  [100/16938] processed – 378 sanctions found
  [200/16938] processed – 378 sanctions found
  [300/16938] processed – 379 sanctions found
  [400/16938] processed – 595 sanctions found
  [500/16938] processed – 1143 sanctions found
  [600/16938] processed – 4404 sanctions found
  [700/16938] processed – 5586 sanctions found
  [800/16938] processed – 5758 sanctions found
  [900/16938] processed – 5986 sanctions found
  [1000/16938] processed – 6134 sanctions found
  [1100/16938] processed – 6136 sanctions found
  [1200/16938] processed – 6147 sanctions found
  [1300/16938] processed – 6149 sanctions found
  [1400/16938] processed – 6149 sanctions found
  [1500/16938] processed – 6155 sanctions found
  [1600/16938] processed – 6161 sanctions found
  [1700/16938] processed – 6167 sanctions found
  [1800/16938] processed – 6167 sanctions found
  [1900/16938] processed – 6171 sanctions found
  [2000/16938] processed – 6181 sanctions found
  [2100/16938] processed – 6187 sanctions found
  [2200/16938] processed – 6189 sanctions found
  [2300/16938] processed – 6193 sanctions found
  [2400/16938] processed – 6195 sanctions found
  [2500/16938] processed – 6201 sanctions found
  [2600/16938] processed – 6201 sanctions found
  [2700/16938] processed – 6208 sanctions found
  [2800/16938] processed – 6211 sanctions found
  [2900/16938] processed – 6215 sanctions found
  [3000/16938] processed – 6217 sanctions found
  [3100/16938] processed – 6219 sanctions found
  [3200/16938] processed – 6219 sanctions found
  [3300/16938] processed – 6227 sanctions found
  [3400/16938] processed – 6231 sanctions found
  [3500/16938] processed – 6233 sanctions found
  [3600/16938] processed – 6246 sanctions found
  [3700/16938] processed – 6254 sanctions found
  [3800/16938] processed – 6260 sanctions found
  [3900/16938] processed – 6268 sanctions found
  [4000/16938] processed – 6274 sanctions found
  [4100/16938] processed – 6274 sanctions found
  [4200/16938] processed – 6278 sanctions found
  [4300/16938] processed – 6283 sanctions found
  [4400/16938] processed – 6285 sanctions found
  [4500/16938] processed – 6287 sanctions found
  [4600/16938] processed – 6291 sanctions found
  [4700/16938] processed – 6299 sanctions found
  [4800/16938] processed – 6317 sanctions found
  [4900/16938] processed – 6317 sanctions found
  [5000/16938] processed – 6321 sanctions found
  [5100/16938] processed – 6323 sanctions found
  [5200/16938] processed – 6329 sanctions found
  [5300/16938] processed – 6333 sanctions found
  [5400/16938] processed – 6339 sanctions found
  [5500/16938] processed – 6339 sanctions found
  [5600/16938] processed – 6341 sanctions found
  [5700/16938] processed – 6346 sanctions found
  [5800/16938] processed – 6348 sanctions found
  [5900/16938] processed – 6350 sanctions found
  [6000/16938] processed – 6358 sanctions found
  [6100/16938] processed – 6365 sanctions found
  [6200/16938] processed – 6367 sanctions found
  [6300/16938] processed – 6367 sanctions found
  [6400/16938] processed – 6380 sanctions found
  [6500/16938] processed – 6380 sanctions found
  [6600/16938] processed – 6380 sanctions found
  [6700/16938] processed – 6380 sanctions found
  [6800/16938] processed – 6386 sanctions found
  [6900/16938] processed – 6390 sanctions found
  [7000/16938] processed – 6392 sanctions found
  [7100/16938] processed – 6396 sanctions found
  [7200/16938] processed – 6398 sanctions found
  [7300/16938] processed – 6400 sanctions found
  [7400/16938] processed – 6408 sanctions found
  [7500/16938] processed – 6408 sanctions found
  [7600/16938] processed – 6418 sanctions found
  [7700/16938] processed – 6420 sanctions found
  [7800/16938] processed – 6424 sanctions found
  [7900/16938] processed – 6428 sanctions found
  [8000/16938] processed – 6430 sanctions found
  [8100/16938] processed – 6432 sanctions found
  [8200/16938] processed – 6434 sanctions found
  [8300/16938] processed – 6438 sanctions found
  [8400/16938] processed – 6449 sanctions found
  [8500/16938] processed – 6460 sanctions found
  [8600/16938] processed – 6469 sanctions found
  [8700/16938] processed – 6469 sanctions found
  [8800/16938] processed – 6471 sanctions found
  [8900/16938] processed – 6475 sanctions found
  [9000/16938] processed – 6477 sanctions found
  [9100/16938] processed – 6479 sanctions found
  [9200/16938] processed – 6483 sanctions found
  [9300/16938] processed – 6483 sanctions found
  [9400/16938] processed – 6483 sanctions found
  [9500/16938] processed – 6483 sanctions found
  [9600/16938] processed – 6483 sanctions found
  [9700/16938] processed – 6487 sanctions found
  [9800/16938] processed – 6487 sanctions found
  [9900/16938] processed – 6487 sanctions found
  [10000/16938] processed – 6487 sanctions found
  [10100/16938] processed – 6494 sanctions found
  [10200/16938] processed – 6496 sanctions found
  [10300/16938] processed – 6502 sanctions found
  [10400/16938] processed – 6502 sanctions found
  [10500/16938] processed – 6502 sanctions found
  [10600/16938] processed – 6502 sanctions found
  [10700/16938] processed – 6505 sanctions found
  [10800/16938] processed – 6512 sanctions found
  [10900/16938] processed – 6512 sanctions found
  [11000/16938] processed – 6516 sanctions found
  [11100/16938] processed – 6516 sanctions found
  [11200/16938] processed – 6518 sanctions found
  [11300/16938] processed – 6520 sanctions found
  [11400/16938] processed – 6529 sanctions found
  [11500/16938] processed – 6533 sanctions found
  [11600/16938] processed – 6534 sanctions found
  [11700/16938] processed – 6538 sanctions found
  [11800/16938] processed – 6544 sanctions found
  [11900/16938] processed – 6546 sanctions found
  [12000/16938] processed – 6548 sanctions found
  [12100/16938] processed – 6548 sanctions found
  [12200/16938] processed – 6552 sanctions found
  [12300/16938] processed – 6556 sanctions found
  [12400/16938] processed – 6567 sanctions found
  [12500/16938] processed – 6572 sanctions found
  [12600/16938] processed – 6574 sanctions found
  [12700/16938] processed – 6574 sanctions found
  [12800/16938] processed – 6576 sanctions found
  [12900/16938] processed – 6577 sanctions found
  [13000/16938] processed – 6577 sanctions found
  [13100/16938] processed – 6577 sanctions found
  [13200/16938] processed – 6583 sanctions found
  [13300/16938] processed – 6585 sanctions found
  [13400/16938] processed – 6585 sanctions found
  [13500/16938] processed – 6587 sanctions found
  [13600/16938] processed – 6587 sanctions found
  [13700/16938] processed – 6587 sanctions found
  [13800/16938] processed – 6587 sanctions found
  [13900/16938] processed – 6587 sanctions found
  [14000/16938] processed – 6593 sanctions found
  [14100/16938] processed – 6597 sanctions found
  [14200/16938] processed – 6603 sanctions found
  [14300/16938] processed – 6603 sanctions found
  [14400/16938] processed – 6603 sanctions found
  [14500/16938] processed – 6603 sanctions found
  [14600/16938] processed – 6605 sanctions found
  [14700/16938] processed – 6607 sanctions found
  [14800/16938] processed – 6607 sanctions found
  [14900/16938] processed – 6607 sanctions found
  [15000/16938] processed – 6607 sanctions found
  [15100/16938] processed – 6607 sanctions found
  [15200/16938] processed – 6607 sanctions found
  [15300/16938] processed – 6611 sanctions found
  [15400/16938] processed – 6612 sanctions found
  [15500/16938] processed – 6612 sanctions found
  [15600/16938] processed – 6612 sanctions found
  [15700/16938] processed – 6612 sanctions found
  [15800/16938] processed – 6614 sanctions found
  [15900/16938] processed – 6614 sanctions found
  [16000/16938] processed – 6616 sanctions found
  [16100/16938] processed – 6616 sanctions found
  [16200/16938] processed – 6621 sanctions found
  [16300/16938] processed – 6621 sanctions found
  [16400/16938] processed – 6621 sanctions found
  [16500/16938] processed – 6625 sanctions found
  [16600/16938] processed – 6625 sanctions found
  [16700/16938] processed – 6884 sanctions found
  [16800/16938] processed – 7325 sanctions found
  [16900/16938] processed – 7849 sanctions found
  [16938/16938] processed – 8057 sanctions found

[2/4] Generating sanction files (476 laws with sanctions)...

[3/4] Generating report...
  Saved: sanctions_report.json

[4/4] SUMMARY
======================================================================
  Provisions analysed:       823082
  With sanctions:            5835
  Total sanction records:    8057
  Laws with sanctions:       476

  By sanction type:
    fine                       4249
    pecuniary_punishment       1190
    coercive_payment           1072
    imprisonment               1007
    arrest                     337
    confiscation               202

  Penalty normalisation (issue #133):
    structured (amount+unit):  6550
    penalty_unparsed:          48

  Top 5 laws by severity:
    karistusseadustik_osa2                         severity=5  count=2493
    kriisiolukorra_ja_riigikaitse_seadus           severity=5  count=47
    kriminaalmenetluse_seadustik                   severity=5  count=50
    vangistusseadus                                severity=5  count=15
    karistusregistri_seadus                        severity=5  count=12
======================================================================

Coverage report: /Users/henrikaavik/progemoge/estleg-w3id/krr_outputs/reports/kov/extract_sanctions_coverage.json
  input_files_total: 16938 (KOV: 11845)
  files_with_output: 476 (KOV: 208)
  triples_emitted (sanction records): 8057 (KOV: 448)

GATE OK
