# extract_temporal_data.py started 2026-10-09T10:29:20.046267+00:00
======================================================================
Estonian Legal Ontology - Extract Temporal Validity Data
======================================================================
Evaluation date: 2026-06-01

[1/4] Indexing XML files by globalId...
WARN: duplicate globalId 109072026028 in karistusseadustik__tid162500.xml and provision_versions/karistusseadustik__g109072026028.xml; keeping first
WARN: duplicate globalId 109072026046 in ohvriabi_seadus__tid1055674.xml and provision_versions/ohvriabi_seadus__g109072026046.xml; keeping first
WARN: duplicate globalId 130062026033 in provision_versions/tervishoiuteenuse_osutaja_kohustusliku_vastutuskindlustuse_seadus__g130062026033.xml and tervishoiuteenuse_osutaja_kohustusliku_vastutuskindlustuse_seadus__tid1054002.xml; keeping first
WARN: duplicate globalId 109072026065 in provision_versions/turvategevuse_seadus__g109072026065.xml and turvategevuse_seadus__tid1056042.xml; keeping first
WARN: duplicate globalId 111072026100 in provision_versions/valisinvesteeringu_usaldusvaarsuse_hindamise_seadus__g111072026100.xml and valisinvesteeringu_usaldusvaarsuse_hindamise_seadus__tid1055952.xml; keeping first
WARN: duplicate globalId 130062026102 in provision_versions/valismaalasele_rahvusvahelise_kaitse_andmise_seadus__g130062026102.xml and valismaalasele_rahvusvahelise_kaitse_andmise_seadus__tid1063588.xml; keeping first
  Indexed 15804 XML files

[2/4] Extracting temporal metadata per peep file...
  Extracted temporal data from 15762 unique XML files (across 15763 peep files; 0 errors)

[3/4] Loading INDEX.json for fallback metadata...
  Loaded metadata for 1127 laws from INDEX.json

[4/4] Enriching law JSON-LD files with temporal properties...
  Found 16938 law JSON-LD files

  Generating temporal_data_report.json...

======================================================================
SUMMARY
======================================================================
  Unique XML files paired: 15762
  With temporal data:    15762
  Peep files paired:     15763
  Law files enriched:    15941
  Skipped (no data):     997
  Skipped (no act node): 4
  Status breakdown:
    inForce: 15029
    repealed: 6
    notYetEffective: 727
    unknown: 1176

  Report: krr_outputs/reports/temporal_data_report.json
======================================================================
