# extract_cross_references.py started 2026-10-09T12:41:01.187831+00:00
======================================================================
Estonian Legal Ontology - Extract Cross-Law References
======================================================================

[1/5] Clearing existing estleg:references from law files...
  Cleaned 4446 files

[2/5] Building provision index from JSON-LD files...
  Found 15942 law prefixes with 823373 provisions
  Source act mappings: 13627
  law-title fallback: 13623 titles
  law-title -> provision prefixes: 13623 titles
WARN: duplicate globalId 109072026028 in karistusseadustik__tid162500.xml and provision_versions/karistusseadustik__g109072026028.xml; keeping first
WARN: duplicate globalId 109072026046 in ohvriabi_seadus__tid1055674.xml and provision_versions/ohvriabi_seadus__g109072026046.xml; keeping first
WARN: duplicate globalId 130062026033 in provision_versions/tervishoiuteenuse_osutaja_kohustusliku_vastutuskindlustuse_seadus__g130062026033.xml and tervishoiuteenuse_osutaja_kohustusliku_vastutuskindlustuse_seadus__tid1054002.xml; keeping first
WARN: duplicate globalId 109072026065 in provision_versions/turvategevuse_seadus__g109072026065.xml and turvategevuse_seadus__tid1056042.xml; keeping first
WARN: duplicate globalId 111072026100 in provision_versions/valisinvesteeringu_usaldusvaarsuse_hindamise_seadus__g111072026100.xml and valisinvesteeringu_usaldusvaarsuse_hindamise_seadus__tid1055952.xml; keeping first
WARN: duplicate globalId 130062026102 in provision_versions/valismaalasele_rahvusvahelise_kaitse_andmise_seadus__g130062026102.xml and valismaalasele_rahvusvahelise_kaitse_andmise_seadus__tid1063588.xml; keeping first
WARN: duplicate globalId 109072026028 in karistusseadustik__tid162500.xml and provision_versions/karistusseadustik__g109072026028.xml; keeping first
WARN: duplicate globalId 109072026046 in ohvriabi_seadus__tid1055674.xml and provision_versions/ohvriabi_seadus__g109072026046.xml; keeping first
WARN: duplicate globalId 130062026033 in provision_versions/tervishoiuteenuse_osutaja_kohustusliku_vastutuskindlustuse_seadus__g130062026033.xml and tervishoiuteenuse_osutaja_kohustusliku_vastutuskindlustuse_seadus__tid1054002.xml; keeping first
WARN: duplicate globalId 109072026065 in provision_versions/turvategevuse_seadus__g109072026065.xml and turvategevuse_seadus__tid1056042.xml; keeping first
WARN: duplicate globalId 111072026100 in provision_versions/valisinvesteeringu_usaldusvaarsuse_hindamise_seadus__g111072026100.xml and valisinvesteeringu_usaldusvaarsuse_hindamise_seadus__tid1055952.xml; keeping first
WARN: duplicate globalId 130062026102 in provision_versions/valismaalasele_rahvusvahelise_kaitse_andmise_seadus__g130062026102.xml and valismaalasele_rahvusvahelise_kaitse_andmise_seadus__tid1063588.xml; keeping first
  state-reg lookup: 3748 entries
  KOV act lookup (date-keyed): 11016 entries
  KOV act lookup (number-only): 6174 keys

[3/5] Building abbreviation-to-prefix mapping...
  Mapped 282 abbreviations to IRI prefixes
    AMVS -> ['AMVS'] (35 provisions)
    AS -> ['AS'] (301 provisions)
    ASeS -> ['ASeS'] (85 provisions)
    ATS -> ['AVALIK'] (701 provisions)
    ATSS -> ['ATSS'] (69 provisions)
    AVRS -> ['AVRS'] (119 provisions)
    AVTS -> ['AVTS'] (331 provisions)
    AVVKHS -> ['AVVKHS'] (12 provisions)
    AdvS -> ['AdvS'] (447 provisions)
    AiaTS -> ['AiaTS'] (83 provisions)
    AluS -> ['alusharidusseadus'] (310 provisions)
    AvKS -> ['AvKS'] (18 provisions)
    AÕKS -> ['ATMOSF'] (1105 provisions)
    AÕS -> ['AOS_Osa1', 'AOS_Osa2', 'AOS_Osa3', 'AOS_Osa4', 'AOS_Osa5', 'AOS_Osa6', 'AOS_Osa7', 'AOS_Osa8'] (1027 provisions)
    AÕSRS -> ['AOSRS'] (148 provisions)
    AÜS -> ['AUS'] (127 provisions)
    EAFS -> ['EAFS'] (48 provisions)
    EAS -> ['EAS'] (107 provisions)
    EKS -> ['ESS'] (1082 provisions)
    EKSS -> ['elundite_ja_kudede_siirdamise_seadus'] (18 provisions)
    EKodAS -> ['EKodAS'] (16 provisions)
    ELKTS -> ['ELKTS'] (53 provisions)
    ELRKS -> ['ELRKS'] (8 provisions)
    ELS -> ['ELS'] (77 provisions)
    ELTS -> ['ELTS'] (1056 provisions)
    ELTTS -> ['ELTTS'] (118 provisions)
    EMHÜS -> ['EMHUS'] (41 provisions)
    EOS -> ['EOS'] (38 provisions)
    ERAS -> ['ERAS'] (81 provisions)
    ERGS -> ['ERGS'] (27 provisions)
    ERHS -> ['ERHS'] (211 provisions)
    ERTS -> ['ERTS'] (83 provisions)
    ES -> ['ES'] (52 provisions)
    ESS -> ['ESS'] (1082 provisions)
    ETKRS -> ['ETKRS'] (24 provisions)
    ETMS -> ['ETMS'] (6 provisions)
    ETS -> ['ETS'] (111 provisions)
    EVKS -> ['EVKS'] (60 provisions)
    EhSE -> ['EHS'] (845 provisions)
    ElamuS -> ['ES'] (52 provisions)
    ElatisAS -> ['ElatisAS'] (19 provisions)
    EnKS -> ['EnKS'] (428 provisions)
    ErS -> ['ErS'] (54 provisions)
    ErSS -> ['ErSS'] (133 provisions)
    EraKS -> ['EraKS'] (238 provisions)
    FELS -> ['FELS'] (902 provisions)
    FIS -> ['FIS'] (668 provisions)
    GMOVS -> ['GMOVS'] (205 provisions)
    GTKS -> ['GTKS'] (188 provisions)
    HKMS -> ['HALDUS'] (1308 provisions)
    HKTS -> ['HKTS'] (78 provisions)
    HLÜS -> ['HLUS'] (296 provisions)
    HMS -> ['haldusmenetluse_seadus'] (433 provisions)
    HasMMS -> ['HasMMS'] (32 provisions)
    HuviKS -> ['HuviKS'] (120 provisions)
    HÜS -> ['HUS'] (111 provisions)
    IKS -> ['ISIKUA'] (276 provisions)
    ITDS -> ['ITD'] (494 provisions)
    ITVS -> ['ITVS'] (36 provisions)
    InfoTS -> ['InfoTS'] (99 provisions)
    JAS -> ['JAS'] (223 provisions)
    JTS -> ['JTS'] (33 provisions)
    JäätS -> ['JaatS'] (1070 provisions)
    KAS -> ['KREDII_2'] (1753 provisions)
    KASVS -> ['KASVS'] (44 provisions)
    KAVS -> ['KAITSE_3'] (1443 provisions)
    KBFIS -> ['KBFIS'] (62 provisions)
    KDS -> ['KDS'] (71 provisions)
    KELS -> ['KELS'] (39 provisions)
    KGOS -> ['KGOS'] (48 provisions)
    KHaS -> ['KHaS'] (304 provisions)
    KLS -> ['KALAPU'] (552 provisions)
    KMS -> ['KMS'] (547 provisions)
    KNS -> ['kohanimeseadus'] (162 provisions)
    KOFS -> ['KOFS'] (313 provisions)
    KOKS -> ['KOKS'] (627 provisions)
    KOS -> ['KOS'] (30 provisions)
    KOVVS -> ['KOVVS'] (476 provisions)
    KRHMS -> ['KRHMS'] (31 provisions)
    KS -> ['KS'] (861 provisions)
    KVEKS -> ['KVEKS'] (129 provisions)
    KVS -> ['KORRUP'] (111 provisions)
    KaevS -> ['KaevS'] (36 provisions)
    KarRS -> ['KARIST'] (170 provisions)
    KarS -> ['KARIST_2_Osa1', 'KARIST_2_Osa2'] (1906 provisions)
    KarSRS -> ['KarSRS'] (82 provisions)
    KasMS -> ['KasMS'] (334 provisions)
    KaubTS -> ['KaubTS'] (35 provisions)
    KaugKS -> ['KAUGKU'] (159 provisions)
    KeHJS -> ['KeHJS'] (401 provisions)
    KeJS -> ['KeJS'] (70 provisions)
    KeRS -> ['KeRS'] (61 provisions)
    KeVS -> ['KeVS'] (182 provisions)
    KeÜS -> ['KESKKO'] (347 provisions)
    KeÜSE -> ['KESKKO'] (347 provisions)
    KiKoS -> ['KiKoS'] (149 provisions)
    KindlTS -> ['KINDLU'] (1823 provisions)
    KoMS -> ['KoMS'] (63 provisions)
    KoPS -> ['KoPS'] (675 provisions)
    KodS -> ['KodS'] (231 provisions)
    KomPS -> ['KomPS'] (104 provisions)
    KorrS -> ['KORS'] (512 provisions)
    KrHS -> ['KrHS'] (151 provisions)
    KrMS -> ['KRIMIN_2'] (3608 provisions)
    KrMSRS -> ['KrMSRS'] (66 provisions)
    KultKS -> ['KultKS'] (137 provisions)
    KultVS -> ['KultVS'] (85 provisions)
    KÜS -> ['KS', 'korteriuhistuseadus'] (879 provisions)
    LKKS -> ['LKKS'] (31 provisions)
    LKOS -> ['LKOS'] (44 provisions)
    LKS -> ['LKS'] (628 provisions)
    LS -> ['LIIKLU_2'] (2016 provisions)
    LTTS -> ['LTTS'] (81 provisions)
    LaevaRS -> ['LaevaRS'] (439 provisions)
    LasteKS -> ['LasteKS'] (206 provisions)
    LoKS -> ['LoKS'] (491 provisions)
    MEES -> ['MEES'] (10 provisions)
    MERAS -> ['MERA'] (728 provisions)
    MGS -> ['MGS'] (525 provisions)
    MHS -> ['MHS'] (83 provisions)
    MKS -> ['MKS'] (1181 provisions)
    MSOS -> ['MSOS'] (1285 provisions)
    MTKS -> ['MTKS'] (253 provisions)
    MTRS -> ['MTRS'] (34 provisions)
    MTS -> ['MTS'] (8 provisions)
    MTVS -> ['MTVS'] (332 provisions)
    MTÜS -> ['MTUS'] (458 provisions)
    MVS -> ['MVS'] (57 provisions)
    MaaKS -> ['MaaKS'] (188 provisions)
    MaaKatS -> ['MaaKatS'] (218 provisions)
    MaaRS -> ['MaaRS'] (363 provisions)
    MsÜS -> ['MSU'] (360 provisions)
    NETS -> ['NETS'] (248 provisions)
    NPALS -> ['NPALS'] (132 provisions)
    NPASe -> ['NPALS', 'narkootiliste_ja_psuhhotroopsete_ainete_seadus'] (147 provisions)
    NRAPS -> ['NRAPS'] (18 provisions)
    NS -> ['NS'] (140 provisions)
    NotDVS -> ['NotDVS'] (90 provisions)
    NotS -> ['NotS'] (339 provisions)
    PGS -> ['POHIKO'] (635 provisions)
    PISTS -> ['PISTS'] (159 provisions)
    PKS -> ['PKS'] (813 provisions)
    PKTS -> ['PKTS'] (420 provisions)
    PPVS -> ['POLITS'] (911 provisions)
    PPVSE -> ['POLITS'] (911 provisions)
    PRS -> ['PRS'] (77 provisions)
    PS -> ['eesti_vabariigi_pohiseadus'] (492 provisions)
    PTS -> ['PTS'] (15 provisions)
    PakS -> ['PakS'] (316 provisions)
    PalS -> ['PalS'] (47 provisions)
    PankrS -> ['PankrS'] (1079 provisions)
    PatS -> ['PatS'] (462 provisions)
    PatVS -> ['PatVS'] (238 provisions)
    PlanS -> ['PLANEE_2'] (817 provisions)
    ProkS -> ['ProkS'] (374 provisions)
    PsAS -> ['PsAS'] (113 provisions)
    PuhkS -> ['PuhkS'] (41 provisions)
    PäästeTS -> ['PaasteTS'] (194 provisions)
    PõLS -> ['PoLS'] (27 provisions)
    PõRS -> ['PRS', 'pollumajandusreformi_seadus'] (93 provisions)
    RAPS -> ['RAPS'] (12 provisions)
    RAS -> ['RAS'] (308 provisions)
    RELS -> ['RELS'] (42 provisions)
    REOS -> ['REOS_2'] (50 provisions)
    RES -> ['REELS'] (423 provisions)
    REÕS -> ['REOS'] (226 provisions)
    RHS -> ['RIIGIH'] (1273 provisions)
    RHS_HÄDA -> ['HADAOL'] (398 provisions)
    RKPSS -> ['RKPSS'] (47 provisions)
    RKSKS -> ['RKSKS'] (49 provisions)
    RKSS -> ['RKSS'] (64 provisions)
    RKTS -> ['RKTS'] (27 provisions)
    RKVS -> ['RIIGIK_2'] (536 provisions)
    RLS -> ['RIIGIL_2'] (1692 provisions)
    ROS -> ['ROS'] (104 provisions)
    RPKS -> ['RPKS'] (434 provisions)
    RPTS -> ['RPTS'] (35 provisions)
    RRKS -> ['RRKS'] (39 provisions)
    RSKS -> ['RSKS'] (32 provisions)
    RSS -> ['RSS'] (41 provisions)
    RSVS -> ['RSS'] (41 provisions)
    RStS -> ['RStS'] (229 provisions)
    RTerS -> ['RTerS'] (23 provisions)
    RVMS -> ['RVMS'] (43 provisions)
    RVaS -> ['RVaS'] (83 provisions)
    RVastS -> ['RVastS'] (115 provisions)
    RaKS -> ['RaKS'] (539 provisions)
    RaRS -> ['RaRS'] (91 provisions)
    RaamatPS -> ['RAAMAT'] (313 provisions)
    RaamatS -> ['RaRS'] (91 provisions)
    RahaPTS -> ['RTRT'] (677 provisions)
    RahaS -> ['RahaS'] (8 provisions)
    RahvaS -> ['RAHVAH'] (325 provisions)
    RakKKS -> ['RakKKS'] (46 provisions)
    RanKS -> ['RanKS'] (24 provisions)
    RavS -> ['RavS'] (1008 provisions)
    RelvS -> ['RelvS'] (1251 provisions)
    ReprS -> ['ReprS'] (72 provisions)
    RingHS -> ['RingHS'] (66 provisions)
    RuumS -> ['RAS'] (308 provisions)
    RÕS -> ['ROS_2'] (220 provisions)
    SAS -> ['SAS'] (402 provisions)
    SCEPS -> ['SCEPS'] (43 provisions)
    SEPS -> ['SEPS'] (114 provisions)
    SES -> ['SES'] (23 provisions)
    SETS -> ['SETS'] (23 provisions)
    SHKS -> ['SHKS'] (75 provisions)
    SHS -> ['SOTSIA'] (1034 provisions)
    SMMS -> ['SMS'] (122 provisions)
    SMS -> ['SMS'] (122 provisions)
    SOS -> ['SOS'] (56 provisions)
    SRKS -> ['SRKS'] (16 provisions)
    STS2004 -> ['STS2004_2006'] (226 provisions)
    STS2004_2006 -> ['struktuuritoetuse_seadus'] (42 provisions)
    STS2007 -> ['STS2007_2013'] (231 provisions)
    STS2014 -> ['STS2014_2020'] (361 provisions)
    SVKS -> ['SVKS'] (43 provisions)
    SaasteTS -> ['SaasteTS'] (28 provisions)
    SoVS -> ['SoVS'] (74 provisions)
    SpS -> ['SpS'] (179 provisions)
    TAKS -> ['TAKS'] (30 provisions)
    TAS -> ['TAS'] (97 provisions)
    TDRS -> ['TDRS'] (26 provisions)
    TDVS -> ['TDVS'] (73 provisions)
    TFS -> ['TFS'] (642 provisions)
    THS -> ['THS'] (604 provisions)
    TKS -> ['Tolliseadus'] (320 provisions)
    TKindlS -> ['TKindlS'] (344 provisions)
    TLS -> ['TOOLEP'] (660 provisions)
    TMS -> ['TMS'] (1081 provisions)
    TNSS -> ['TNSS'] (14 provisions)
    TOAS -> ['TOAS'] (343 provisions)
    TPS -> ['TPS'] (31 provisions)
    TPSKS -> ['TPSKS'] (667 provisions)
    TPTS -> ['TTTS'] (51 provisions)
    TTKS -> ['TTKS'] (696 provisions)
    TTOS -> ['TTOS'] (357 provisions)
    TTTS -> ['TTTS'] (51 provisions)
    TTeOS -> ['TTeOS'] (5 provisions)
    TaimKS -> ['TaimKS'] (514 provisions)
    TeeS -> ['TeeS'] (61 provisions)
    TeenMS -> ['TeenMS'] (238 provisions)
    TeleKS -> ['TeleKS'] (135 provisions)
    ToiduS -> ['ToiduS'] (387 provisions)
    TsK -> ['TsK'] (25 provisions)
    TsMS -> ['tsiviilkohtumenetluse_seadustik_Osa1', 'tsiviilkohtumenetluse_seadustik_Osa10', 'tsiviilkohtumenetluse_seadustik_Osa11', 'tsiviilkohtumenetluse_seadustik_Osa12', 'tsiviilkohtumenetluse_seadustik_Osa13', 'tsiviilkohtumenetluse_seadustik_Osa14', 'tsiviilkohtumenetluse_seadustik_Osa2', 'tsiviilkohtumenetluse_seadustik_Osa3', 'tsiviilkohtumenetluse_seadustik_Osa4', 'tsiviilkohtumenetluse_seadustik_Osa5', 'tsiviilkohtumenetluse_seadustik_Osa6', 'tsiviilkohtumenetluse_seadustik_Osa7'] (3476 provisions)
    TsÜS -> ['TsUS_Osa2', 'TsUS_Osa4', 'TsUS_Osa7'] (504 provisions)
    TuKS -> ['TuKS'] (87 provisions)
    TuMS -> ['TULUMA'] (697 provisions)
    TurS -> ['TurS'] (163 provisions)
    TurvaS -> ['TurvaS'] (65 provisions)
    TÕAS -> ['TOAS'] (343 provisions)
    TÜKS -> ['TUKS'] (103 provisions)
    TÜS -> ['TUS'] (418 provisions)
    TõS -> ['ToS'] (239 provisions)
    VHS -> ['VHS'] (12 provisions)
    VKS -> ['VKS'] (409 provisions)
    VKTS -> ['VKT'] (172 provisions)
    VKVS -> ['VKVS'] (188 provisions)
    VMS -> ['VALISM'] (1566 provisions)
    VMTS -> ['VMTS'] (135 provisions)
    VPTKS -> ['VPTKS'] (103 provisions)
    VPTS -> ['VPTS'] (2254 provisions)
    VPVS -> ['VPVS'] (119 provisions)
    VSS -> ['VSS'] (666 provisions)
    VSaarS -> ['VSaarS'] (68 provisions)
    VTMS -> ['VTMS'] (1041 provisions)
    VeeS -> ['VEE'] (1290 provisions)
    VetKS -> ['VetKS'] (60 provisions)
    VÕKS -> ['VOKS'] (2 provisions)
    VÕS -> ['volaoigusseadus_Osa1', 'volaoigusseadus_Osa10', 'volaoigusseadus_Osa2', 'volaoigusseadus_Osa3', 'volaoigusseadus_Osa4', 'volaoigusseadus_Osa5', 'volaoigusseadus_Osa7', 'volaoigusseadus_Osa8', 'volaoigusseadus_Osa9'] (4528 provisions)
    VÕVS -> ['VOVS'] (43 provisions)
    VäetS -> ['VaetS'] (143 provisions)
    VõrdKS -> ['VordKS'] (96 provisions)
    ÄRS -> ['ARS'] (267 provisions)
    ÄS -> ['ariseadustik'] (2474 provisions)
    ÕÕS -> ['OOS'] (209 provisions)
    ÜKS -> ['KS', 'ulikooliseadus'] (919 provisions)
    ÜLTS -> ['ULTS'] (24 provisions)
    ÜTS -> ['UHISTR'] (466 provisions)
    ÜVLS -> ['UVLS'] (122 provisions)
    ÜVVKS -> ['UHISVE'] (357 provisions)

[4/5] Processing law files for cross-references...
  Processed 50/16938 files (refs found so far: 2687)
  Processed 100/16938 files (refs found so far: 3274)
  Processed 150/16938 files (refs found so far: 3279)
  Processed 200/16938 files (refs found so far: 3284)
  Processed 250/16938 files (refs found so far: 3359)
  Processed 300/16938 files (refs found so far: 3361)
  Processed 350/16938 files (refs found so far: 5050)
  Processed 400/16938 files (refs found so far: 5337)
  Processed 450/16938 files (refs found so far: 7010)
  Processed 500/16938 files (refs found so far: 10696)
  Processed 550/16938 files (refs found so far: 13538)
  Processed 600/16938 files (refs found so far: 18999)
  Processed 650/16938 files (refs found so far: 20849)
  Processed 700/16938 files (refs found so far: 23248)
  Processed 750/16938 files (refs found so far: 24956)
  Processed 800/16938 files (refs found so far: 26643)
  Processed 850/16938 files (refs found so far: 27749)
  Processed 900/16938 files (refs found so far: 27975)
  Processed 950/16938 files (refs found so far: 28854)
  Processed 1000/16938 files (refs found so far: 28909)
  Processed 1050/16938 files (refs found so far: 28950)
  Processed 1100/16938 files (refs found so far: 28989)
  Processed 1150/16938 files (refs found so far: 29045)
  Processed 1200/16938 files (refs found so far: 29063)
  Processed 1250/16938 files (refs found so far: 29171)
  Processed 1300/16938 files (refs found so far: 29171)
  Processed 1350/16938 files (refs found so far: 29171)
  Processed 1400/16938 files (refs found so far: 29180)
  Processed 1450/16938 files (refs found so far: 29213)
  Processed 1500/16938 files (refs found so far: 29226)
  Processed 1550/16938 files (refs found so far: 29237)
  Processed 1600/16938 files (refs found so far: 29295)
  Processed 1650/16938 files (refs found so far: 29349)
  Processed 1700/16938 files (refs found so far: 29386)
  Processed 1750/16938 files (refs found so far: 29442)
  Processed 1800/16938 files (refs found so far: 29465)
  Processed 1850/16938 files (refs found so far: 29536)
  Processed 1900/16938 files (refs found so far: 29566)
  Processed 1950/16938 files (refs found so far: 29580)
  Processed 2000/16938 files (refs found so far: 29652)
  Processed 2050/16938 files (refs found so far: 29701)
  Processed 2100/16938 files (refs found so far: 29725)
  Processed 2150/16938 files (refs found so far: 29740)
  Processed 2200/16938 files (refs found so far: 29785)
  Processed 2250/16938 files (refs found so far: 29819)
  Processed 2300/16938 files (refs found so far: 29845)
  Processed 2350/16938 files (refs found so far: 29847)
  Processed 2400/16938 files (refs found so far: 29878)
  Processed 2450/16938 files (refs found so far: 29979)
  Processed 2500/16938 files (refs found so far: 29981)
  Processed 2550/16938 files (refs found so far: 29991)
  Processed 2600/16938 files (refs found so far: 29996)
  Processed 2650/16938 files (refs found so far: 30023)
  Processed 2700/16938 files (refs found so far: 30099)
  Processed 2750/16938 files (refs found so far: 30125)
  Processed 2800/16938 files (refs found so far: 30163)
  Processed 2850/16938 files (refs found so far: 30182)
  Processed 2900/16938 files (refs found so far: 30251)
  Processed 2950/16938 files (refs found so far: 30292)
  Processed 3000/16938 files (refs found so far: 30437)
  Processed 3050/16938 files (refs found so far: 30445)
  Processed 3100/16938 files (refs found so far: 30485)
  Processed 3150/16938 files (refs found so far: 30612)
  Processed 3200/16938 files (refs found so far: 30630)
  Processed 3250/16938 files (refs found so far: 30652)
  Processed 3300/16938 files (refs found so far: 30683)
  Processed 3350/16938 files (refs found so far: 30714)
  Processed 3400/16938 files (refs found so far: 30774)
  Processed 3450/16938 files (refs found so far: 30811)
  Processed 3500/16938 files (refs found so far: 30871)
  Processed 3550/16938 files (refs found so far: 30905)
  Processed 3600/16938 files (refs found so far: 30938)
  Processed 3650/16938 files (refs found so far: 31017)
  Processed 3700/16938 files (refs found so far: 31022)
  Processed 3750/16938 files (refs found so far: 31056)
  Processed 3800/16938 files (refs found so far: 31073)
  Processed 3850/16938 files (refs found so far: 31170)
  Processed 3900/16938 files (refs found so far: 31184)
  Processed 3950/16938 files (refs found so far: 31198)
  Processed 4000/16938 files (refs found so far: 31248)
  Processed 4050/16938 files (refs found so far: 31254)
  Processed 4100/16938 files (refs found so far: 31266)
  Processed 4150/16938 files (refs found so far: 31313)
  Processed 4200/16938 files (refs found so far: 31359)
  Processed 4250/16938 files (refs found so far: 31395)
  Processed 4300/16938 files (refs found so far: 31414)
  Processed 4350/16938 files (refs found so far: 31431)
  Processed 4400/16938 files (refs found so far: 31465)
  Processed 4450/16938 files (refs found so far: 31508)
  Processed 4500/16938 files (refs found so far: 31524)
  Processed 4550/16938 files (refs found so far: 31588)
  Processed 4600/16938 files (refs found so far: 31605)
  Processed 4650/16938 files (refs found so far: 31658)
  Processed 4700/16938 files (refs found so far: 31709)
  Processed 4750/16938 files (refs found so far: 31757)
  Processed 4800/16938 files (refs found so far: 31793)
  Processed 4850/16938 files (refs found so far: 31793)
  Processed 4900/16938 files (refs found so far: 31793)
  Processed 4950/16938 files (refs found so far: 31825)
  Processed 5000/16938 files (refs found so far: 31853)
  Processed 5050/16938 files (refs found so far: 31876)
  Processed 5100/16938 files (refs found so far: 31916)
  Processed 5150/16938 files (refs found so far: 31951)
  Processed 5200/16938 files (refs found so far: 32026)
  Processed 5250/16938 files (refs found so far: 32068)
  Processed 5300/16938 files (refs found so far: 32170)
  Processed 5350/16938 files (refs found so far: 32186)
  Processed 5400/16938 files (refs found so far: 32216)
  Processed 5450/16938 files (refs found so far: 32246)
  Processed 5500/16938 files (refs found so far: 32281)
  Processed 5550/16938 files (refs found so far: 32343)
  Processed 5600/16938 files (refs found so far: 32373)
  Processed 5650/16938 files (refs found so far: 32420)
  Processed 5700/16938 files (refs found so far: 32472)
  Processed 5750/16938 files (refs found so far: 32509)
  Processed 5800/16938 files (refs found so far: 32540)
  Processed 5850/16938 files (refs found so far: 32720)
  Processed 5900/16938 files (refs found so far: 32768)
  Processed 5950/16938 files (refs found so far: 32806)
  Processed 6000/16938 files (refs found so far: 32824)
  Processed 6050/16938 files (refs found so far: 32841)
  Processed 6100/16938 files (refs found so far: 32859)
  Processed 6150/16938 files (refs found so far: 32881)
  Processed 6200/16938 files (refs found so far: 32907)
  Processed 6250/16938 files (refs found so far: 32923)
  Processed 6300/16938 files (refs found so far: 33017)
  Processed 6350/16938 files (refs found so far: 33050)
  Processed 6400/16938 files (refs found so far: 33068)
  Processed 6450/16938 files (refs found so far: 33097)
  Processed 6500/16938 files (refs found so far: 33113)
  Processed 6550/16938 files (refs found so far: 33132)
  Processed 6600/16938 files (refs found so far: 33144)
  Processed 6650/16938 files (refs found so far: 33197)
  Processed 6700/16938 files (refs found so far: 33284)
  Processed 6750/16938 files (refs found so far: 33410)
  Processed 6800/16938 files (refs found so far: 33432)
  Processed 6850/16938 files (refs found so far: 33510)
  Processed 6900/16938 files (refs found so far: 33573)
  Processed 6950/16938 files (refs found so far: 33626)
  Processed 7000/16938 files (refs found so far: 33653)
  Processed 7050/16938 files (refs found so far: 33681)
  Processed 7100/16938 files (refs found so far: 33732)
  Processed 7150/16938 files (refs found so far: 33814)
  Processed 7200/16938 files (refs found so far: 33837)
  Processed 7250/16938 files (refs found so far: 33923)
  Processed 7300/16938 files (refs found so far: 33933)
  Processed 7350/16938 files (refs found so far: 33978)
  Processed 7400/16938 files (refs found so far: 34020)
  Processed 7450/16938 files (refs found so far: 34059)
  Processed 7500/16938 files (refs found so far: 34075)
  Processed 7550/16938 files (refs found so far: 34119)
  Processed 7600/16938 files (refs found so far: 34181)
  Processed 7650/16938 files (refs found so far: 34223)
  Processed 7700/16938 files (refs found so far: 34241)
  Processed 7750/16938 files (refs found so far: 34305)
  Processed 7800/16938 files (refs found so far: 34350)
  Processed 7850/16938 files (refs found so far: 34388)
  Processed 7900/16938 files (refs found so far: 34418)
  Processed 7950/16938 files (refs found so far: 34461)
  Processed 8000/16938 files (refs found so far: 34480)
  Processed 8050/16938 files (refs found so far: 34516)
  Processed 8100/16938 files (refs found so far: 34533)
  Processed 8150/16938 files (refs found so far: 34547)
  Processed 8200/16938 files (refs found so far: 34590)
  Processed 8250/16938 files (refs found so far: 34658)
  Processed 8300/16938 files (refs found so far: 34768)
  Processed 8350/16938 files (refs found so far: 34825)
  Processed 8400/16938 files (refs found so far: 34847)
  Processed 8450/16938 files (refs found so far: 34868)
  Processed 8500/16938 files (refs found so far: 34893)
  Processed 8550/16938 files (refs found so far: 34950)
  Processed 8600/16938 files (refs found so far: 34998)
  Processed 8650/16938 files (refs found so far: 35071)
  Processed 8700/16938 files (refs found so far: 35113)
  Processed 8750/16938 files (refs found so far: 35138)
  Processed 8800/16938 files (refs found so far: 35308)
  Processed 8850/16938 files (refs found so far: 35331)
  Processed 8900/16938 files (refs found so far: 35345)
  Processed 8950/16938 files (refs found so far: 35451)
  Processed 9000/16938 files (refs found so far: 35461)
  Processed 9050/16938 files (refs found so far: 35461)
  Processed 9100/16938 files (refs found so far: 35467)
  Processed 9150/16938 files (refs found so far: 35470)
  Processed 9200/16938 files (refs found so far: 35474)
  Processed 9250/16938 files (refs found so far: 35481)
  Processed 9300/16938 files (refs found so far: 35490)
  Processed 9350/16938 files (refs found so far: 35512)
  Processed 9400/16938 files (refs found so far: 35526)
  Processed 9450/16938 files (refs found so far: 35538)
  Processed 9500/16938 files (refs found so far: 35548)
  Processed 9550/16938 files (refs found so far: 35548)
  Processed 9600/16938 files (refs found so far: 35551)
  Processed 9650/16938 files (refs found so far: 35640)
  Processed 9700/16938 files (refs found so far: 35642)
  Processed 9750/16938 files (refs found so far: 35654)
  Processed 9800/16938 files (refs found so far: 35659)
  Processed 9850/16938 files (refs found so far: 35659)
  Processed 9900/16938 files (refs found so far: 35659)
  Processed 9950/16938 files (refs found so far: 35659)
  Processed 10000/16938 files (refs found so far: 35659)
  Processed 10050/16938 files (refs found so far: 35744)
  Processed 10100/16938 files (refs found so far: 35854)
  Processed 10150/16938 files (refs found so far: 35924)
  Processed 10200/16938 files (refs found so far: 35964)
  Processed 10250/16938 files (refs found so far: 36015)
  Processed 10300/16938 files (refs found so far: 36067)
  Processed 10350/16938 files (refs found so far: 36095)
  Processed 10400/16938 files (refs found so far: 36095)
  Processed 10450/16938 files (refs found so far: 36107)
  Processed 10500/16938 files (refs found so far: 36126)
  Processed 10550/16938 files (refs found so far: 36138)
  Processed 10600/16938 files (refs found so far: 36150)
  Processed 10650/16938 files (refs found so far: 36185)
  Processed 10700/16938 files (refs found so far: 36210)
  Processed 10750/16938 files (refs found so far: 36233)
  Processed 10800/16938 files (refs found so far: 36250)
  Processed 10850/16938 files (refs found so far: 36261)
  Processed 10900/16938 files (refs found so far: 36289)
  Processed 10950/16938 files (refs found so far: 36323)
  Processed 11000/16938 files (refs found so far: 36362)
  Processed 11050/16938 files (refs found so far: 36413)
  Processed 11100/16938 files (refs found so far: 36447)
  Processed 11150/16938 files (refs found so far: 36713)
  Processed 11200/16938 files (refs found so far: 36795)
  Processed 11250/16938 files (refs found so far: 36819)
  Processed 11300/16938 files (refs found so far: 36852)
  Processed 11350/16938 files (refs found so far: 36874)
  Processed 11400/16938 files (refs found so far: 36880)
  Processed 11450/16938 files (refs found so far: 36910)
  Processed 11500/16938 files (refs found so far: 36941)
  Processed 11550/16938 files (refs found so far: 36947)
  Processed 11600/16938 files (refs found so far: 36950)
  Processed 11650/16938 files (refs found so far: 36988)
  Processed 11700/16938 files (refs found so far: 37048)
  Processed 11750/16938 files (refs found so far: 37101)
  Processed 11800/16938 files (refs found so far: 37131)
  Processed 11850/16938 files (refs found so far: 37184)
  Processed 11900/16938 files (refs found so far: 37206)
  Processed 11950/16938 files (refs found so far: 37246)
  Processed 12000/16938 files (refs found so far: 37279)
  Processed 12050/16938 files (refs found so far: 37303)
  Processed 12100/16938 files (refs found so far: 37342)
  Processed 12150/16938 files (refs found so far: 37387)
  Processed 12200/16938 files (refs found so far: 37398)
  Processed 12250/16938 files (refs found so far: 37454)
  Processed 12300/16938 files (refs found so far: 37529)
  Processed 12350/16938 files (refs found so far: 37555)
  Processed 12400/16938 files (refs found so far: 37578)
  Processed 12450/16938 files (refs found so far: 37599)
  Processed 12500/16938 files (refs found so far: 37698)
  Processed 12550/16938 files (refs found so far: 37708)
  Processed 12600/16938 files (refs found so far: 37728)
  Processed 12650/16938 files (refs found so far: 37803)
  Processed 12700/16938 files (refs found so far: 37821)
  Processed 12750/16938 files (refs found so far: 37890)
  Processed 12800/16938 files (refs found so far: 37942)
  Processed 12850/16938 files (refs found so far: 37992)
  Processed 12900/16938 files (refs found so far: 38097)
  Processed 12950/16938 files (refs found so far: 38242)
  Processed 13000/16938 files (refs found so far: 38546)
  Processed 13050/16938 files (refs found so far: 38747)
  Processed 13100/16938 files (refs found so far: 38813)
  Processed 13150/16938 files (refs found so far: 38840)
  Processed 13200/16938 files (refs found so far: 38990)
  Processed 13250/16938 files (refs found so far: 39192)
  Processed 13300/16938 files (refs found so far: 39453)
  Processed 13350/16938 files (refs found so far: 39579)
  Processed 13400/16938 files (refs found so far: 39770)
  Processed 13450/16938 files (refs found so far: 39852)
  Processed 13500/16938 files (refs found so far: 39914)
  Processed 13550/16938 files (refs found so far: 40065)
  Processed 13600/16938 files (refs found so far: 40245)
  Processed 13650/16938 files (refs found so far: 40355)
  Processed 13700/16938 files (refs found so far: 40478)
  Processed 13750/16938 files (refs found so far: 40676)
  Processed 13800/16938 files (refs found so far: 40830)
  Processed 13850/16938 files (refs found so far: 41210)
  Processed 13900/16938 files (refs found so far: 41334)
  Processed 13950/16938 files (refs found so far: 41670)
  Processed 14000/16938 files (refs found so far: 41791)
  Processed 14050/16938 files (refs found so far: 42082)
  Processed 14100/16938 files (refs found so far: 42312)
  Processed 14150/16938 files (refs found so far: 42434)
  Processed 14200/16938 files (refs found so far: 42533)
  Processed 14250/16938 files (refs found so far: 42624)
  Processed 14300/16938 files (refs found so far: 42675)
  Processed 14350/16938 files (refs found so far: 42769)
  Processed 14400/16938 files (refs found so far: 42860)
  Processed 14450/16938 files (refs found so far: 42995)
  Processed 14500/16938 files (refs found so far: 43166)
  Processed 14550/16938 files (refs found so far: 43358)
  Processed 14600/16938 files (refs found so far: 43453)
  Processed 14650/16938 files (refs found so far: 43679)
  Processed 14700/16938 files (refs found so far: 43884)
  Processed 14750/16938 files (refs found so far: 43944)
  Processed 14800/16938 files (refs found so far: 44051)
  Processed 14850/16938 files (refs found so far: 44161)
  Processed 14900/16938 files (refs found so far: 44249)
  Processed 14950/16938 files (refs found so far: 44359)
  Processed 15000/16938 files (refs found so far: 44414)
  Processed 15050/16938 files (refs found so far: 44515)
  Processed 15100/16938 files (refs found so far: 44675)
  Processed 15150/16938 files (refs found so far: 45374)
  Processed 15200/16938 files (refs found so far: 45812)
  Processed 15250/16938 files (refs found so far: 45995)
  Processed 15300/16938 files (refs found so far: 46325)
  Processed 15350/16938 files (refs found so far: 46451)
  Processed 15400/16938 files (refs found so far: 46565)
  Processed 15450/16938 files (refs found so far: 46711)
  Processed 15500/16938 files (refs found so far: 46850)
  Processed 15550/16938 files (refs found so far: 46973)
  Processed 15600/16938 files (refs found so far: 47164)
  Processed 15650/16938 files (refs found so far: 47344)
  Processed 15700/16938 files (refs found so far: 47428)
  Processed 15750/16938 files (refs found so far: 47516)
  Processed 15800/16938 files (refs found so far: 47711)
  Processed 15850/16938 files (refs found so far: 47910)
  Processed 15900/16938 files (refs found so far: 48339)
  Processed 15950/16938 files (refs found so far: 48482)
  Processed 16000/16938 files (refs found so far: 48789)
  Processed 16050/16938 files (refs found so far: 48979)
  Processed 16100/16938 files (refs found so far: 49252)
  Processed 16150/16938 files (refs found so far: 49580)
  Processed 16200/16938 files (refs found so far: 49881)
  Processed 16250/16938 files (refs found so far: 50038)
  Processed 16300/16938 files (refs found so far: 50147)
  Processed 16350/16938 files (refs found so far: 50281)
  Processed 16400/16938 files (refs found so far: 50481)
  Processed 16450/16938 files (refs found so far: 50628)
  Processed 16500/16938 files (refs found so far: 50768)
  Processed 16550/16938 files (refs found so far: 50911)
  Processed 16600/16938 files (refs found so far: 51099)
  Processed 16650/16938 files (refs found so far: 51699)
  Processed 16700/16938 files (refs found so far: 54058)
  Processed 16750/16938 files (refs found so far: 56267)
  Processed 16800/16938 files (refs found so far: 58146)
  Processed 16850/16938 files (refs found so far: 58993)
  Processed 16900/16938 files (refs found so far: 61276)
  Processed 16938/16938 files (refs found so far: 63339)

Layer 2b: scanning preambles for issuedUnder citations...
  preamble files processed: 15493 (KOV: 11712)
  preamble files with output: 14360 (KOV: 10821)
  preamble triples emitted: 44800 (KOV: 36252)
  preamble citations resolved/unresolved: 25728/3230

[5/5] Generating cross-references report...
  Saved: cross_references_report.json

======================================================================
SUMMARY
======================================================================
  Law files processed:         16938
  Files with references added:  4445
  Total citations found:        65709
  Total citations resolved:     63339
  Total citations unresolved:   2370
  Provisions with references:   45828
  Lõige targets folded to §:    0
  Missing targets dropped:      0
  Stale typed edges cleared:    0
  Report: /Users/henrikaavik/progemoge/estleg-w3id/krr_outputs/reports/cross_references_report.json
======================================================================

Coverage report: /Users/henrikaavik/progemoge/estleg-w3id/krr_outputs/reports/kov/extract_cross_references_coverage.json
  input_files_total: 16938 (KOV: 11845)
  files_with_output: 15062 (KOV: 10931)
  triples_emitted: 108139 (KOV: 45327)

GATE OK
