# extract_institutional_competence.py started 2026-10-09T14:35:31.696753+00:00
======================================================================
Estonian Legal Ontology - Institutional Competence Extraction
======================================================================

  Found 16938 law files to process
  Loaded 130 canonical institution suffixes

[1/4] Processing law files (per-file idempotent)...
  [100/16938] processed – 54 institutions found
  [200/16938] processed – 55 institutions found
  [300/16938] processed – 55 institutions found
  [400/16938] processed – 62 institutions found
  [500/16938] processed – 69 institutions found
  [600/16938] processed – 75 institutions found
  [700/16938] processed – 79 institutions found
  [800/16938] processed – 80 institutions found
  [900/16938] processed – 82 institutions found
  [1000/16938] processed – 84 institutions found
  [1100/16938] processed – 85 institutions found
  [1200/16938] processed – 86 institutions found
  [1300/16938] processed – 86 institutions found
  [1400/16938] processed – 86 institutions found
  [1500/16938] processed – 86 institutions found
  [1600/16938] processed – 86 institutions found
  [1700/16938] processed – 86 institutions found
  [1800/16938] processed – 86 institutions found
  [1900/16938] processed – 86 institutions found
  [2000/16938] processed – 86 institutions found
  [2100/16938] processed – 87 institutions found
  [2200/16938] processed – 88 institutions found
  [2300/16938] processed – 88 institutions found
  [2400/16938] processed – 88 institutions found
  [2500/16938] processed – 89 institutions found
  [2600/16938] processed – 89 institutions found
  [2700/16938] processed – 89 institutions found
  [2800/16938] processed – 89 institutions found
  [2900/16938] processed – 89 institutions found
  [3000/16938] processed – 89 institutions found
  [3100/16938] processed – 89 institutions found
  [3200/16938] processed – 89 institutions found
  [3300/16938] processed – 89 institutions found
  [3400/16938] processed – 90 institutions found
  [3500/16938] processed – 90 institutions found
  [3600/16938] processed – 90 institutions found
  [3700/16938] processed – 91 institutions found
  [3800/16938] processed – 91 institutions found
  [3900/16938] processed – 91 institutions found
  [4000/16938] processed – 91 institutions found
  [4100/16938] processed – 91 institutions found
  [4200/16938] processed – 92 institutions found
  [4300/16938] processed – 92 institutions found
  [4400/16938] processed – 92 institutions found
  [4500/16938] processed – 92 institutions found
  [4600/16938] processed – 92 institutions found
  [4700/16938] processed – 92 institutions found
  [4800/16938] processed – 92 institutions found
  [4900/16938] processed – 92 institutions found
  [5000/16938] processed – 93 institutions found
  [5100/16938] processed – 93 institutions found
  [5200/16938] processed – 93 institutions found
  [5300/16938] processed – 93 institutions found
  [5400/16938] processed – 94 institutions found
  [5500/16938] processed – 94 institutions found
  [5600/16938] processed – 94 institutions found
  [5700/16938] processed – 94 institutions found
  [5800/16938] processed – 97 institutions found
  [5900/16938] processed – 99 institutions found
  [6000/16938] processed – 100 institutions found
  [6100/16938] processed – 101 institutions found
  [6200/16938] processed – 101 institutions found
  [6300/16938] processed – 101 institutions found
  [6400/16938] processed – 101 institutions found
  [6500/16938] processed – 101 institutions found
  [6600/16938] processed – 101 institutions found
  [6700/16938] processed – 101 institutions found
  [6800/16938] processed – 101 institutions found
  [6900/16938] processed – 101 institutions found
  [7000/16938] processed – 101 institutions found
  [7100/16938] processed – 101 institutions found
  [7200/16938] processed – 102 institutions found
  [7300/16938] processed – 102 institutions found
  [7400/16938] processed – 104 institutions found
  [7500/16938] processed – 107 institutions found
  [7600/16938] processed – 108 institutions found
  [7700/16938] processed – 108 institutions found
  [7800/16938] processed – 108 institutions found
  [7900/16938] processed – 108 institutions found
  [8000/16938] processed – 108 institutions found
  [8100/16938] processed – 108 institutions found
  [8200/16938] processed – 108 institutions found
  [8300/16938] processed – 108 institutions found
  [8400/16938] processed – 108 institutions found
  [8500/16938] processed – 108 institutions found
  [8600/16938] processed – 108 institutions found
  [8700/16938] processed – 108 institutions found
  [8800/16938] processed – 108 institutions found
  [8900/16938] processed – 108 institutions found
  [9000/16938] processed – 108 institutions found
  [9100/16938] processed – 108 institutions found
  [9200/16938] processed – 108 institutions found
  [9300/16938] processed – 112 institutions found
  [9400/16938] processed – 112 institutions found
  [9500/16938] processed – 112 institutions found
  [9600/16938] processed – 113 institutions found
  [9700/16938] processed – 113 institutions found
  [9800/16938] processed – 114 institutions found
  [9900/16938] processed – 114 institutions found
  [10000/16938] processed – 114 institutions found
  [10100/16938] processed – 114 institutions found
  [10200/16938] processed – 114 institutions found
  [10300/16938] processed – 114 institutions found
  [10400/16938] processed – 114 institutions found
  [10500/16938] processed – 114 institutions found
  [10600/16938] processed – 114 institutions found
  [10700/16938] processed – 114 institutions found
  [10800/16938] processed – 114 institutions found
  [10900/16938] processed – 114 institutions found
  [11000/16938] processed – 114 institutions found
  [11100/16938] processed – 114 institutions found
  [11200/16938] processed – 114 institutions found
  [11300/16938] processed – 114 institutions found
  [11400/16938] processed – 114 institutions found
  [11500/16938] processed – 114 institutions found
  [11600/16938] processed – 114 institutions found
  [11700/16938] processed – 114 institutions found
  [11800/16938] processed – 115 institutions found
  [11900/16938] processed – 115 institutions found
  [12000/16938] processed – 115 institutions found
  [12100/16938] processed – 115 institutions found
  [12200/16938] processed – 115 institutions found
  [12300/16938] processed – 115 institutions found
  [12400/16938] processed – 115 institutions found
  [12500/16938] processed – 115 institutions found
  [12600/16938] processed – 115 institutions found
  [12700/16938] processed – 115 institutions found
  [12800/16938] processed – 115 institutions found
  [12900/16938] processed – 115 institutions found
  [13000/16938] processed – 115 institutions found
  [13100/16938] processed – 115 institutions found
  [13200/16938] processed – 115 institutions found
  [13300/16938] processed – 116 institutions found
  [13400/16938] processed – 116 institutions found
  [13500/16938] processed – 118 institutions found
  [13600/16938] processed – 118 institutions found
  [13700/16938] processed – 118 institutions found
  [13800/16938] processed – 118 institutions found
  [13900/16938] processed – 119 institutions found
  [14000/16938] processed – 119 institutions found
  [14100/16938] processed – 119 institutions found
  [14200/16938] processed – 119 institutions found
  [14300/16938] processed – 119 institutions found
  [14400/16938] processed – 119 institutions found
  [14500/16938] processed – 120 institutions found
  [14600/16938] processed – 120 institutions found
  [14700/16938] processed – 120 institutions found
  [14800/16938] processed – 120 institutions found
  [14900/16938] processed – 120 institutions found
  [15000/16938] processed – 120 institutions found
  [15100/16938] processed – 120 institutions found
  [15200/16938] processed – 120 institutions found
  [15300/16938] processed – 120 institutions found
  [15400/16938] processed – 120 institutions found
  [15500/16938] processed – 120 institutions found
  [15600/16938] processed – 120 institutions found
  [15700/16938] processed – 120 institutions found
  [15800/16938] processed – 120 institutions found
  [15900/16938] processed – 120 institutions found
  [16000/16938] processed – 121 institutions found
  [16100/16938] processed – 121 institutions found
  [16200/16938] processed – 121 institutions found
  [16300/16938] processed – 121 institutions found
  [16400/16938] processed – 121 institutions found
  [16500/16938] processed – 122 institutions found
  [16600/16938] processed – 122 institutions found
  [16700/16938] processed – 125 institutions found
  [16800/16938] processed – 125 institutions found
  [16900/16938] processed – 126 institutions found
  [16938/16938] processed – 126 institutions found

[2/4] Generating institution files (126 institutions)...

[3/4] Generating report...
  Saved: institutional_competence_report.json

[4/4] SUMMARY
======================================================================
  Total provisions analysed: 824897
  With institution refs:     213285
  Unique institutions:       126
  Institution files:         126

  Top institutions by provision count:
    Vabariigi Valitsus                             2443 provisions
    Kohus                                          2284 provisions
    Finantsinspektsioonilt                         1364 provisions
    Transpordiamet                                 1053 provisions
    teadusministrile                               981 provisions
    Haridus- ja Teadusministeeriumi                912 provisions
    Keskkonnaamet                                  714 provisions
    Politsei- ja Piirivalveamet                    656 provisions
    Tarbijakaitse ja Tehnilise Järelevalve Amet    625 provisions
    Põllumajandus- ja Toiduamet                    622 provisions
======================================================================

Coverage report: /Users/henrikaavik/progemoge/estleg-w3id/krr_outputs/reports/kov/extract_institutional_competence_coverage.json
  input_files_total: 16938 (KOV: 11845)
  files_with_output: 12867 (KOV: 9253)
  triples_emitted (authority references): 58453 (KOV: 43251)
  unresolved_references: 4049; fallback_hits: 0
  unknown_institution_count: 1417

GATE OK
