# fix_all_issues.py started 2026-06-02T19:27:01.657480+00:00
============================================================
Estonian Legal Ontology - Comprehensive Fix Script
============================================================

=== Fixing AÕS file naming ===
  Typo variant files: []
  Correct variant files: ['asjaoigusseadus_osa1_peep.json', 'asjaoigusseadus_osa2_peep.json', 'asjaoigusseadus_osa3_peep.json', 'asjaoigusseadus_osa4_peep.json', 'asjaoigusseadus_osa5_peep.json', 'asjaoigusseadus_osa6_peep.json', 'asjaoigusseadus_osa7_peep.json', 'asjaoigusseadus_osa8_peep.json']

=== Fixing notariaadiseadus naming ===
  File not found: notari_seadus_peep.json

=== Processing all JSON/JSONLD files ===
  Processed: 12_augusti_1949_genfi_konventsioonide_8_juuni_1977_i_lisaprotokolli_rahvusvaheli_peep.json
  Processed: 1949_aasta_12_augusti_genfi_konventsioonide_2005_aasta_8_detsembri_iii_lisaproto_peep.json
  Processed: 1966_aasta_rahvusvahelise_laadungimargi_konventsiooni_1988_aasta_protokolli_rati_peep.json
  Processed: 1974_aasta_rahvusvahelise_konventsiooni_inimelude_ohutusest_merel_1988_aasta_pro_peep.json
  Processed: 1981_aasta_protokolliga_muudetud_eurocontroli_lennuliikluse_ohutuse_alast_koosto_peep.json
  Processed: 1992_aasta_piiriveekogude_ja_rahvusvaheliste_jarvede_kaitse_ning_kasutamise_konv_peep.json
  Processed: 1992_aasta_rahvusvahelise_konventsiooni_rahvusvahelise_naftareostuskahjude_huvit_peep.json
  Processed: 1996_aasta_rahvusvahelise_konventsiooni_vastutusest_ja_kahju_huvitamisest_ohtlik_peep.json
  Processed: 2006_aasta_rahvusvaheline_troopilise_puidu_lepingu_ratifitseerimise_seadus_peep.json
  Processed: 2026_aasta_riigieelarve_seadus_peep.json
  Processed: INDEX.json
  Processed: aafrika_ja_euraasia_randveelindude_kaitse_kokkuleppega_uhinemise_seadus_peep.json
  Processed: abielulahutuse_ja_kooselu_lopetamise_tunnustamise_konventsiooniga_uhinemise_sead_peep.json
  Processed: abieluvararegistri_seadus_peep.json
  Processed: abipolitseiniku_seadus_peep.json
  Processed: advokatuuriseadus_peep.json
  Processed: aiandus_ja_suvilakooperatiivide_vara_erastamise_kohta_peep.json
  Processed: aiandustoodete_seadus_peep.json
  Processed: ajutise_sisseveo_konventsiooniga_uhinemise_seadus_peep.json
  Processed: alaealise_mojutusvahendite_seadus_peep.json
  Processed: albaania_vabariigi_ja_horvaatia_vabariigi_uhinemist_kasitlevate_pohja_atlandi_le_peep.json
  Processed: alkoholi_seadus_peep.json
  Processed: alkoholi_tubaka_kutuse_ja_elektriaktsiisi_seadus_peep.json
  Processed: alkoholiseadus_peep.json
  Processed: alusharidusseadus_peep.json
  Processed: amendment_history_report.json
  Processed: ametiuhingute_seadus_peep.json
  Processed: andmekogude_seadus_peep.json
  Processed: antarktika_lepinguga_uhinemise_seadus_peep.json
  Processed: arenguseire_seadus_peep.json
  Processed: arheoloogiaparandi_kaitse_euroopa_konventsiooni_ratifitseerimise_seadus_peep.json
  Processed: arhiiviseadus_peep.json
  Processed: ariregistri_seadus_peep.json
  Processed: ariseadustik1_peep.json
  Processed: ariseadustik_peep.json
  Processed: arvutikuritegevusvastase_konventsiooni_ratifitseerimise_seadus_peep.json
  Processed: asendustaitmise_ja_sunniraha_seadus_peep.json
  Processed: asjaoigusseadus_osa1_peep.json
  Processed: asjaoigusseadus_osa2_peep.json
  Processed: asjaoigusseadus_osa3_peep.json
  Processed: asjaoigusseadus_osa4_peep.json
  Processed: asjaoigusseadus_osa5_peep.json
  Processed: asjaoigusseadus_osa6_peep.json
  Processed: asjaoigusseadus_osa7_peep.json
  Processed: asjaoigusseadus_osa8_peep.json
  Processed: asjaoigusseaduse_rakendamise_seadus_peep.json
  Processed: atmosfaariohu_kaitse_seadus_peep.json
  Processed: audiitortegevuse_seadus_peep.json
  Processed: austria_vabariigi_belgia_kuningriigi_hispaania_kuningriigi_luksemburgi_suurherts_peep.json
  Processed: autorioiguse_seadus_peep.json
  Processed: autoveoseadus_peep.json
  Processed: avalduste_esitamise_tahtaegade_ennistamise_korrast_oigusvastaselt_voorandatud_va_peep.json
  Processed: avaliku_koosoleku_seadus_peep.json
  Processed: avaliku_teabe_seadus_peep.json
  Processed: avaliku_teenistuse_seadus_peep.json
  Processed: avatud_taeva_lepinguga_uhinemise_seadus_peep.json
  Processed: bakterioloogiliste_bioloogiliste_ja_toksiinrelvade_taiustamist_tootmist_ja_varum_peep.json
  Processed: balti_pataljoniga_seotud_valislepingute_lopetamise_seadus_peep.json
  Processed: belgia_kuningriigi_bulgaaria_vabariigi_tsehhi_vabariigi_taani_kuningriigi_saksam_peep.json
  Processed: berni_kirjandus_ja_kunstiteoste_kaitse_konventsiooniga_uhinemise_seadus_peep.json
  Processed: bioloogilise_mitmekesisuse_konventsiooni_cartagena_bioloogilise_ohutuse_protokol_peep.json
  Processed: bioloogilise_mitmekesisuse_konventsiooni_geneetilistele_ressurssidele_juurdepaas_peep.json
  Processed: bioloogilise_mitmekesisuse_konventsiooni_ratifitseerimise_seadus_peep.json
  Processed: biotsiidiseadus_peep.json
  Processed: bulgaaria_vabariigi_ja_rumeenia_euroopa_majanduspiirkonnas_osalemise_lepingu_rat_peep.json
  Processed: cartagena_bioohutuse_protokolli_vastutust_ja_kahju_huvitamist_kasitleva_nagoya_k_peep.json
  Processed: cotonou_lepingu_alusel_antava_uhenduse_abi_rahastamist_ning_finantsabi_eraldamis_peep.json
  Processed: cotonou_lepingu_muutmislepingu_ratifitseerimise_seadus_peep.json
  Processed: cotonou_lepingu_teistkordse_muutmise_lepingu_ratifitseerimise_seadus_peep.json
  Processed: court_provision_links_report.json
  Processed: cross_references_report.json
  Processed: deontic_classification_report.json
  Processed: draft_impact_report.json
  Processed: e_identimise_ja_e_tehingute_usaldusteenuste_seadus_peep.json
  Processed: e_raha_asutuste_seadus_peep.json
  Processed: ebaausa_konkurentsi_takistamise_ja_arisaladuse_kaitse_seadus_peep.json
  Processed: eesoigustatud_merevolgade_ja_merehupoteekide_kohta_kaivate_maaruste_uhtlustamise_peep.json
  Processed: eesti_arengufondi_seadus_peep.json
  Processed: eesti_haigekassa_seadus_peep.json
  Processed: eesti_islandi_leedu_lati_norra_rootsi_soome_ja_taani_vahelise_pohjamaade_investe_peep.json
  Processed: eesti_islandi_leedu_lati_norra_rootsi_soome_ja_taani_vahelisele_pohjamaade_inves_peep.json
  Processed: eesti_keskmise_palgaga_seotud_ametipalkade_maksmise_ajutise_korralduse_seadus_peep.json
  Processed: eesti_kultuurkapitali_seadus_peep.json
  Processed: eesti_kunstiakadeemia_seadus_peep.json
  Processed: eesti_lipu_seadus_peep.json
  Processed: eesti_maaulikooli_seadus_peep.json
  Processed: eesti_muusika_ja_teatriakadeemia_seadus_peep.json
  Processed: eesti_nsv_tsiviilkoodeks_peep.json
  Processed: eesti_panga_seadus_peep.json
  Processed: eesti_rahvusraamatukogu_seadus_peep.json
  Processed: eesti_rahvusringhaalingu_seadus_peep.json
  Processed: eesti_teaduste_akadeemia_seadus_peep.json
  Processed: eesti_territooriumi_haldusjaotuse_seadus_peep.json
  Processed: eesti_vaartpaberite_keskregistri_seadus_peep.json
  Processed: eesti_vabariigi_haridusseadus_peep.json
  Processed: eesti_vabariigi_ja_a_s_eksportfinans_i_vahel_solmitud_laenulepingu_ratifitseerim_peep.json
  Processed: eesti_vabariigi_ja_ab_svensk_exportkredit_i_vahel_solmitud_laenulepingu_ratifits_peep.json
  Processed: eesti_vabariigi_ja_ameerika_uhendriikide_vahelise_tulumaksuga_topeltmaksustamise_peep.json
  Processed: eesti_vabariigi_ja_andorra_vurstiriigi_vahelise_tulu_ja_kapitalimaksudega_topelt_peep.json
  Processed: eesti_vabariigi_ja_araabia_uhendemiraatide_vahelise_tulumaksudega_topeltmaksusta_peep.json
  Processed: eesti_vabariigi_ja_armeenia_vabariigi_vahelise_tulu_ja_kapitalimaksuga_topeltmak_peep.json
  Processed: eesti_vabariigi_ja_austraalia_vahelise_sotsiaalkindlustuslepingu_ratifitseerimis_peep.json
  Processed: eesti_vabariigi_ja_austria_vabariigi_vahel_solmitud_laenulepingu_ratifitseerimis_peep.json
  Processed: eesti_vabariigi_ja_austria_vabariigi_vahelise_investeeringute_soodustamise_ja_ka_2_peep.json
  Processed: eesti_vabariigi_ja_austria_vabariigi_vahelise_investeeringute_soodustamise_ja_ka_peep.json
  Processed: eesti_vabariigi_ja_austria_vabariigi_vahelise_tulu_ja_kapitalimaksuga_topeltmaks_peep.json
  Processed: eesti_vabariigi_ja_banque_paribas_vahel_solmitud_krediidilepingu_ning_eesti_vaba_peep.json
  Processed: eesti_vabariigi_ja_belgia_kuningriigi_vahelise_tulumaksuga_topeltmaksustamise_va_peep.json
  Processed: eesti_vabariigi_ja_belgia_luksemburgi_majandusuniooni_vahelise_investeeringute_v_peep.json
  Processed: eesti_vabariigi_ja_botswana_vabariigi_vahelise_tulumaksudega_topeltmaksustamise__peep.json
  Processed: eesti_vabariigi_ja_bulgaaria_vabariigi_vahelise_tulumaksudega_topeltmaksustamise_peep.json
  Processed: eesti_vabariigi_ja_euroopa_investeerimispanga_ja_eesti_lennuameti_vahel_solmitud_peep.json
  Processed: eesti_vabariigi_ja_euroopa_investeerimispanga_ning_riigiettevotte_eesti_raudtee__peep.json
  Processed: eesti_vabariigi_ja_euroopa_investeerimispanga_vahel_solmitud_finantseerimislepin_peep.json
  Processed: eesti_vabariigi_ja_euroopa_investeerimispanga_vahel_solmitud_garantiilepingu_rat_peep.json
  Processed: eesti_vabariigi_ja_euroopa_investeerimispanga_vahel_solmitud_laenulepinguga_nous_peep.json
  Processed: eesti_vabariigi_ja_euroopa_investeerimispanga_vahelise_raamlepingu_euroopa_inves_peep.json
  Processed: eesti_vabariigi_ja_euroopa_rekonstrueerimis_ja_arengupanga_vahel_solmitud_garant_peep.json
  Processed: eesti_vabariigi_ja_euroopa_tuumauuringute_organisatsiooni_cern_vahelise_cern_iga_peep.json
  Processed: eesti_vabariigi_ja_gruusia_vahelise_investeeringute_soodustamise_ja_vastastikuse_peep.json
  Processed: eesti_vabariigi_ja_gruusia_vahelise_tulu_ja_kapitalimaksudega_topeltmaksustamise_2_peep.json
  Processed: eesti_vabariigi_ja_gruusia_vahelise_tulu_ja_kapitalimaksudega_topeltmaksustamise_peep.json
  Processed: eesti_vabariigi_ja_guernsey_vahelise_tulumaksudega_topeltmaksustamise_valtimise__peep.json
  Processed: eesti_vabariigi_ja_hiina_rahvavabariigi_vahelise_lepingu_vastastikusest_oigusabi_peep.json
  Processed: eesti_vabariigi_ja_hispaania_kuningriigi_vahelise_investeeringute_vastastikuse_s_peep.json
  Processed: eesti_vabariigi_ja_hispaania_kuningriigi_vahelise_tulu_ja_kapitalimaksudega_tope_peep.json
  Processed: eesti_vabariigi_ja_hollandi_kuningriigi_vahelise_tulu_ja_kapitalimaksuga_topeltm_2_peep.json
  Processed: eesti_vabariigi_ja_hollandi_kuningriigi_vahelise_tulu_ja_kapitalimaksuga_topeltm_3_peep.json
  Processed: eesti_vabariigi_ja_hollandi_kuningriigi_vahelise_tulu_ja_kapitalimaksuga_topeltm_peep.json
  Processed: eesti_vabariigi_ja_iisraeli_riigi_vahelise_tulumaksudega_topeltmaksustamise_valt_peep.json
  Processed: eesti_vabariigi_ja_india_vabariigi_kohtulikult_karistatud_isikute_uleandmise_kok_peep.json
  Processed: eesti_vabariigi_ja_india_vabariigi_vahelise_tulumaksudega_topeltmaksustamise_val_peep.json
  Processed: eesti_vabariigi_ja_islandi_vabariigi_vahelise_tulu_ja_kapitalimaksuga_topeltmaks_peep.json
  Processed: eesti_vabariigi_ja_jaapani_ekspordi_impordipanga_vahel_solmitud_laenulepingu_rat_peep.json
  Processed: eesti_vabariigi_ja_jaapani_vahelise_tulumaksudega_topeltmaksustamise_valtimise_n_peep.json
  Processed: eesti_vabariigi_ja_jersey_vahelise_tulumaksudega_topeltmaksustamise_valtimise_ni_peep.json
  Processed: eesti_vabariigi_ja_kanada_vahelise_sotsiaalkindlustuslepingu_ratifitseerimise_se_peep.json
  Processed: eesti_vabariigi_ja_kanada_vahelise_tulu_ja_kapitalimaksuga_topeltmaksustamise_va_peep.json
  Processed: eesti_vabariigi_ja_kasahstani_vabariigi_vahelise_tulu_ja_kapitalimaksumusega_top_peep.json
  Processed: eesti_vabariigi_ja_kasahstani_vabariigi_vahelise_vastastikuse_moistmise_ja_koost_peep.json
  Processed: eesti_vabariigi_ja_keemiarelvade_keelustamise_organisatsiooni_vahelise_eesoigust_peep.json
  Processed: eesti_vabariigi_ja_lati_vabariigi_vahelise_lepingu_merepiiri_kehtestamisest_liiv_peep.json
  Processed: eesti_vabariigi_ja_lati_vabariigi_vahelise_riigipiiri_taastamise_lepingu_lisapro_peep.json
  Processed: eesti_vabariigi_ja_lati_vabariigi_vahelise_tulu_ja_kapitalimaksuga_topeltmaksust_peep.json
  Processed: eesti_vabariigi_ja_leedu_vabariigi_vahelise_tulu_ja_kapitalimaksudega_topeltmaks_peep.json
  Processed: eesti_vabariigi_ja_leedu_vabariigi_vahelise_tulu_ja_kapitalimaksuga_topeltmaksus_peep.json
  Processed: eesti_vabariigi_ja_liechtensteini_vurstiriigi_vahelise_tulu_ja_kapitalimaksudega_peep.json
  Processed: eesti_vabariigi_ja_luksemburgi_suurhertsogiriigi_vahelise_andmete_ja_infosusteem_peep.json
  Processed: eesti_vabariigi_ja_luksemburgi_suurhertsogiriigi_vahelise_tulu_ja_kapitalimaksud_peep.json
  Processed: eesti_vabariigi_ja_makedoonia_vabariigi_vahelise_tulumaksudega_topeltmaksustamis_peep.json
  Processed: eesti_vabariigi_ja_mani_saare_vahelise_tulumaksudega_topeltmaksustamise_valtimis_peep.json
  Processed: eesti_vabariigi_ja_maroko_kuningriigi_vahelise_tulumaksudega_topeltmaksustamise__peep.json
  Processed: eesti_vabariigi_ja_mauritiuse_vabariigi_vahelise_tulumaksudega_topeltmaksustamis_peep.json
  Processed: eesti_vabariigi_ja_mehhiko_uhendriikide_vahelise_tulumaksudega_topeltmaksustamis_peep.json
  Processed: eesti_vabariigi_ja_moldova_vabariigi_vahelise_sotsiaalkindlustuslepingu_muutmise_peep.json
  Processed: eesti_vabariigi_ja_moldova_vabariigi_vahelise_sotsiaalkindlustuslepingu_ratifits_peep.json
  Processed: eesti_vabariigi_ja_moldova_vabariigi_vahelise_teineteisemoistmise_sopruse_ja_koo_peep.json
  Processed: eesti_vabariigi_ja_norra_kuningriigi_vahelise_tulu_ja_kapitalimaksuga_topeltmaks_peep.json
  Processed: eesti_vabariigi_ja_norra_kuningriigi_vahelise_vabakaubanduslepingu_ratifitseerim_peep.json
  Processed: eesti_vabariigi_ja_norra_kuningriigi_valitsuse_vahelise_pollumajandustoodete_kau_peep.json
  Processed: eesti_vabariigi_ja_omaani_sultaniriigi_vahelise_tulumaksudega_topeltmaksustamise_peep.json
  Processed: eesti_vabariigi_ja_pohjamaade_investeerimispanga_garantiilepingute_ratifitseerim_peep.json
  Processed: eesti_vabariigi_ja_pohjamaade_investeerimispanga_vahel_solmitud_garantiilepingu__peep.json
  Processed: eesti_vabariigi_ja_pohjamaade_investeerimispanga_vahel_solmitud_laenulepingu_rat_peep.json
  Processed: eesti_vabariigi_ja_pohjamaade_investeerimispanga_vahel_solmitud_lepingu_ratifits_peep.json
  Processed: eesti_vabariigi_ja_pohjamaade_keskkonnainvesteeringute_korporatsiooni_nordic_env_peep.json
  Processed: eesti_vabariigi_ja_poola_vabariigi_regioonide_ja_kohalike_omavalitsuste_vahelise_peep.json
  Processed: eesti_vabariigi_ja_poola_vabariigi_vahelise_investeeringute_vastastikuse_soodust_peep.json
  Processed: eesti_vabariigi_ja_poola_vabariigi_vahelise_konsulaarkonventsiooni_ratifitseerim_peep.json
  Processed: eesti_vabariigi_ja_poola_vabariigi_vahelise_lepingu_oigusabi_osutamise_ja_oiguss_peep.json
  Processed: eesti_vabariigi_ja_poola_vabariigi_vahelise_sobraliku_koostoo_ja_laanemeremaade__peep.json
  Processed: eesti_vabariigi_ja_poola_vabariigi_vahelise_tulu_ja_kapitalimaksuga_topeltmaksus_peep.json
  Processed: eesti_vabariigi_ja_portugali_vabariigi_vahelise_tulumaksudega_topeltmaksustamise_peep.json
  Processed: eesti_vabariigi_ja_prantsuse_vabariigi_vahelise_teineteisemoistmise_sopruse_ja_k_peep.json
  Processed: eesti_vabariigi_ja_rahvusvahelise_rekonstrueerimis_ja_arengupanga_ning_eesti_vab_peep.json
  Processed: eesti_vabariigi_ja_rahvusvahelise_rekonstrueerimis_ja_arengupanga_vahel_solmitud_peep.json
  Processed: eesti_vabariigi_ja_rootsi_kuningriigi_vahelise_tulu_ja_kapitalimaksuga_topeltmak_peep.json
  Processed: eesti_vabariigi_ja_rumeenia_vaheline_tulu_ja_kapitalimaksudega_topeltmaksustamis_peep.json
  Processed: eesti_vabariigi_ja_rumeenia_vahelise_sopruse_ja_koostoo_lepingu_ratifitseerimise_peep.json
  Processed: eesti_vabariigi_ja_saksamaa_liitvabariigi_vahelise_1996_aasta_29_novembril_allak_peep.json
  Processed: eesti_vabariigi_ja_saksamaa_liitvabariigi_vahelise_investeeringute_soodustamise__peep.json
  Processed: eesti_vabariigi_ja_saksamaa_liitvabariigi_vahelise_tulu_ja_kapitalimaksudega_top_peep.json
  Processed: eesti_vabariigi_ja_serbia_vabariigi_vahelise_tulumaksudega_topeltmaksustamise_va_peep.json
  Processed: eesti_vabariigi_ja_slovaki_vabariigi_vahelise_tulu_ja_kapitalimaksudega_topeltma_peep.json
  Processed: eesti_vabariigi_ja_soome_vabariigi_vahel_solmitud_soome_lahel_ja_laanemere_pohja_peep.json
  Processed: eesti_vabariigi_ja_soome_vabariigi_vahelise_sotsiaalkindlustuslepingu_ratifitsee_peep.json
  Processed: eesti_vabariigi_ja_soome_vabariigi_vahelise_tulu_ja_kapitalimaksuga_topeltmaksus_peep.json
  Processed: eesti_vabariigi_ja_sveitsi_konfoderatsiooni_vaheline_investeeringute_vastastikus_peep.json
  Processed: eesti_vabariigi_ja_sveitsi_konfoderatsiooni_vahelise_vabakaubanduslepingu_juurde_peep.json
  Processed: eesti_vabariigi_ja_sveitsi_konfoderatsiooni_vahelise_vabakaubanduslepingu_ratifi_peep.json
  Processed: eesti_vabariigi_ja_taani_kuningriigi_vahelise_tulu_ja_kapitalimaksuga_topeltmaks_peep.json
  Processed: eesti_vabariigi_ja_taani_kuningriigi_vahelise_vastastikuse_moistmise_memorandumi_peep.json
  Processed: eesti_vabariigi_ja_tsehhi_vabariigi_vahelise_investeeringute_soodustamise_ja_vas_2_peep.json
  Processed: eesti_vabariigi_ja_tsehhi_vabariigi_vahelise_investeeringute_soodustamise_ja_vas_peep.json
  Processed: eesti_vabariigi_ja_tsehhi_vabariigi_vahelise_tulu_ja_kapitalimaksuga_topeltmaksu_peep.json
  Processed: eesti_vabariigi_ja_turgi_vabariigi_vahelise_investeeringute_vastastikuse_soodust_peep.json
  Processed: eesti_vabariigi_ja_turgi_vabariigi_vahelise_sopruse_ja_koostoo_lepingu_ratifitse_peep.json
  Processed: eesti_vabariigi_ja_ukraina_lepingu_oigusabi_ja_oigussuhete_kohta_tsiviil_ning_kr_peep.json
  Processed: eesti_vabariigi_ja_ukraina_sopruse_ja_koostoo_lepingu_ratifitseerimise_seadus_peep.json
  Processed: eesti_vabariigi_ja_ukraina_sotsiaalkindlustuslepingu_ratifitseerimise_seadus_peep.json
  Processed: eesti_vabariigi_ja_ukraina_vahelise_vabakaubanduslepingu_eesti_vabariigi_ja_efta_peep.json
  Processed: eesti_vabariigi_ja_ungari_vabariigi_sopruse_ja_koostoo_aluste_lepingu_ratifitsee_peep.json
  Processed: eesti_vabariigi_ja_ungari_vabariigi_vahelise_tulu_ja_kapitalimaksuga_topeltmaksu_peep.json
  Processed: eesti_vabariigi_ja_valgevene_vabariigi_sotsiaalkindlustuslepingu_ratifitseerimis_peep.json
  Processed: eesti_vabariigi_ja_valgevene_vabariigi_vahelise_tulumaksuga_topeltmaksustamise_v_2_peep.json
  Processed: eesti_vabariigi_ja_valgevene_vabariigi_vahelise_tulumaksuga_topeltmaksustamise_v_peep.json
  Processed: eesti_vabariigi_ja_vene_foderatsiooni_lepingu_oigusabi_ja_oigussuhete_kohta_tsiv_2_peep.json
  Processed: eesti_vabariigi_ja_vene_foderatsiooni_lepingu_oigusabi_ja_oigussuhete_kohta_tsiv_peep.json
  Processed: eesti_vabariigi_ja_vene_foderatsiooni_vahel_1993_aasta_26_jaanuaril_solmitud_lep_peep.json
  Processed: eesti_vabariigi_ja_vene_foderatsiooni_vahelise_eesti_vene_riigipiiri_lepingu_nin_peep.json
  Processed: eesti_vabariigi_ja_vene_foderatsiooni_vahelise_konsulaarkonventsiooni_ratifitsee_peep.json
  Processed: eesti_vabariigi_ja_vene_foderatsiooni_vahelise_lepingu_vene_foderatsiooni_relvaj_peep.json
  Processed: eesti_vabariigi_ja_venemaa_foderatsiooni_pensionikindlustust_kasitleva_koostoole_peep.json
  Processed: eesti_vabariigi_lati_vabariigi_ja_leedu_vabariigi_vahelise_kokkuleppe_uhise_rahu_peep.json
  Processed: eesti_vabariigi_lati_vabariigi_ja_leedu_vabariigi_vahelise_vabakaubanduslepingu__peep.json
  Processed: eesti_vabariigi_leedu_vabariigi_ja_lati_vabariigi_kokkuleppe_parlamentaarsest_ja_2_peep.json
  Processed: eesti_vabariigi_leedu_vabariigi_ja_lati_vabariigi_kokkuleppe_parlamentaarsest_ja_peep.json
  Processed: eesti_vabariigi_leedu_vabariigi_ja_lati_vabariigi_oigussuhete_lepingu_ratifitsee_peep.json
  Processed: eesti_vabariigi_maailma_kaubandusorganisatsiooni_asutamislepinguga_marrakesi_lep_peep.json
  Processed: eesti_vabariigi_ning_nato_euroopa_vagede_korgema_peakorteri_ja_nato_arenduse_kor_peep.json
  Processed: eesti_vabariigi_omandireformi_aluste_seadus_peep.json
  Processed: eesti_vabariigi_pankrotiseaduse_muutmise_seadus_peep.json
  Processed: eesti_vabariigi_pohiseadus_peep.json
  Processed: eesti_vabariigi_pohiseaduse_rakendamise_seadus_peep.json
  Processed: eesti_vabariigi_pohiseaduse_taiendamise_seadus_peep.json
  Processed: eesti_vabariigi_poolt_rahvusvaheliste_organisatsioonide_liikmeks_olemisega_seotu_peep.json
  Processed: eesti_vabariigi_rahaseadus_peep.json
  Processed: eesti_vabariigi_seadus_vara_voorandamise_oigusvastasuse_toendamise_lihtsustatud__peep.json
  Processed: eesti_vabariigi_soome_vabariigi_ja_rootsi_kuningriigi_vahelise_reisiparvlaeva_es_peep.json
  Processed: eesti_vabariigi_territooriumil_endise_nsv_liidu_relvajoudude_valduses_voi_kasutu_peep.json
  Processed: eesti_vabariigi_ulemnoukogu_xii_koosseisu_ning_riigikogu_vii_viii_ja_ix_koosseis_peep.json
  Processed: eesti_vabariigi_valitsuse_ja_albaania_vabariigi_ministrite_noukogu_vahelise_tulu_peep.json
  Processed: eesti_vabariigi_valitsuse_ja_ameerika_uhendriikide_valitsuse_kaitsekoostoo_kokku_peep.json
  Processed: eesti_vabariigi_valitsuse_ja_ameerika_uhendriikide_valitsuse_teadus_ja_tehnoloog_2_peep.json
  Processed: eesti_vabariigi_valitsuse_ja_ameerika_uhendriikide_valitsuse_teadus_ja_tehnoloog_peep.json
  Processed: eesti_vabariigi_valitsuse_ja_ameerika_uhendriikide_valitsuse_vahelise_investeeri_2_peep.json
  Processed: eesti_vabariigi_valitsuse_ja_ameerika_uhendriikide_valitsuse_vahelise_investeeri_peep.json
  Processed: eesti_vabariigi_valitsuse_ja_ameerika_uhendriikide_valitsuse_vahelise_lepingu_va_2_peep.json
  Processed: eesti_vabariigi_valitsuse_ja_ameerika_uhendriikide_valitsuse_vahelise_lepingu_va_peep.json
  Processed: eesti_vabariigi_valitsuse_ja_ameerika_uhendriikide_valitsuse_vahelise_rahvusvahe_peep.json
  Processed: eesti_vabariigi_valitsuse_ja_ameerika_uhendriikide_valitsuse_vahelise_valjaandmi_peep.json
  Processed: eesti_vabariigi_valitsuse_ja_araabia_uhendemiraatide_valitsuse_vahelise_lennulii_peep.json
  Processed: eesti_vabariigi_valitsuse_ja_aserbaidzaani_vabariigi_valitsuse_vahelise_tulu_ja__peep.json
  Processed: eesti_vabariigi_valitsuse_ja_austraalia_valitsuse_vastastikuse_moistmise_memoran_peep.json
  Processed: eesti_vabariigi_valitsuse_ja_bahreini_kuningriigi_valitsuse_vahelise_tulumaksude_peep.json
  Processed: eesti_vabariigi_valitsuse_ja_euroopa_kosmoseagentuuri_vahelise_eesti_uhinemist_e_peep.json
  Processed: eesti_vabariigi_valitsuse_ja_euroopa_rekonstruktsiooni_ja_arengu_panga_vahel_sol_peep.json
  Processed: eesti_vabariigi_valitsuse_ja_firma_taas_israel_industries_ltd_endine_imi_vahel_s_peep.json
  Processed: eesti_vabariigi_valitsuse_ja_hiina_rahvavabariigi_hongkongi_erihalduspiirkonna_v_peep.json
  Processed: eesti_vabariigi_valitsuse_ja_hiina_rahvavabariigi_valitsuse_vahelise_tulumaksuga_2_peep.json
  Processed: eesti_vabariigi_valitsuse_ja_hiina_rahvavabariigi_valitsuse_vahelise_tulumaksuga_peep.json
  Processed: eesti_vabariigi_valitsuse_ja_horvaatia_vabariigi_valitsuse_vahelise_tulumaksudeg_peep.json
  Processed: eesti_vabariigi_valitsuse_ja_iiri_valitsuse_vahelise_tulu_ja_kapitali_juurdekasv_peep.json
  Processed: eesti_vabariigi_valitsuse_ja_itaalia_vabariigi_valitsuse_vahelise_kultuuri_harid_peep.json
  Processed: eesti_vabariigi_valitsuse_ja_itaalia_vabariigi_valitsuse_vahelise_tulumaksuga_to_peep.json
  Processed: eesti_vabariigi_valitsuse_ja_jaapani_valitsuse_vahelise_tootamisoigusega_turismi_peep.json
  Processed: eesti_vabariigi_valitsuse_ja_kanada_valitsuse_audiovisuaalkoostoo_kokkuleppe_rat_peep.json
  Processed: eesti_vabariigi_valitsuse_ja_kanada_valitsuse_noortevahetuse_kokkuleppe_ratifits_peep.json
  Processed: eesti_vabariigi_valitsuse_ja_katari_riigi_valitsuse_vahelise_tulumaksudega_topel_peep.json
  Processed: eesti_vabariigi_valitsuse_ja_kirgiisi_vabariigi_valitsuse_vahelise_tulumaksudega_peep.json
  Processed: eesti_vabariigi_valitsuse_ja_korea_vabariigi_valitsuse_vahelise_lennuteenuste_le_peep.json
  Processed: eesti_vabariigi_valitsuse_ja_korea_vabariigi_valitsuse_vahelise_tulumaksudega_to_peep.json
  Processed: eesti_vabariigi_valitsuse_ja_kreeka_vabariigi_valitsuse_vahelise_investeeringute_peep.json
  Processed: eesti_vabariigi_valitsuse_ja_kreeka_vabariigi_valitsuse_vahelise_tulu_ja_kapital_peep.json
  Processed: eesti_vabariigi_valitsuse_ja_kuprose_vabariigi_valitsuse_vahelise_tulumaksudega__peep.json
  Processed: eesti_vabariigi_valitsuse_ja_lati_vabariigi_valitsuse_vahelise_endise_nsv_liidu__peep.json
  Processed: eesti_vabariigi_valitsuse_ja_lati_vabariigi_valitsuse_vahelise_tulumaksuga_topel_peep.json
  Processed: eesti_vabariigi_valitsuse_ja_leedu_vabariigi_valitsuse_vahelise_lepingu_nsv_liid_peep.json
  Processed: eesti_vabariigi_valitsuse_ja_liitlasvagede_atlandi_ulemjuhataja_staabi_vahelise__peep.json
  Processed: eesti_vabariigi_valitsuse_ja_luksemburgi_suurhertsogiriigi_valitsuse_vahelise_tu_peep.json
  Processed: eesti_vabariigi_valitsuse_ja_malta_valitsuse_vahelise_tulumaksuga_topeltmaksusta_peep.json
  Processed: eesti_vabariigi_valitsuse_ja_moldova_vabariigi_valitsuse_vahelise_tulu_ja_kapita_peep.json
  Processed: eesti_vabariigi_valitsuse_ja_norra_kuningriigi_valitsuse_vahelise_investeeringut_peep.json
  Processed: eesti_vabariigi_valitsuse_ja_norra_kuningriigi_valitsuse_vahelise_vastastikuse_m_peep.json
  Processed: eesti_vabariigi_valitsuse_ja_pakistani_islamivabariigi_valitsuse_vahelise_tuluma_peep.json
  Processed: eesti_vabariigi_valitsuse_ja_prantsuse_vabariigi_valitsuse_vahelise_tulu_ja_kapi_peep.json
  Processed: eesti_vabariigi_valitsuse_ja_rootsi_kuningriigi_valitsuse_vahelise_investeeringu_peep.json
  Processed: eesti_vabariigi_valitsuse_ja_singapuri_vabariigi_valitsuse_vahelise_18_septembri_peep.json
  Processed: eesti_vabariigi_valitsuse_ja_singapuri_vabariigi_valitsuse_vahelise_tulumaksudeg_peep.json
  Processed: eesti_vabariigi_valitsuse_ja_sloveenia_vabariigi_valitsuse_vahelise_tulumaksudeg_peep.json
  Processed: eesti_vabariigi_valitsuse_ja_soome_vabariigi_valitsuse_sotsiaalkindlustuse_kokku_peep.json
  Processed: eesti_vabariigi_valitsuse_ja_soome_vabariigi_valitsuse_vahelise_investeeringute__peep.json
  Processed: eesti_vabariigi_valitsuse_ja_soome_vabariigi_valitsuse_vahelise_rahvastiku_regis_peep.json
  Processed: eesti_vabariigi_valitsuse_ja_sos_kinderdorf_international_i_vahelise_eesti_vabar_peep.json
  Processed: eesti_vabariigi_valitsuse_ja_suurbritannia_ja_pohja_iirimaa_uhendatud_kuningriig_2_peep.json
  Processed: eesti_vabariigi_valitsuse_ja_suurbritannia_ja_pohja_iirimaa_uhendatud_kuningriig_peep.json
  Processed: eesti_vabariigi_valitsuse_ja_sveitsi_liidunoukogu_vahelise_11_juunil_2002_allaki_peep.json
  Processed: eesti_vabariigi_valitsuse_ja_sveitsi_liidunoukogu_vahelise_tulu_ja_kapitalimaksu_peep.json
  Processed: eesti_vabariigi_valitsuse_ja_tai_kuningriigi_valitsuse_vahelise_kokkuleppe_kurja_peep.json
  Processed: eesti_vabariigi_valitsuse_ja_tai_kuningriigi_valitsuse_vahelise_tulumaksudega_to_peep.json
  Processed: eesti_vabariigi_valitsuse_ja_turgi_vabariigi_valitsuse_vahelise_tulumaksudega_to_peep.json
  Processed: eesti_vabariigi_valitsuse_ja_turkmenistani_valitsuse_vahelise_tulumaksudega_tope_peep.json
  Processed: eesti_vabariigi_valitsuse_ja_ukraina_valitsuse_vahelise_investeeringute_soodusta_peep.json
  Processed: eesti_vabariigi_valitsuse_ja_ukraina_valitsuse_vahelise_sotsiaalkindlustusleping_peep.json
  Processed: eesti_vabariigi_valitsuse_ja_ukraina_valitsuse_vahelise_tulu_ja_kapitalimaksuga__peep.json
  Processed: eesti_vabariigi_valitsuse_ja_ungari_vabariigi_valitsuse_vahelise_terrorismi_ebas_peep.json
  Processed: eesti_vabariigi_valitsuse_ja_ungari_vabariigi_valitsuse_viisakohustuste_vastasti_peep.json
  Processed: eesti_vabariigi_valitsuse_ja_usbekistani_vabariigi_valitsuse_vahelise_tulu_ja_ka_peep.json
  Processed: eesti_vabariigi_valitsuse_ja_uus_meremaa_valitsuse_tootamisoigusega_turismi_kasi_peep.json
  Processed: eesti_vabariigi_valitsuse_ja_vabadusel_turvalisusel_ja_oigusel_rajaneva_ala_suur_peep.json
  Processed: eesti_vabariigi_valitsuse_ja_vene_foderatsiooni_valitsuse_tulumaksuga_topeltmaks_peep.json
  Processed: eesti_vabariigi_valitsuse_ja_vene_foderatsiooni_valitsuse_vahelise_pensionilise__peep.json
  Processed: eesti_vabariigi_valitsuse_ja_vietnami_sotsialistliku_vabariigi_valitsuse_vahelis_peep.json
  Processed: eesti_vabariigi_valitsuse_lati_vabariigi_valitsuse_ja_leedu_vabariigi_valitsuse__10_peep.json
  Processed: eesti_vabariigi_valitsuse_lati_vabariigi_valitsuse_ja_leedu_vabariigi_valitsuse__2_peep.json
  Processed: eesti_vabariigi_valitsuse_lati_vabariigi_valitsuse_ja_leedu_vabariigi_valitsuse__3_peep.json
  Processed: eesti_vabariigi_valitsuse_lati_vabariigi_valitsuse_ja_leedu_vabariigi_valitsuse__4_peep.json
  Processed: eesti_vabariigi_valitsuse_lati_vabariigi_valitsuse_ja_leedu_vabariigi_valitsuse__5_peep.json
  Processed: eesti_vabariigi_valitsuse_lati_vabariigi_valitsuse_ja_leedu_vabariigi_valitsuse__6_peep.json
  Processed: eesti_vabariigi_valitsuse_lati_vabariigi_valitsuse_ja_leedu_vabariigi_valitsuse__7_peep.json
  Processed: eesti_vabariigi_valitsuse_lati_vabariigi_valitsuse_ja_leedu_vabariigi_valitsuse__8_peep.json
  Processed: eesti_vabariigi_valitsuse_lati_vabariigi_valitsuse_ja_leedu_vabariigi_valitsuse__9_peep.json
  Processed: eesti_vabariigi_valitsuse_lati_vabariigi_valitsuse_ja_leedu_vabariigi_valitsuse__peep.json
  Processed: eesti_vabariigi_valitsuse_lati_vabariigi_valitsuse_ja_rootsi_kuningriigi_valitsu_peep.json
  Processed: eesti_vabariigi_valitsuse_leedu_vabariigi_valitsuse_ja_lati_vabariigi_valitsuse__2_peep.json
  Processed: eesti_vabariigi_valitsuse_leedu_vabariigi_valitsuse_ja_lati_vabariigi_valitsuse__3_peep.json
  Processed: eesti_vabariigi_valitsuse_leedu_vabariigi_valitsuse_ja_lati_vabariigi_valitsuse__peep.json
  Processed: eesti_vabariigi_valitsuse_nato_arendusstaabi_ulemjuhatuse_ja_liitlasvagede_euroo_peep.json
  Processed: eesti_vabariigi_valitsuse_ning_suurbritannia_ja_pohja_iirimaa_uhendatud_kuningri_peep.json
  Processed: eesti_vabariigi_valitsuse_soome_vabariigi_valitsuse_ja_rootsi_kuningriigi_valits_peep.json
  Processed: eestis_tegutsenud_teiste_riikide_julgeoleku_ja_luureorganite_materjalide_kogumis_peep.json
  Processed: eestisse_lahetatud_tootajate_tootingimuste_seadus_peep.json
  Processed: eestit_okupeerinud_riikide_julgeolekuorganite_voi_relvajoudude_luure_voi_vastulu_peep.json
  Processed: ehitusseadustik_peep.json
  Processed: ehitusseadustiku_ja_planeerimisseaduse_rakendamise_seadus_peep.json
  Processed: ekspordi_riikliku_garanteerimise_seadus_peep.json
  Processed: ekspordi_riikliku_tagamise_seadus_peep.json
  Processed: elamuseadus_peep.json
  Processed: elatisabi_seadus_peep.json
  Processed: elektriohutusseadus_peep.json
  Processed: elektrituruseadus_peep.json
  Processed: elektroonilise_side_seadus_peep.json
  Processed: elundite_ja_kudede_siirdamise_seadus_peep.json
  Processed: eluruumide_erastamise_seadus_peep.json
  Processed: enamsoodustusreziimi_tollimaksu_seadus_peep.json
  Processed: endise_kruntrendimaa_obrokimaa_omandisse_andmise_ja_kompenseerimise_seadus_peep.json
  Processed: endisest_noukogude_liidust_tekkinud_uute_soltumatute_riikide_teadlastega_koostoo_peep.json
  Processed: endiste_korteriuhingute_liikmete_korterite_tagastamise_ja_kompenseerimise_seadus_peep.json
  Processed: endiste_omanike_odedele_ja_vendadele_voi_nende_alanejatele_sugulastele_endise_om_peep.json
  Processed: energiamajanduse_korralduse_seadus_peep.json
  Processed: erakonnaseadus_peep.json
  Processed: erakooliseadus_peep.json
  Processed: erakorralise_seisukorra_seadus_peep.json
  Processed: erastamisest_laekuva_raha_kasutamise_seadus_peep.json
  Processed: erastamisseadus_peep.json
  Processed: erigi_seadus_peep.json
  Processed: eriolukorra_seadus_peep.json
  Processed: estpla_6_kohta_kaiva_vastastikuse_moistmise_memorandumi_eesti_jalavaeruhma_posit_peep.json
  Processed: etendusasutuse_seadus_peep.json
  Processed: ettevotluse_toetamise_ja_laenude_riikliku_tagamise_seadus_peep.json
  Processed: ettevotlustulu_lihtsustatud_maksustamise_seadus_peep.json
  Processed: euro_kasutusele_votmise_ja_eurodes_tehtavate_sularahamaksete_arveldamise_seadus_peep.json
  Processed: euro_kasutusele_votmise_seadus_peep.json
  Processed: eurocontroli_lennuliikluse_ohutuse_alast_koostood_kasitlevate_protokollide_ratif_peep.json
  Processed: euroopa_ajutise_sotsiaalkindlustusskeemide_lepingu_mis_holmab_vanadus_invaliidsu_peep.json
  Processed: euroopa_ajutise_sotsiaalkindlustusskeemide_lepingu_valja_arvatud_vanadus_invalii_peep.json
  Processed: euroopa_arhitektuuriparandi_kaitse_konventsiooni_ratifitseerimise_seadus_peep.json
  Processed: euroopa_energiaharta_lepingu_ja_protokolli_ratifitseerimise_seadus_peep.json
  Processed: euroopa_farmakopoa_koostamise_konventsiooni_ja_selle_muutmise_protokolliga_uhine_peep.json
  Processed: euroopa_filmialase_koostoo_konventsiooni_ratifitseerimise_seadus_peep.json
  Processed: euroopa_inimoiguste_ja_pohivabaduste_kaitse_konventsiooni_protokolli_nr_13_surma_peep.json
  Processed: euroopa_inimoiguste_kohtu_menetluses_osalevaid_isikuid_kasitleva_euroopa_kokkule_peep.json
  Processed: euroopa_ja_vahemeremaade_taimekaitseorganisatsiooni_asutamise_konventsiooni_rati_peep.json
  Processed: euroopa_keskpika_ilmaennustuse_keskuse_asutamise_konventsiooniga_uhinemiseks_vaj_peep.json
  Processed: euroopa_kohaliku_omavalitsuse_harta_kohaliku_omavalitsuse_uksuse_tegevuses_osale_peep.json
  Processed: euroopa_kohaliku_omavalitsuse_harta_ratifitseerimise_seadus_peep.json
  Processed: euroopa_kosmoseagentuuri_asutamise_konventsiooniga_uhinemise_ning_eesti_vabariig_peep.json
  Processed: euroopa_liidu_kodaniku_seadus_peep.json
  Processed: euroopa_liidu_lepingu_artikli_k_3_alusel_koostatud_infotehnoloogia_tollialase_ka_peep.json
  Processed: euroopa_liidu_lepingu_artikli_k_3_loike_2_punktil_c_pohineva_euroopa_uhenduste_a_peep.json
  Processed: euroopa_liidu_lepingu_artiklil_k_3_pohineva_euroopa_politseiameti_konventsioonig_peep.json
  Processed: euroopa_liidu_lepingu_euroopa_liidu_toimimise_lepingu_ja_euroopa_aatomienergiauh_peep.json
  Processed: euroopa_liidu_lepingule_ja_euroopa_liidu_toimimise_lepingule_lisatava_protokolli_peep.json
  Processed: euroopa_liidu_liikmesriigist_ebaseaduslikult_valjaviidud_kultuurivaartuste_tagas_peep.json
  Processed: euroopa_liidu_liikmesriikide_vahelise_kriminaalasjades_vastastikuse_oigusabi_kon_peep.json
  Processed: euroopa_liidu_liikmesriikide_vahelise_valjaandmise_konventsiooniga_uhinemise_sea_peep.json
  Processed: euroopa_liidu_liikmesriikide_vahelise_valjaandmise_lihtsustatud_korra_konventsio_peep.json
  Processed: euroopa_liidu_liikmesriikide_vaheliste_kahepoolsete_investeerimislepingute_lopet_peep.json
  Processed: euroopa_liidu_ning_ladina_ameerika_ja_kariibi_piirkonna_rahvusvahelise_sihtasutu_peep.json
  Processed: euroopa_liidu_noukogu_konventsiooni_sissenoudmiskulude_maaramise_kohta_kesksel_t_peep.json
  Processed: euroopa_liidu_noukogu_maaruse_emu_nr_2137_85_euroopa_majandushuviuhingu_kohta_ra_peep.json
  Processed: euroopa_liidu_noukogu_maaruse_eu_nr_1435_2003_euroopa_uhistu_sce_pohikirja_kohta_peep.json
  Processed: euroopa_liidu_noukogu_maaruse_eu_nr_2157_2001_euroopa_ariuhingu_se_pohikirja_koh_peep.json
  Processed: euroopa_liidu_teenuste_direktiivi_rakendamise_seadus_peep.json
  Processed: euroopa_liidu_toimimise_lepingu_muudatuse_ratifitseerimise_seadus_peep.json
  Processed: euroopa_liidu_uhise_pollumajanduspoliitika_rakendamise_seadus_peep.json
  Processed: euroopa_majanduspiirkonna_finantsmehhanismi_ja_norra_finantsmehhanismi_rakendami_peep.json
  Processed: euroopa_majandusuhenduse_ja_eesti_vabariigi_kaubavahetuse_ja_ari_ning_majandusko_peep.json
  Processed: euroopa_majandusuhenduse_ja_eesti_vabariigi_ning_eesti_panga_vahelise_laenulepin_peep.json
  Processed: euroopa_meteoroloogiasatelliitide_kasutamise_organisatsiooni_asutamise_konventsi_peep.json
  Processed: euroopa_meteoroloogiasatelliitide_kasutamise_organisatsiooni_eesoiguste_ja_puutu_peep.json
  Processed: euroopa_metsainstituudi_konventsiooniga_uhinemise_seadus_peep.json
  Processed: euroopa_mitteregulaarse_lennuliikluse_arilisi_oigusi_kasitleva_mitmepoolse_lepin_peep.json
  Processed: euroopa_molekulaarbioloogia_konverentsi_asutamislepinguga_uhinemise_seadus_peep.json
  Processed: euroopa_molekulaarbioloogia_laboratooriumi_asutamiskokkuleppega_uhinemise_seadus_peep.json
  Processed: euroopa_noukogu_dopinguvastase_konventsiooni_ratifitseerimise_seadus_peep.json
  Processed: euroopa_noukogu_filmialase_kaastootmise_konventsiooni_uuendatud_ratifitseerimise_peep.json
  Processed: euroopa_noukogu_privileegide_ja_immuniteetide_uldkokkuleppe_kolmanda_protokolli__peep.json
  Processed: euroopa_noukogu_privileegide_ja_immuniteetide_uldkokkuleppe_kuuenda_protokolli_r_peep.json
  Processed: euroopa_noukogu_privileegide_ja_immuniteetide_uldkokkuleppega_ning_selle_juurde__peep.json
  Processed: euroopa_noukogu_rahapesu_ning_kriminaaltulu_avastamise_arestimise_ja_konfiskeeri_peep.json
  Processed: euroopa_noukogu_sotsiaalarengu_fondi_kokkuleppe_vastuvotmise_seadus_peep.json
  Processed: euroopa_noukogu_statuudi_ratifitseerimise_seadus_peep.json
  Processed: euroopa_parlamendi_ja_noukogu_maaruse_el_2019_788_euroopa_kodanikualgatuse_kohta_peep.json
  Processed: euroopa_parlamendi_ja_noukogu_maaruse_eu_nr_1082_2006_euroopa_territoriaalse_koo_peep.json
  Processed: euroopa_parlamendi_valimise_seadus_peep.json
  Processed: euroopa_patentide_valjaandmise_konventsiooni_muutmise_aktiga_uhinemise_seadus_peep.json
  Processed: euroopa_patentide_valjaandmise_konventsiooni_ning_euroopa_parlamendi_ja_noukogu__peep.json
  Processed: euroopa_patentide_valjaandmise_konventsiooniga_uhinemise_seadus_peep.json
  Processed: euroopa_pohiseaduse_lepingu_ratifitseerimise_seadus_peep.json
  Processed: euroopa_raadiosideburoo_moodustamise_konventsiooni_muutmisdokumendi_ja_selle_lis_peep.json
  Processed: euroopa_raadiosideburoo_moodustamise_konventsiooniga_uhinemise_seadus_peep.json
  Processed: euroopa_rekonstrueerimis_ja_arengupanga_asutamislepingu_muudatuse_ratifitseerimi_peep.json
  Processed: euroopa_rekonstruktsiooni_ja_arengupanga_asutamislepingu_artikli_1_ja_artikli_12_peep.json
  Processed: euroopa_rekonstruktsiooni_ja_arengupanga_asutamislepingu_artiklite_1_ja_18_muuda_peep.json
  Processed: euroopa_sotsiaal_ja_meditsiiniabi_konventsiooni_ning_selle_protokolli_ratifitsee_peep.json
  Processed: euroopa_sotsiaalkindlustuskoodeksi_ratifitseerimise_seadus_peep.json
  Processed: euroopa_stabiilsusmehhanismi_asutamislepingu_muutmise_lepingu_ratifitseerimise_s_peep.json
  Processed: euroopa_stabiilsusmehhanismi_asutamislepingu_ratifitseerimise_ja_rakendamise_sea_peep.json
  Processed: euroopa_telekommunikatsiooniburoo_moodustamise_konventsiooni_ratifitseerimise_se_peep.json
  Processed: euroopa_tuumauuringute_organisatsiooni_asutamiskonventsiooni_ja_selle_juurde_kuu_peep.json
  Processed: euroopa_uhenduse_ja_eesti_vabariigi_kokkuleppe_eesti_vabariigi_osalemise_kohta_e_peep.json
  Processed: euroopa_uhenduse_ja_selle_liikmesriikide_albaania_vabariigi_bosnia_ja_hertsegovi_peep.json
  Processed: euroopa_uhendust_esindava_euroopa_uhenduste_komisjoni_ja_eesti_vabariigi_vahel_s_peep.json
  Processed: euroopa_uhenduste_finantshuvide_kaitse_konventsiooniga_ja_selle_protokollidega_u_peep.json
  Processed: euroopa_uhenduste_ja_nende_liikmesriikide_ning_eesti_vabariigi_vahelise_assotsie_2_peep.json
  Processed: euroopa_uhenduste_ja_nende_liikmesriikide_ning_eesti_vabariigi_vahelise_assotsie_3_peep.json
  Processed: euroopa_uhenduste_ja_nende_liikmesriikide_ning_eesti_vabariigi_vahelise_assotsie_4_peep.json
  Processed: euroopa_uhenduste_ja_nende_liikmesriikide_ning_eesti_vabariigi_vahelise_assotsie_peep.json
  Processed: euroopa_uhenduste_komisjoni_kes_esindab_euroopa_uhendust_ja_eesti_vabariigi_vahe_2_peep.json
  Processed: euroopa_uhenduste_komisjoni_kes_esindab_euroopa_uhendust_ja_eesti_vabariigi_vahe_peep.json
  Processed: euroopa_ulikool_instituudi_asutamise_konventsiooni_muutmise_konventsiooni_ratifi_peep.json
  Processed: euroopa_ulikool_instituudi_asutamise_konventsiooniga_uhinemise_seadus_peep.json
  Processed: eurovoc_classification.json
  Processed: filmide_ja_muude_audiovisuaalteoste_kaastootmise_ning_levitamise_toetamiseks_asu_peep.json
  Processed: finantsinspektsiooni_seadus_peep.json
  Processed: finantskriisi_ennetamise_ja_lahendamise_seadus_peep.json
  Processed: fonogrammitootjat_fonogrammi_loata_paljundamise_vastu_kaitsva_konventsiooniga_uh_peep.json
  Processed: fuusilise_isiku_maksejouetuse_seadus_peep.json
  Processed: gaasiseadus_peep.json
  Processed: geneetiliselt_muundatud_mikroorganismide_suletud_keskkonnas_kasutamise_seadus_peep.json
  Processed: geneetiliselt_muundatud_organismide_keskkonda_viimise_seadus_peep.json
  Processed: geograafilise_tahise_kaitse_seadus_peep.json
  Processed: haagi_rahvusvahelise_eraoiguse_konverentsi_muudetud_pohikirja_heakskiitmise_sead_peep.json
  Processed: haagi_rahvusvahelise_eraoiguse_konverentsi_pohikirja_vastuvotmise_seadus_peep.json
  Processed: hadaolukorra_seadus_peep.json
  Processed: haldusasjadega_seotud_dokumentide_valisriikides_uleandmise_euroopa_konventsiooni_peep.json
  Processed: halduskohtumenetluse_seadustik_peep.json
  Processed: halduskoostoo_seadus_peep.json
  Processed: haldusmenetluse_peep.json
  Processed: haldusmenetluse_seadus_peep.json
  Processed: haldusreformi_seadus_peep.json
  Processed: hariduses_teaduses_ja_muus_kultuurivaldkonnas_kasutatavate_esemete_sisseveo_kokk_peep.json
  Processed: hasartmangumaksu_seadus_peep.json
  Processed: hasartmanguseadus_peep.json
  Processed: hoiu_laenuuhistu_seadus_peep.json
  Processed: hoiuste_intresside_maksustamise_ja_intressidealase_teabevahetuse_kokkulepete_rat_peep.json
  Processed: hongkongi_laevade_ohutu_ja_keskkonnahoidliku_ringlussevotu_rahvusvahelise_konven_peep.json
  Processed: hooneuhistuseadus_peep.json
  Processed: horvaatia_vabariigi_euroopa_majanduspiirkonnas_osalemise_lepingu_ratifitseerimis_peep.json
  Processed: huvialakooli_seadus_peep.json
  Processed: huvikooli_seadus_peep.json
  Processed: ida_ja_kesk_euroopa_kalanduse_arendamise_rahvusvahelise_organisatsiooni_eurofish_peep.json
  Processed: ida_petserimaal_ja_narva_joe_tagusel_virumaal_oigusvastaselt_voorandatud_vara_ta_peep.json
  Processed: individuaalse_toovaidluse_lahendamise_seadus_peep.json
  Processed: infouhiskonna_teenuse_seadus_peep.json
  Processed: inimgeeniuuringute_seadus_peep.json
  Processed: inimkaubandusvastase_euroopa_noukogu_konventsiooni_ratifitseerimise_seadus_peep.json
  Processed: inimoiguste_ja_biomeditsiini_konventsiooni_inimelundite_ja_kudede_siirdamist_kas_peep.json
  Processed: inimoiguste_ja_biomeditsiini_konventsiooni_inimoiguste_ja_inimvaarikuse_kaitse_b_peep.json
  Processed: inimoiguste_ja_pohivabaduste_kaitse_konventsiooni_lisaprotokolli_nr_6_ratifitsee_peep.json
  Processed: inimoiguste_ja_pohivabaduste_kaitse_konventsiooni_protokolli_nr_14_millega_muude_peep.json
  Processed: inimoiguste_ja_pohivabaduste_kaitse_konventsiooni_protokolli_nr_16_ratifitseerim_peep.json
  Processed: inimoiguste_ja_pohivabaduste_kaitse_konventsiooni_taiendatud_protokollidega_nr_2_peep.json
  Processed: institutional_competence_report.json
  Processed: inverse_references_report.json
  Processed: investeerimisfondide_seadus_peep.json
  Processed: investeeringute_soodustamise_ja_vastastikuse_kaitse_lepingute_ratifitseerimise_s_peep.json
  Processed: isikuandmete_automatiseeritud_tootlemisel_isiku_kaitse_konventsiooni_lisaprotoko_peep.json
  Processed: isikuandmete_automatiseeritud_tootlemisel_isiku_kaitse_konventsiooni_muutmise_pr_peep.json
  Processed: isikuandmete_automatiseeritud_tootlemisel_isiku_kaitse_konventsiooni_ratifitseer_peep.json
  Processed: isikuandmete_kaitse_peep.json
  Processed: isikuandmete_kaitse_seadus_peep.json
  Processed: isikuid_sunniviisilise_kadumise_eest_kaitsva_rahvusvahelise_konventsiooniga_uhin_peep.json
  Processed: isikut_toendavate_dokumentide_seadus_peep.json
  Processed: issuers_kov_peep.json
  Processed: jaatmeseadus_peep.json
  Processed: jaatmete_ja_muude_ainete_kaadamisest_pohjustatud_merereostuse_valtimise_1972_aas_2_peep.json
  Processed: jaatmete_ja_muude_ainete_kaadamisest_pohjustatud_merereostuse_valtimise_1972_aas_peep.json
  Processed: jahi_seadus_peep.json
  Processed: jahiseadus_peep.json
  Processed: jalavaemiinide_kasutamist_varumist_tootmist_ja_uleandmist_keelustava_ja_nende_ha_peep.json
  Processed: jalavaemiinide_kasutamist_varumist_tootmist_ja_uleandmist_keelustavast_ja_nende__peep.json
  Processed: jalgpallivoistluste_ja_teiste_spordiurituste_pealtvaatajate_vagivalda_ning_muid__2_peep.json
  Processed: jalgpallivoistluste_ja_teiste_spordiurituste_pealtvaatajate_vagivalda_ning_muid__peep.json
  Processed: jalitustegevuse_seadus_peep.json
  Processed: julgeolekuasutuste_seadus_peep.json
  Processed: kaasomandis_oleva_elamu_mottelise_osa_erastamise_seadus_peep.json
  Processed: kaebemenetlust_kasitleva_lapse_oiguste_konventsiooni_fakultatiivprotokolliga_uhi_peep.json
  Processed: kaevandamisseadus_peep.json
  Processed: kaibemaksuseadus_peep.json
  Processed: kaitseliidu_seadus_peep.json
  Processed: kaitsevae_distsiplinaarseadus_peep.json
  Processed: kaitsevae_korralduse_seadus_peep.json
  Processed: kaitsevaeteenistuse_peep.json
  Processed: kaitsevaeteenistuse_seadus_peep.json
  Processed: kaitsevaeteenistuse_seaduse_rakendamise_seadus_peep.json
  Processed: kalanduse_seadus_peep.json
  Processed: kalandusturu_korraldamise_seadus_peep.json
  Processed: kalapuugiseadus_peep.json
  Processed: kalapuuki_ja_mereuurimist_reguleerivate_rahvusvaheliste_konventsioonide_ratifits_peep.json
  Processed: kalmistuseadus_peep.json
  Processed: karistusregistri_seadus_peep.json
  Processed (summary): karistusseadustik_eriosa_summary.json
  Processed: karistusseadustik_osa1_peep.json
  Processed: karistusseadustik_osa2_peep.json
  Processed: karistusseadustiku_rakendamise_seadus_peep.json
  Processed: kasuliku_mudeli_seadus_peep.json
  Processed: kasutatud_tuumakutuse_ja_radioaktiivsete_jaatmete_ohutu_kaitlemise_uhendkonvents_peep.json
  Processed: kaubamargioiguse_lepinguga_uhinemise_seadus_peep.json
  Processed: kaubamargioiguse_singapuri_lepingu_ratifitseerimise_seadus_peep.json
  Processed: kaubamargiseadus_peep.json
  Processed: kaubamarkide_seadus_peep.json
  Processed: kaubanduslikku_meresoitu_teostavate_laevade_miinimumnouete_konventsiooni_ja_sell_peep.json
  Processed: kaubandusliku_meresoidu_koodeks_peep.json
  Processed: kaubandusliku_meresoidu_seadus_peep.json
  Processed: kaubandustegevuse_seadus_peep.json
  Processed: kaugkutteseadus_peep.json
  Processed: kaupade_piirikontrolli_tingimuste_kooskolastamise_rahvusvahelise_konventsiooni_8_peep.json
  Processed: kaupade_piirikontrolli_tingimuste_kooskolastamise_rahvusvahelise_konventsiooni_9_peep.json
  Processed: kaupade_piirikontrolli_tingimuste_kooskolastamise_rahvusvahelise_konventsiooniga_peep.json
  Processed: keeleseadus_peep.json
  Processed: keemiarelvade_valjatootamise_tootmise_varumise_ja_kasutamise_keelustamise_ning_n_peep.json
  Processed: keemilise_ja_bioloogilise_fuusika_instituudi_seadus_peep.json
  Processed: kemikaaliseadus_peep.json
  Processed: keskkonna_kriminaaloigusliku_kaitse_konventsiooni_ratifitseerimise_seadus_peep.json
  Processed: keskkonnainfo_kattesaadavuse_ja_keskkonnaasjade_otsustamiseks_uldsuse_osalemise__peep.json
  Processed: keskkonnainfo_kattesaadavuse_keskkonnaasjade_otsustamises_uldsuse_osalemise_ning_peep.json
  Processed: keskkonnajarelevalve_seadus_peep.json
  Processed: keskkonnamoju_hindamise_ja_keskkonnajuhtimissusteemi_seadus_peep.json
  Processed: keskkonnaregistri_seadus_peep.json
  Processed: keskkonnaseadus_peep.json
  Processed: keskkonnaseadustiku_uldosa_seadus_peep.json
  Processed: keskkonnaseire_seadus_peep.json
  Processed: keskkonnatasude_seadus_peep.json
  Processed: keskkonnavastutuse_seadus_peep.json
  Processed: kihlveo_seadus_peep.json
  Processed: kiirgusseadus_peep.json
  Processed: kindlustustegevuse_seadus_peep.json
  Processed: kinnisasja_avalikes_huvides_omandamise_seadus_peep.json
  Processed: kinnisasja_omandamise_kitsendamise_seadus_peep.json
  Processed: kinnisasja_sundvoorandamise_seadus_peep.json
  Processed: kinnistusraamatuse_seadus_peep.json
  Processed: kinnistusraamatuseadus_peep.json
  Processed: kirde_atlandi_tulevase_mitmepoolse_kalanduskoostoo_konventsiooni_denonsseerimise_peep.json
  Processed: kirde_atlandi_tulevase_mitmepoolse_kalanduskoostoo_konventsiooniga_uhinemise_sea_peep.json
  Processed: kirikute_ja_koguduste_seadus_peep.json
  Processed: kodakondsuse_seadus_peep.json
  Processed: kogumispensionide_seadus_peep.json
  Processed: kohalike_maksude_seadus_peep.json
  Processed: kohaliku_omavalitsuse_korralduse_seadus_peep.json
  Processed: kohaliku_omavalitsuse_uksuse_finantsjuhtimise_seadus_peep.json
  Processed: kohaliku_omavalitsuse_uksuste_liitude_seadus_peep.json
  Processed: kohaliku_omavalitsuse_uksuste_uhinemise_soodustamise_seadus_peep.json
  Processed: kohaliku_omavalitsuse_volikogu_valimise_seadus_peep.json
  Processed: kohanimeseadus_peep.json
  Processed: kohtuekspertiisiseadus_peep.json
  Processed: kohtulikult_karistatud_isikute_uleandmise_euroopa_konventsiooni_lisaprotokolli_r_peep.json
  Processed: kohtulikult_karistatud_isikute_uleandmise_euroopa_konventsiooni_ratifitseerimise_peep.json
  Processed: kohtuotsuste_rahvusvahelise_kehtivuse_euroopa_konventsiooni_ratifitseerimise_sea_peep.json
  Processed: kohtutaituri_seadus_peep.json
  Processed: kohtute_seadus_peep.json
  Processed: kokkuleppe_eesti_vabariigi_valitsuse_ja_rootsi_kuningriigi_valitsuse_vahel_merea_peep.json
  Processed: kollektiivlepingu_seadus_peep.json
  Processed: kollektiivse_tootuli_lahendamise_seadus_peep.json
  Processed: kommertspandiseadus_peep.json
  Processed: konkurentsiseadus_peep.json
  Processed: konsulaarseadus_peep.json
  Processed: konventsiooni_ajutise_impordi_kohta_lisade_b_4_b_7_b_8_ja_e_heakskiitmise_seadus_peep.json
  Processed: konventsiooni_kalapuugist_ja_elusressursside_sailitamisest_laanemeres_ja_beltide_peep.json
  Processed: konventsiooni_tulevasest_mitmepoolsest_koostoost_kalanduse_valdkonnas_atlandi_oo_peep.json
  Processed: koolieelse_lasteasutuse_seadus_peep.json
  Processed: kooperatiivsete_riiklik_kooperatiivsete_ja_uhiskondlike_organisatsioonide_vara_t_peep.json
  Processed: kooseluseadus_peep.json
  Processed: korgemate_riigiteenijate_ametipalkade_seadus_peep.json
  Processed: korgharidusseadus_peep.json
  Processed: korgharidustunnistuste_ja_korgharidusele_juurdepaasu_voimaldavate_tunnistuste_eu_peep.json
  Processed: korrakaitseseadus_peep.json
  Processed: korruptsiooni_kriminaaloigusliku_reguleerimise_konventsiooni_lisaprotokolliga_uh_peep.json
  Processed: korruptsiooni_kriminaaloigusliku_reguleerimise_konventsiooni_ratifitseerimise_se_peep.json
  Processed: korruptsiooni_tsiviiloiguslike_aspektide_konventsiooni_ratifitseerimise_seadus_peep.json
  Processed: korruptsioonivastane_seadus_peep.json
  Processed: korteriomandi_ja_korteriuhistuseadus_peep.json
  Processed: korteriomandiseadus_peep.json
  Processed: korteriuhistuseadus_peep.json
  Processed: krediidiandjate_ja_vahendajate_seadus_peep.json
  Processed: krediidiasutuste_seadus_peep.json
  Processed: krediidiinkassode_ja_ostjate_seadus_peep.json
  Processed: kriminaalasjades_vastastikuse_abistamise_euroopa_konventsiooni_ja_selle_lisaprot_peep.json
  Processed: kriminaalhooldusseadus_peep.json
  Processed: kriminaalmenetluse_koodeks_peep.json
  Processed: kriminaalmenetluse_peep.json
  Processed: kriminaalmenetluse_seadustik_peep.json
  Processed: kriminaalmenetluse_seadustiku_rakendamise_seadus_peep.json
  Processed: kriminaalmenetluse_ulevotmise_euroopa_konventsiooni_ratifitseerimise_seadus_peep.json
  Processed: kruptovaraturu_seadus_peep.json
  Processed: kuberturvalisuse_seadus_peep.json
  Processed: kultuurivaartuste_sailitamise_ja_restaureerimise_rahvusvahelise_uurimiskeskuse_p_peep.json
  Processed: kultuurivaartuste_valjaveo_ekspordi_ja_sisseveo_seadus_peep.json
  Processed: kunstiteoste_tellimise_seadus_peep.json
  Processed: kunstliku_viljastamise_ja_embruokaitse_seadus_peep.json
  Processed: kuriteoohvritele_riikliku_huvitise_maksmise_seadus_peep.json
  Processed: kutseoppeasutuse_seadus_peep.json
  Processed: kutseseadus_peep.json
  Processed: kuttegaasi_ohutuse_seadus_peep.json
  Processed: kyoto_protokolli_doha_muudatuse_ratifitseerimise_seadus_peep.json
  Processed: laanemere_piirkonna_merekeskkonna_kaitse_konventsiooni_muudatuste_heakskiitmise__peep.json
  Processed: laanemere_piirkonna_merekeskkonna_kaitse_konventsiooni_ratifitseerimise_seadus_peep.json
  Processed: laeva_asjaoigusseadus_peep.json
  Processed: laeva_lipuoiguse_ja_laevaregistrite_seadus_peep.json
  Processed: laevade_ballastvee_ja_selle_setete_kontrolli_ning_kaitlemise_2004_aasta_rahvusva_peep.json
  Processed: laevade_kahjulike_kattumisvastaste_susteemide_kontrolli_rahvusvahelise_konventsi_peep.json
  Processed: laevade_kohtulik_myyk_peep.json
  Processed: lammatavate_murgiste_voi_neile_sarnanevate_gaaside_ja_bakterioloogiliste_vahendi_peep.json
  Processed: lapse_oiguste_konventsiooni_artikli_43_loike_2_muudatuse_ratifitseerimise_seadus_peep.json
  Processed: lapse_oiguste_konventsiooni_laste_muuki_lasteprostitutsiooni_ja_pornograafiat_ka_peep.json
  Processed: lapseroovi_suhtes_tsiviiloiguse_kohaldamise_rahvusvahelise_konventsiooniga_uhine_peep.json
  Processed: laste_hooldusoigust_ja_laste_hooldusoiguse_taastamist_kasitlevate_otsuste_tunnus_peep.json
  Processed: laste_kaasamist_relvakonfliktidesse_kasitleva_lapse_oiguste_konventsiooni_fakult_peep.json
  Processed: laste_kaitset_seksuaalse_arakasutamise_ja_seksuaalse_kuritarvitamise_eest_kasitl_peep.json
  Processed: lastekaitseseadus_peep.json
  Processed: lennundusseadus_peep.json
  Processed: lepingu_belgia_kuningriigi_taani_kuningriigi_saksamaa_liitvabariigi_kreeka_vabar_peep.json
  Processed: lepingu_belgia_kuningriigi_tsehhi_vabariigi_taani_kuningriigi_saksamaa_liitvabar_peep.json
  Processed: lepingu_eesti_vabariigi_valitsuse_ja_taani_kuningriigi_valitsuse_vahel_investeer_peep.json
  Processed: lepingu_eesti_vabariigi_valitsuse_ning_taani_valitsuse_ja_faari_saarte_kohaliku__peep.json
  Processed: lepingu_tsehhi_vabariigi_eesti_vabariigi_kuprose_vabariigi_lati_vabariigi_leedu__peep.json
  Processed: lepinguliste_kohustuste_suhtes_kohaldatava_oiguse_konventsiooniga_ning_selle_pro_peep.json
  Processed: lepitusseadus_peep.json
  Processed: lifti_ja_koistee_ohutuse_seadus_peep.json
  Processed: liikluskindlustuse_seadus_peep.json
  Processed: liiklusseadus_peep.json
  Processed: lissaboni_lepingu_millega_muudetakse_euroopa_liidu_lepingut_ja_euroopa_uhenduse__peep.json
  Processed: lohkematerjaliseadus_peep.json
  Processed: looduskaitseseadus_peep.json
  Processed: loodusliku_loomastiku_ja_taimestiku_ohustatud_liikidega_rahvusvahelise_kaubandus_peep.json
  Processed: loomade_ja_loomsete_saadustega_kauplemise_ning_nende_impordi_ja_ekspordi_veterin_peep.json
  Processed: loomakaitse_seadus_peep.json
  Processed: loomakaitseseadus_peep.json
  Processed: loomastiku_kaitse_ja_kasutamise_seadus_peep.json
  Processed: loomatauditorje_seadus_peep.json
  Processed: loovisikute_ja_loomeliitude_seadus_peep.json
  Processed: maa_hindamise_seadus_peep.json
  Processed: maaelu_ja_pollumajandusturu_korraldamise_seadus_peep.json
  Processed: maagaasiseadus_peep.json
  Processed: maailma_intellektuaalse_omandi_organisatsiooni_autorioiguse_lepingu_ratifitseeri_peep.json
  Processed: maailma_intellektuaalse_omandi_organisatsiooni_esitus_ja_fonogrammilepingu_ratif_peep.json
  Processed: maailma_kaubandusorganisatsiooni_teenustekaubanduse_uldlepingu_lisa_euroopa_uhen_peep.json
  Processed: maailma_terviseorganisatsiooni_pohikirja_ja_selle_muudatuste_heakskiitmise_seadu_peep.json
  Processed: maailma_terviseorganisatsiooni_who_tubaka_tarbimise_leviku_vahendamise_raamkonve_peep.json
  Processed: maakatastriseadus_peep.json
  Processed: maakorraldusseadus_peep.json
  Processed: maamaksuseadus_peep.json
  Processed: maaparandusseadus_peep.json
  Processed: maapoue_seadus_peep.json
  Processed: maapoueseadus_peep.json
  Processed: maareformi_kaigus_kasutusvaldusesse_antud_maa_omandamise_seadus_peep.json
  Processed: maareformi_seadus_peep.json
  Processed: mahepollumajanduse_seadus_peep.json
  Processed: majandus_ja_rahaliidu_stabiilsuse_koordineerimise_ja_juhtimise_lepingu_ratifitse_peep.json
  Processed: majandusliku_koostoo_ja_arengu_organisatsiooniga_uhinemiseks_vajalike_lepingute__peep.json
  Processed: majandustegevuse_registri_seadus_peep.json
  Processed: majandustegevuse_seadustiku_uldosa_seadus_peep.json
  Processed: majandusvoondi_seadus_peep.json
  Processed: makse_ja_arveldussusteemide_seadus_peep.json
  Processed: makseasutuste_ja_e_raha_asutuste_seadus_peep.json
  Processed: maksualase_teabevahetuse_seadus_peep.json
  Processed: maksuasjades_vastastikuse_haldusabi_konventsiooni_ratifitseerimise_seadus_peep.json
  Processed: maksubaasi_kahandamise_ja_kasumi_umberpaigutamise_ennetamiseks_maksulepingutega__peep.json
  Processed: maksukorralduse_seadus_peep.json
  Processed: mandrilava_pusiplatvorme_ohustava_ebaseadusliku_tegevuse_tokestamise_protokollig_peep.json
  Processed: margukirjale_ja_selgitustaotlusele_vastamise_ning_kollektiivse_poordumise_esitam_peep.json
  Processed: markide_rahvusvahelise_registreerimise_madridi_kokkuleppe_protokolliga_uhinemise_peep.json
  Processed: markide_registreerimisel_kasutatava_kaupade_ja_teenuste_rahvusvahelise_klassifik_peep.json
  Processed: masina_ohutuse_seadus_peep.json
  Processed: meditsiiniseadme_seadus_peep.json
  Processed: meediateenuste_seadus_peep.json
  Processed: meetrikonventsiooniga_uhinemise_seadus_peep.json
  Processed: merealapiiride_seadus_peep.json
  Processed: meresoidu_seadus_peep.json
  Processed: meresoiduohutuse_seadus_peep.json
  Processed: meresoitu_ohustava_ebaseadusliku_tegevuse_tokestamise_konventsiooni_2005_aasta_p_peep.json
  Processed: meresoitu_ohustava_ebaseadusliku_tegevuse_tokestamise_konventsiooniga_uhinemise__peep.json
  Processed: mereteenistuse_seadus_peep.json
  Processed: meretoo_seadus_peep.json
  Processed: merinouete_korral_vastutuse_piiramise_1976_aasta_konventsiooni_muutmise_1996_aas_peep.json
  Processed: merinouete_korral_vastutuse_piiramise_1976_aasta_konventsiooni_ratifitseerimise__peep.json
  Processed: metsaseadus_peep.json
  Processed: mikrolulituse_topoloogia_kaitse_seadus_peep.json
  Processed: mikroorganismide_patendiekspertiisiks_deponeerimise_rahvusvahelise_tunnustamise__peep.json
  Processed: mitteeluruumide_erastamise_seadus_peep.json
  Processed: mittetulundusuhingute_seadus_peep.json
  Processed: monede_rahvusvahelise_tooorganisatsiooni_ilo_konventsioonide_ratifitseerimise_se_peep.json
  Processed: montenegro_uhinemist_kasitleva_pohja_atlandi_lepingu_protokolli_heakskiitmise_se_peep.json
  Processed: mooteseadus_peep.json
  Processed: mootorsoidukimaksu_seadus_peep.json
  Processed: mootorsoidukite_varustuse_ja_osade_kinnitamise_uhtsete_nouete_vastuvotmise_ja_ki_peep.json
  Processed: muinsuskaitseseadus_peep.json
  Processed: municipalities_peep.json
  Processed: muuseumiseadus_peep.json
  Processed: naftareostusest_pohjustatud_kahju_korral_kehtiva_tsiviilvastutuse_1969_aasta_rah_peep.json
  Processed: nairobi_rahvusvahelise_laevavrakkide_eemaldamise_2007_aasta_konventsiooni_ratifi_peep.json
  Processed: naiste_diskrimineerimise_koigi_vormide_likvideerimise_konventsiooni_fakultatiivp_peep.json
  Processed: naistevastase_vagivalla_ja_perevagivalla_ennetamise_ja_tokestamise_euroopa_nouko_peep.json
  Processed: nakkushaiguste_ennetamise_ja_torje_seadus_peep.json
  Processed: narkootiliste_ja_psuhhotroopsete_ainete_ebaseadusliku_ringluse_vastase_uro_konve_peep.json
  Processed: narkootiliste_ja_psuhhotroopsete_ainete_ning_nende_lahteainete_seadus_peep.json
  Processed: narkootiliste_ja_psuhhotroopsete_ainete_seadus_peep.json
  Processed: nimeseadus_peep.json
  Processed: noorsootoo_seadus_peep.json
  Processed: notari_distsiplinaarvastutuse_seadus_peep.json
  Processed: notari_tasu_seadus_peep.json
  Processed: notariaadiseadus_peep.json
  Processed: nsv_liidu_sojavaebaaside_jaoks_sundvoorandatud_maa_tagastamise_ja_kompenseerimis_peep.json
  Processed: ohtlike_jaatmete_riikidevahelise_veo_ja_nende_korvaldamise_kontrolli_baseli_konv_peep.json
  Processed: ohusoiduki_pardal_toimepandud_oigusrikkumisi_ja_teatavaid_teisi_tegusid_kasitlev_peep.json
  Processed: ohusoidukite_omandioigust_ja_tsiviillennunduse_ohutust_kasitlevate_rahvusvahelis_peep.json
  Processed: ohutusjarelevalve_seadus_peep.json
  Processed: ohvriabi_seadus_peep.json
  Processed: oigusabi_taotluste_edastamise_euroopa_kokkuleppe_lisaprotokolli_ratifitseerimise_peep.json
  Processed: oigusabi_taotluste_edastamise_euroopa_kokkuleppe_ratifitseerimise_seadus_peep.json
  Processed: oigusaktides_rahauhikute_euroga_asendamise_seadus_peep.json
  Processed: oiguskantsleri_seadus_peep.json
  Processed: oigusvastaselt_voorandatud_vara_maksumuse_maaramise_ja_kompenseerimise_seadus_peep.json
  Processed: okupatsioonireziimide_poolt_represseeritud_isiku_seadus_peep.json
  Processed: oppetoetuste_ja_oppelaenu_seadus_peep.json
  Processed: osamaksete_uhtsesse_kriisilahendusfondi_ulekandmise_ja_uhiskasutusse_votmise_lep_2_peep.json
  Processed: osamaksete_uhtsesse_kriisilahendusfondi_ulekandmise_ja_uhiskasutusse_votmise_lep_peep.json
  Processed: osoonikihi_kaitsmise_viini_konventsiooni_ja_osoonikihti_kahandavate_ainete_montr_peep.json
  Processed: osoonikihti_kahandavate_ainete_montreali_protokolli_1990_aasta_29_juuni_londoni__peep.json
  Processed: osoonikihti_kahandavate_ainete_montreali_protokolli_1997_aasta_15_17_septembril__peep.json
  Processed: osoonikihti_kahandavate_ainete_montreali_protokolli_1999_aastal_pekingis_tehtud__peep.json
  Processed: osoonikihti_kahandavate_ainete_montreali_protokolli_2016_aasta_muudatuse_ratifit_peep.json
  Processed: paasteseadus_peep.json
  Processed: paasteteenistuse_peep.json
  Processed: paasteteenistuse_seadus_peep.json
  Processed: pagulasseisundi_konventsiooni_ja_31_jaanuari_1967_aasta_pagulasseisundi_protokol_peep.json
  Processed: pakendiaktsiisi_seadus_peep.json
  Processed: pakendiseadus_peep.json
  Processed: paldiski_omavalitsuse_korraldamise_seadus_peep.json
  Processed: palgaseadus_peep.json
  Processed: pandikirjaseadus_peep.json
  Processed: pankrotikohtumenetlus_peep.json
  Processed: pankrotiseadus_peep.json
  Processed: pantvangivotmise_vastase_rahvusvahelise_konventsiooniga_uhinemise_seadus_peep.json
  Processed: parandatud_ja_taiendatud_euroopa_sotsiaalharta_ratifitseerimise_seadus_peep.json
  Processed: pariisi_kokkuleppe_ratifitseerimise_seadus_peep.json
  Processed: parimisseadus_peep.json
  Processed: partnerlus_ja_koostoolepingu_millega_seatakse_sisse_partnerlus_uhelt_poolt_euroo_peep.json
  Processed: patendikoostoolepingu_pct_ratifitseerimise_seadus_peep.json
  Processed: patendioiguse_lepingu_ratifitseerimise_seadus_peep.json
  Processed: patendiseadus_peep.json
  Processed: patendivoliniku_seadus_peep.json
  Processed: perehuvitiste_seadus_peep.json
  Processed: perekonnaseadus_peep.json
  Processed: perekonnaseisundite_dokumendid_peep.json
  Processed: perekonnaseisutoimingute_seadus_peep.json
  Processed: perioodi_2004_2006_struktuuritoetuse_seadus_peep.json
  Processed: perioodi_2007_2013_struktuuritoetuse_seadus_peep.json
  Processed: perioodi_2014_2020_struktuuritoetuse_seadus_peep.json
  Processed: perioodi_2021_2027_euroopa_liidu_uhtekuuluvus_ja_siseturvalisuspoliitika_fondide_peep.json
  Processed: piinamise_ja_ebainimliku_voi_alandava_kohtlemise_voi_karistamise_tokestamise_eur_peep.json
  Processed: piinamise_ning_muu_julma_ebainimliku_voi_inimvaarikust_alandava_kohtlemise_ja_ka_peep.json
  Processed: piiriulese_keskkonnamoju_hindamise_konventsiooni_muudatuste_ja_keskkonnamoju_str_peep.json
  Processed: piiriulese_keskkonnamoju_hindamise_konventsiooniga_uhinemise_seadus_peep.json
  Processed: piiriulese_ohusaaste_kauglevi_1979_aasta_konventsiooni_hapestumise_eutrofeerumis_peep.json
  Processed: piiriulese_ohusaaste_kauglevi_1979_aasta_konventsiooni_ohusaasteainete_kauglevi__peep.json
  Processed: piiriulese_ohusaaste_kauglevi_1979_aasta_konventsiooni_pusivate_orgaaniliste_saa_peep.json
  Processed: piiriulese_ohusaaste_kauglevi_1979_aasta_konventsiooni_raskemetallide_protokolli_peep.json
  Processed: piiriulese_ohusaaste_kauglevi_1979_aasta_konventsiooni_raskmetallide_protokolli__peep.json
  Processed: piiriulese_ohusaaste_kauglevi_1979_aasta_konventsiooni_vaavli_heitkoguste_edasis_peep.json
  Processed: piiriulese_ohusaaste_kauglevi_konventsiooni_ning_selle_protokollidega_uhinemise__peep.json
  Processed: piiriulese_televisiooni_euroopa_konventsiooni_ja_selle_muutmise_protokolli_ratif_peep.json
  Processed: piiriulese_toimega_toostusonnetuste_konventsiooni_ratifitseerimise_seadus_peep.json
  Processed: piiriveekogude_ja_rahvusvaheliste_jarvede_kaitse_ja_kasutamise_konventsiooni_muu_peep.json
  Processed: piiriveekogude_ja_rahvusvaheliste_jarvede_kaitse_ja_kasutamise_konventsiooni_rat_peep.json
  Processed: planeerimis_ja_ehitusseadus_peep.json
  Processed: planeerimisseadus_peep.json
  Processed: plastiliste_lohkeainete_avastamiseks_nende_markimise_konventsiooniga_uhinemise_s_peep.json
  Processed: pohikooli_gymnaasiumi_peep.json
  Processed: pohikooli_ja_gumnaasiumiseadus_peep.json
  Processed: pohiseadus_peep.json
  Processed: pohiseaduslikkuse_jarelevalve_kohtumenetluse_seadus_peep.json
  Processed: pohiseaduslikkuse_jarelevalve_peep.json
  Processed: pohja_atlandi_lepingu_organisatsiooni_ning_selle_liikmesriikide_esindajate_ja_ra_peep.json
  Processed: pohja_atlandi_lepingu_osalisriikide_teabekaitse_kokkuleppega_uhinemise_seadus_peep.json
  Processed: pohja_atlandi_lepingu_osalisriikide_vahelise_relvajoudude_staatust_reguleeriva_k_peep.json
  Processed: pohja_atlandi_lepingu_osaliste_riikide_ja_programmis_partnerlus_rahu_nimel_osale_2_peep.json
  Processed: pohja_atlandi_lepingu_osaliste_riikide_ja_programmis_partnerlus_rahu_nimel_osale_peep.json
  Processed: pohja_atlandi_lepinguga_uhinemise_seadus_peep.json
  Processed: pohja_makedoonia_vabariigi_uhinemist_kasitleva_pohja_atlandi_lepingu_protokolli__peep.json
  Processed: politsei_ja_piirivalve_seadus_peep.json
  Processed: politsei_seadus_peep.json
  Processed: pollumajandusloenduse_seadus_peep.json
  Processed: pollumajandusloomade_aretuse_seadus_peep.json
  Processed: pollumajandusreformi_seadus_peep.json
  Processed: pollumajandusseadus_peep.json
  Processed: pollumajandustoote_ja_toidu_tarneahelas_ebaausa_kaubandustava_tokestamise_seadus_peep.json
  Processed: pommiterrorismi_vastase_konventsiooni_ratifitseerimise_seadus_peep.json
  Processed: pornograafilise_sisuga_ja_vagivalda_voi_julmust_propageerivate_teoste_leviku_reg_peep.json
  Processed: postiseadus_peep.json
  Processed: prokuratuuriseadus_peep.json
  Processed: protokolli_nr_15_inimoiguste_ja_pohivabaduste_kaitse_konventsiooni_muutmise_koht_peep.json
  Processed: psuhhiaatrilise_abi_seadus_peep.json
  Processed: puhade_ja_tahtpaevade_seadus_peep.json
  Processed: puhkuseseadus_peep.json
  Processed: punase_risti_nimetuse_ja_embleemi_seadus_peep.json
  Processed: punkrikutusereostusest_pohjustatud_kahju_eest_kantava_tsiviilvastutuse_2001_aast_peep.json
  Processed: pusiasustusega_vaikesaarte_seadus_peep.json
  Processed: puuetega_inimeste_oiguste_konventsiooni_ratifitseerimise_seadus_peep.json
  Processed: puuetega_inimeste_sotsiaaltoetuste_seadus_peep.json
  Processed: raamatupidamise_seadus_peep.json
  Processed: rahapesu_ja_terrorismi_rahastamise_tokestamise_seadus_peep.json
  Processed: rahapesu_ning_kriminaaltulu_avastamise_arestimise_ja_konfiskeerimise_ning_terror_peep.json
  Processed: rahuaja_riigikaitse_seadus_peep.json
  Processed: rahva_ja_eluruumide_loenduse_seadus_peep.json
  Processed: rahvahaaletuse_seadus_peep.json
  Processed: rahvaraamatukogu_seadus_peep.json
  Processed: rahvastikuregistri_seadus_peep.json
  Processed: rahvatervise_seadus_peep.json
  Processed: rahvatervishoiu_seadus_peep.json
  Processed: rahvusooperi_seadus_peep.json
  Processed: rahvusvahelise_aatomienergiaagentuuri_eesoiguste_ja_puutumatuse_kokkuleppe_heaks_peep.json
  Processed: rahvusvahelise_aatomienergiaagentuuri_pohikirja_ja_selle_muudatuste_heakskiitmis_peep.json
  Processed: rahvusvahelise_arenguassotsiatsiooni_pohikirja_heakskiitmise_seadus_peep.json
  Processed: rahvusvahelise_demokraatia_ja_valimisabi_instituudi_pohikirjaga_uhinemise_seadus_peep.json
  Processed: rahvusvahelise_elektersideliidu_1992_aasta_genfi_erakorralise_taievolilise_konve_peep.json
  Processed: rahvusvahelise_energiaprogrammi_kokkuleppega_uhinemise_seadus_peep.json
  Processed: rahvusvahelise_eraoiguse_seadus_peep.json
  Processed: rahvusvahelise_hudrograafiaorganisatsiooni_konventsiooni_muutmise_protokolli_hea_peep.json
  Processed: rahvusvahelise_hudrograafiaorganisatsiooni_konventsiooni_ratifitseerimise_seadus_peep.json
  Processed: rahvusvahelise_kohtumenetluse_lihtsustamise_konventsiooniga_uhinemise_seadus_peep.json
  Processed: rahvusvahelise_kriminaalkohtu_eesoiguste_ja_puutumatuse_kokkuleppe_ratifitseerim_peep.json
  Processed: rahvusvahelise_kriminaalkohtu_rooma_statuudi_muudatuste_ratifitseerimise_seadus_peep.json
  Processed: rahvusvahelise_kriminaalkohtu_rooma_statuudi_ratifitseerimise_seadus_peep.json
  Processed: rahvusvahelise_laevade_arestimise_konventsiooni_ratifitseerimise_seadus_peep.json
  Processed: rahvusvahelise_lennutransiidi_lepinguga_uhinemise_seadus_peep.json
  Processed: rahvusvahelise_mereliikluse_holbustamise_konventsiooniga_uhinemise_seadus_peep.json
  Processed: rahvusvahelise_mereoiguse_kohtu_eesoiguste_ja_puutumatuse_kokkuleppega_uhinemise_peep.json
  Processed: rahvusvahelise_mereotsingute_ja_paaste_1979_aasta_konventsiooni_ja_selle_muudatu_peep.json
  Processed: rahvusvahelise_merivolgade_ja_pantide_konventsiooniga_uhinemise_seadus_peep.json
  Processed: rahvusvahelise_migratsiooniorganisatsiooniga_uhinemise_ning_tema_pohikirja_ja_po_peep.json
  Processed: rahvusvahelise_navigatsioonimarkide_organisatsiooni_asutamise_konventsiooniga_uh_peep.json
  Processed: rahvusvahelise_ohuveo_nouete_uhtlustamise_konventsiooni_ratifitseerimise_seadus_peep.json
  Processed: rahvusvahelise_organiseeritud_kuritegevuse_vastu_voitlemise_uhinenud_rahvaste_or_2_peep.json
  Processed: rahvusvahelise_organiseeritud_kuritegevuse_vastu_voitlemise_uhinenud_rahvaste_or_peep.json
  Processed: rahvusvahelise_patendiklassifikatsiooni_strasbourg_i_kokkuleppega_uhinemise_sead_peep.json
  Processed: rahvusvahelise_pollumajanduse_arengu_fondi_asutamislepingu_ratifitseerimise_sead_peep.json
  Processed: rahvusvahelise_raudteeveo_konventsiooni_ja_selle_lisade_muudatuste_heakskiitmise_peep.json
  Processed: rahvusvahelise_raudteeveo_konventsiooniga_uhinemise_seadus_peep.json
  Processed: rahvusvahelise_rekonstruktsiooni_ja_arengupanga_pohikirja_muudatuste_heakskiitmi_peep.json
  Processed: rahvusvahelise_sanktsiooni_seadus_peep.json
  Processed: rahvusvahelise_sojalise_koostoo_seadus_peep.json
  Processed: rahvusvahelise_suvamerepohja_organisatsiooni_eesoiguste_ja_puutumatuse_protokoll_peep.json
  Processed: rahvusvahelise_taastuvenergia_agentuuri_irena_pohikirja_ratifitseerimise_seadus_peep.json
  Processed: rahvusvahelise_tahtsusega_margalade_eriti_veelindude_elupaikade_konventsiooni_ra_peep.json
  Processed: rahvusvahelise_taimekaitsekonventsiooniga_uhinemise_seadus_peep.json
  Processed: rahvusvahelise_telekommunikatsiooni_liidu_pohikirja_ja_konventsiooni_2006_aasta__peep.json
  Processed: rahvusvahelise_telekommunikatsiooni_liidu_pohikirja_ja_konventsiooni_2010_aasta__peep.json
  Processed: rahvusvahelise_telekommunikatsiooni_liidu_pohikirja_ja_konventsiooni_muutmisdoku_peep.json
  Processed: rahvusvahelise_tollitariifide_valjakuulutamise_liidu_asutamiskonventsiooni_denon_peep.json
  Processed: rahvusvahelise_tooorganisatsiooni_ilo_konventsiooni_mees_ja_naistootajate_vordse_peep.json
  Processed: rahvusvahelise_tooorganisatsiooni_ilo_konventsiooni_meremeeste_riiklike_isikut_t_peep.json
  Processed: rahvusvahelise_tooorganisatsiooni_ilo_konventsiooni_nr_182_lapsele_sobimatu_too__peep.json
  Processed: rahvusvahelise_tooorganisatsiooni_ilo_konventsiooni_tootingimuste_jarelevalve_ko_peep.json
  Processed: rahvusvahelise_tooorganisatsiooni_ilo_monede_konventsioonide_ratifitseerimise_se_peep.json
  Processed: rahvusvahelise_tooorganisatsiooni_ilo_naiste_ootoo_kohta_kaiva_konventsiooni_nr__peep.json
  Processed: rahvusvahelise_tooorganisatsiooni_ilo_pohikirja_muutmise_dokumendi_ratifitseerim_peep.json
  Processed: rahvusvahelise_tooorganisatsiooni_ilo_too_ja_kutsealast_diskrimineerimist_kasitl_peep.json
  Processed: rahvusvahelise_tooorganisatsiooni_ilo_toohoivepoliitika_elluviimise_konventsioon_peep.json
  Processed: rahvusvahelise_tooorganisatsiooni_ilo_toolevoetava_isiku_vanuse_alammaara_konven_peep.json
  Processed: rahvusvahelise_tooorganisatsiooni_ilo_toomaailmas_esineva_vagivalla_ja_ahistamis_peep.json
  Processed: rahvusvahelise_tooorganisatsiooni_kalandustoo_konventsiooni_nr_188_ratifitseerim_peep.json
  Processed: rahvusvahelise_tooorganisatsiooni_meretoo_konventsiooni_koodeksi_2014_ja_2016_aa_peep.json
  Processed: rahvusvahelise_tooorganisatsiooni_meretoo_konventsiooni_koodeksi_2018_aasta_muud_peep.json
  Processed: rahvusvahelise_tooorganisatsiooni_meretoo_konventsiooni_koodeksi_2022_aasta_muud_peep.json
  Processed: rahvusvahelise_tooorganisatsiooni_meretoo_konventsiooni_ratifitseerimise_seadus_peep.json
  Processed: rahvusvahelise_tsiviillennunduse_konventsiooni_muudatusprotokollide_ja_protokoll_peep.json
  Processed: rahvusvahelise_tsiviillennunduse_konventsiooni_muutmise_protokollide_ratifitseer_peep.json
  Processed: rahvusvahelise_uute_taimesortide_kaitse_konventsiooniga_uhinemise_seadus_peep.json
  Processed: rahvusvahelise_valuutafondi_pohikirja_muudatuste_heakskiitmise_seadus_peep.json
  Processed: rahvusvahelise_valuutafondi_toetuse_votmise_seadus_peep.json
  Processed: rahvusvahelisel_tsiviilmissioonil_osalemise_seadus_peep.json
  Processed: rahvusvahelist_satelliitsideorganisatsiooni_kasitleva_kokkuleppega_uhinemise_sea_peep.json
  Processed: rahvusvaheliste_naituste_konventsiooniga_uhinemise_seadus_peep.json
  Processed: rahvusvaheliste_ohuvedude_reeglite_uhtlustamise_konventsiooni_lisaprotokolli_nr__peep.json
  Processed: rahvusvaheliste_ohuvedude_reeglite_uhtlustamise_konventsiooni_ning_selle_paranda_peep.json
  Processed: rahvusvaheliste_vaidluste_rahumeelse_lahendamise_konventsiooniga_uhinemise_seadu_peep.json
  Processed: rahvusvahelistes_aritehingutes_valisriigi_ametiisikutele_altkaemaksu_andmise_vas_peep.json
  Processed: rakenduskorgkooli_seadus_peep.json
  Processed: rakkude_kudede_ja_elundite_hankimise_kaitlemise_ja_siirdamise_seadus_peep.json
  Processed: rakkude_kudede_ja_elundite_kaitlemise_ja_siirdamise_seadus_peep.json
  Processed: ranna_ja_kalda_kaitse_seadus_peep.json
  Processed: raseduse_katkestamise_ja_steriliseerimise_seadus_peep.json
  Processed: raskeveokimaksu_seadus_peep.json
  Processed: rassilise_diskrimineerimise_koigi_vormide_korvaldamise_rahvusvahelise_konventsio_peep.json
  Processed: raudteeseadus_peep.json
  Processed: ravikindlustuse_seadus_peep.json
  Processed: ravimiseadus_peep.json
  Processed: reisijate_ja_nende_pagasi_mereveo_1974_aasta_ateena_konventsiooni_ja_selle_proto_peep.json
  Processed: reisipraam_estonia_katastroofiga_seotud_huvitiste_tulu_ja_sotsiaalmaksust_vabast_peep.json
  Processed: reisipraam_estonia_katastroofiga_seotud_toetuste_tulumaksust_vabastamise_seadus_peep.json
  Processed: reklaamiseadus_peep.json
  Processed: relvakonflikti_korral_kultuurivaartuste_kaitse_1954_aasta_haagi_konventsiooniga__peep.json
  Processed: relvaseadus_peep.json
  Processed: riigi_eraoiguslikes_juriidilistes_isikutes_osalemise_seadus_peep.json
  Processed: riigi_kultuuripreemiate_ja_kultuuristipendiumide_seadus_peep.json
  Processed: riigi_oigusabi_seadus_peep.json
  Processed: riigi_poolt_isikule_alusetult_vabaduse_votmisega_tekitatud_kahju_huvitamise_sead_peep.json
  Processed: riigi_teataja_seadus_peep.json
  Processed: riigieelarve_seadus_peep.json
  Processed: riigihangete_seadus_peep.json
  Processed: riigikaitseliste_sundkoormiste_seadus_peep.json
  Processed: riigikaitseseadus_peep.json
  Processed: riigikogu_ja_vabariigi_presidendi_poolt_nimetatavate_riigiametnike_ametipalkade__peep.json
  Processed: riigikogu_kodu_ja_tookorra_seadus_peep.json
  Processed: riigikogu_kodu_tookorra_peep.json
  Processed: riigikogu_liikme_staatuse_seadus_peep.json
  Processed: riigikogu_tookorra_seadus_peep.json
  Processed: riigikogu_valimise_seadus_peep.json
  Processed: riigikontrolli_seadus_peep.json
  Processed: riigilipu_seadus_peep.json
  Processed: riigiloivuseadus_peep.json
  Processed: riigipiiri_seadus_peep.json
  Processed: riigisaladuse_ja_salastatud_valisteabe_seadus_peep.json
  Processed: riigisaladuse_seadus_peep.json
  Processed: riigiteenistujate_ametinimetuste_ja_palgaastmestiku_seadus_peep.json
  Processed: riigivapi_seadus_peep.json
  Processed: riigivaraseadus_peep.json
  Processed: riigivastutuse_seadus_peep.json
  Processed: riikidevahelises_lapsendamises_laste_kaitseks_tehtava_koostoo_konventsiooniga_uh_peep.json
  Processed: riikidevaheliste_ametlike_valjaannete_ja_valitsuse_dokumentide_vahetamise_konven_peep.json
  Processed: riiklike_peretoetuste_seadus_peep.json
  Processed: riikliku_pensionikindlustuse_seadus_peep.json
  Processed: riikliku_perelepitusteenuse_seadus_peep.json
  Processed: riikliku_statistika_seadus_peep.json
  Processed: ringhaalinguseadus_peep.json
  Processed: ruumiandmete_seadus_peep.json
  Processed: saastetasu_seadus_peep.json
  Processed: saastuse_kompleksse_valtimise_ja_kontrollimise_seadus_peep.json
  Processed: saastva_arengu_seadus_peep.json
  Processed: sadamaseadus_peep.json
  Processed: sailituseksemplari_seadus_peep.json
  Processed: sanctions_report.json
  Processed: saneerimisseadus_peep.json
  Processed: seadme_ohutuse_seadus_peep.json
  Processed: seadmete_energiatohususe_seadus_peep.json
  Processed: seadus_eesti_vabariigi_sideministeeriumi_likvideerimise_ja_eesti_vabariigi_trans_peep.json
  Processed: seadus_kohtuvaliselt_represseeritud_ja_alusetult_suudimoistetud_isikute_rehabili_peep.json
  Processed: seadus_reisipraamlaeva_estonia_hukkumisel_teadmata_kadunuks_jaanud_isikute_surnu_peep.json
  Processed: seadus_suumevande_andmise_korra_kohta_peep.json
  Processed: seadus_vabakaubandust_ja_kaubandust_puudutavaid_kusimusi_kasitleva_lepingu_uhelt_peep.json
  Processed: seotud_ettevotjate_kasumi_korrigeerimisel_tekkiva_topeltmaksustamise_korvaldamis_peep.json
  Processed: sideseadus_peep.json
  Processed: sihtasutuste_seadus_peep.json
  Processed: similarity_index.json
  Processed: similarity_report.json
  Processed: sisekokkuleppe_noukogus_kokku_tulnud_liikmesriikide_valitsuste_esindajate_vahel__peep.json
  Processed: sojaaja_riigikaitse_seadus_peep.json
  Processed: sojahaudade_kaitse_seadus_peep.json
  Processed: sojalisel_ja_muul_vaenulikul_eesmargil_keskkonna_mojutamise_keelustamise_konvent_peep.json
  Processed: soodaseadus_peep.json
  Processed: soodustingimustel_vanaduspensionide_seadus_peep.json
  Processed: soolise_vordoiguslikkuse_seadus_peep.json
  Processed: soome_vabariigi_ja_rootsi_kuningriigi_uhinemist_kasitlevate_pohja_atlandi_leping_peep.json
  Processed: sotsiaalhoolekande_seadus_peep.json
  Processed: sotsiaalmaksuseadus_peep.json
  Processed: sotsiaalse_turvalisuse_peep.json
  Processed: sotsiaalseadustiku_uldosa_seadus_peep.json
  Processed: spordiseadus_peep.json
  Processed: stabiliseerimis_ja_assotsieerimislepingu_uhelt_poolt_euroopa_uhenduste_ja_nende__peep.json
  Processed: strateegilise_kauba_seadus_peep.json
  Processed: struktuuritoetuse_seadus_peep.json
  Processed: sundeksemplari_seadus_peep.json
  Processed: sunniviisilise_too_konventsiooni_2014_aasta_protokolli_ratifitseerimise_seadus_peep.json
  Processed: surma_pohjuse_tuvastamise_seadus_peep.json
  Processed: surveseadme_ohutuse_seadus_peep.json
  Processed: suuteomenetluses_tekitatud_kahju_huvitamise_seadus_peep.json
  Processed: taani_kuningriigi_eesti_vabariigi_soome_vabariigi_saksa_liitvabariigi_lati_vabar_peep.json
  Processed: tagatisfondi_seadus_peep.json
  Processed: taimede_paljundamise_ja_sordikaitse_seadus_peep.json
  Processed: taimekaitseseadus_peep.json
  Processed: taiskasvanute_koolituse_seadus_peep.json
  Processed: taiskasvanute_rahvusvahelise_kaitse_konventsiooniga_uhinemise_seadus_peep.json
  Processed: taitemenetluse_seadustik_peep.json
  Processed: tallinna_tehnikaulikooli_seadus_peep.json
  Processed: tallinna_ulikooli_seadus_peep.json
  Processed: tarbijakaitseseadus_peep.json
  Processed: target_group_report.json
  Processed: tartu_ulikooli_seadus_peep.json
  Processed: teadus_ja_arendustegevuse_korralduse_seadus_peep.json
  Processed: teadus_ja_arendustegevuse_ning_innovatsiooni_korralduse_seadus_peep.json
  Processed: teatavate_ohtlike_kemikaalide_ja_pestitsiididega_rahvusvaheliseks_kauplemiseks_n_peep.json
  Processed: teenetemarkide_seadus_peep.json
  Processed: teeseadus_peep.json
  Processed: tehnilise_normi_ja_standardi_seadus_peep.json
  Processed: telekommunikatsiooniseadus_peep.json
  Processed: temporal_data_report.json
  Processed: teose_esitaja_fonogrammitootja_ja_ringhaalinguorganisatsiooni_kaitse_rahvusvahel_peep.json
  Processed: terrorismi_ennetamise_euroopa_noukogu_konventsiooni_ratifitseerimise_seadus_peep.json
  Processed: terrorismi_rahastamise_tokestamise_rahvusvahelise_konventsiooni_ratifitseerimise_peep.json
  Processed: terrorismi_tokestamise_euroopa_konventsiooni_muutmise_protokolli_ratifitseerimis_peep.json
  Processed: terrorismi_tokestamise_euroopa_konventsiooni_ratifitseerimise_seadus_peep.json
  Processed: tervisekassa_seadus_peep.json
  Processed: tervishoiuteenuse_osutaja_kohustusliku_vastutuskindlustuse_seadus_peep.json
  Processed: tervishoiuteenuste_korraldamise_seadus_peep.json
  Processed: testamendi_vormile_kohaldatava_oiguse_konventsiooniga_uhinemise_seadus_peep.json
  Processed: testamendiregistri_loomise_konventsiooni_ratifitseerimise_seadus_peep.json
  Processed: tingimisi_karistatud_voi_tingimisi_enne_tahtaega_vangistusest_vabastatud_isikule_peep.json
  Processed: toestamisseadus_peep.json
  Processed: toiduseadus_peep.json
  Processed: tolli_seadus_peep.json
  Processed: tolliasutuste_vastastikuse_abi_ja_koostoo_konventsiooniga_uhinemise_seadus_peep.json
  Processed: tollikoostoo_noukogu_asutamiskonventsiooni_muudatuse_heakskiitmise_seadus_peep.json
  Processed: tolliseadus_peep.json
  Processed: tollitariifiseadus_peep.json
  Processed: too_ja_puhkeaja_seadus_peep.json
  Processed: tooalasest_euroopa_liidu_oiguse_rikkumisest_teavitaja_kaitse_seadus_peep.json
  Processed: toodete_ja_teenuste_ligipaasetavuse_seadus_peep.json
  Processed: toolepingu_seadus_peep.json
  Processed: toolepinguseadus_peep.json
  Processed: toostusdisaini_kaitse_seadus_peep.json
  Processed: toostusdisaini_seadus_peep.json
  Processed: toostusdisainilahenduste_rahvusvahelise_klassifikatsiooni_locarno_kokkuleppega_u_peep.json
  Processed: toostusdisainilahenduste_rahvusvahelise_registreerimise_haagi_kokkuleppe_genfi_r_peep.json
  Processed: toostusheite_seadus_peep.json
  Processed: toostuslike_suuronnetuste_arahoidmise_konventsiooni_ratifitseerimise_seadus_peep.json
  Processed: toostusomandi_kaitse_pariisi_konventsiooni_ratifitseerimise_seadus_peep.json
  Processed: toostusomandi_oiguskorralduse_aluste_seadus_peep.json
  Processed: tootajate_distsiplinaarvastutuse_seadus_peep.json
  Processed: tootajate_uleuhenduselise_kaasamise_seadus_peep.json
  Processed: tootajate_usaldusisiku_seadus_peep.json
  Processed: toote_ja_teenuse_ohutuse_seadus_peep.json
  Processed: toote_nouetele_vastavuse_seadus_peep.json
  Processed: toote_ohutuse_seadus_peep.json
  Processed: tootervishoiu_ja_tooohutuse_seadus_peep.json
  Processed: tooturumeetmete_seadus_peep.json
  Processed: tooturuteenuse_seadus_peep.json
  Processed: tooturuteenuste_ja_toetuste_seadus_peep.json
  Processed: tootuskindlustuse_seadus_peep.json
  Processed: toovaidluse_lahendamise_seadus_peep.json
  Processed: toovoimetoetuse_seadus_peep.json
  Processed: transposition_mapping.json
  Processed: transposition_schema.json
  Processed: tsiviil_ja_kaubandusasjade_kohtu_ja_kohtuvaliste_dokumentide_valisriikides_katte_peep.json
  Processed: tsiviil_ja_kaubandusasjades_valisriigis_toendite_kogumise_konventsiooniga_uhinem_peep.json
  Processed: tsiviilkohtumenetluse_peep.json
  Processed: tsiviilkohtumenetluse_seadustik_osa10_peep.json
  Processed: tsiviilkohtumenetluse_seadustik_osa11_peep.json
  Processed: tsiviilkohtumenetluse_seadustik_osa12_peep.json
  Processed: tsiviilkohtumenetluse_seadustik_osa13_peep.json
  Processed: tsiviilkohtumenetluse_seadustik_osa14_peep.json
  Processed: tsiviilkohtumenetluse_seadustik_osa1_peep.json
  Processed: tsiviilkohtumenetluse_seadustik_osa2_peep.json
  Processed: tsiviilkohtumenetluse_seadustik_osa3_peep.json
  Processed: tsiviilkohtumenetluse_seadustik_osa4_peep.json
  Processed: tsiviilkohtumenetluse_seadustik_osa5_peep.json
  Processed: tsiviilkohtumenetluse_seadustik_osa6_peep.json
  Processed: tsiviilkohtumenetluse_seadustik_osa7_peep.json
  Processed: tsiviilkohtumenetluse_seadustiku_ja_taitemenetluse_seadustiku_rakendamise_seadus_peep.json
  Processed: tsiviilseadustik_osa1_peep.json
  Processed: tsiviilseadustik_osa2_peep.json
  Processed: tsiviilseadustik_osa3_peep.json
  Processed: tsiviilseadustik_osa4_peep.json
  Processed: tsiviilseadustik_osa5_peep.json
  Processed: tsiviilseadustik_osa6_peep.json
  Processed: tsiviilseadustik_osa7_peep.json
  Processed: tsiviilseadustik_osa8_peep.json
  Processed: tsiviilseadustiku_uldosa_seadus_osa2_peep.json
  Processed: tsiviilseadustiku_uldosa_seadus_osa4_peep.json
  Processed: tsiviilseadustiku_uldosa_seadus_osa7_peep.json
  Processed: tubaka_seadus_peep.json
  Processed: tubakaseadus_peep.json
  Processed: tuleohutuse_seadus_peep.json
  Processed: tulumaksuseadus_peep.json
  Processed: tulundusuhistuseadus_peep.json
  Processed: tunnistajakaitse_seadus_peep.json
  Processed: turismiseadus_peep.json
  Processed: turvaseadus_peep.json
  Processed: turvategevuse_seadus_peep.json
  Processed: tuumaavarii_voi_kiirgusliku_avariiolukorra_puhul_abi_andmise_konventsiooniga_nou_peep.json
  Processed: tuumaavariist_operatiivse_teatamise_konventsiooniga_noustumise_seadus_peep.json
  Processed: tuumakahjustuste_eest_tsiviilvastutuse_viini_konventsiooniga_uhinemise_seadus_peep.json
  Processed: tuumamaterjali_fuusilise_kaitse_konventsiooni_muudatuse_ratifitseerimise_seadus_peep.json
  Processed: tuumamaterjali_fuusilise_kaitse_konventsiooniga_uhinemise_seadus_peep.json
  Processed: tuumaohutuse_konventsiooniga_uhinemise_seadus_peep.json
  Processed: tuumarelvakatsetuste_uldise_keelustamise_lepingu_ratifitseerimise_seadus_peep.json
  Processed: uhelt_poolt_cariforumi_riikide_ning_teiselt_poolt_euroopa_uhenduse_ja_selle_liik_peep.json
  Processed: uhelt_poolt_euroopa_liidu_euroopa_aatomienergiauhenduse_ja_nende_liikmesriikide__2_peep.json
  Processed: uhelt_poolt_euroopa_liidu_euroopa_aatomienergiauhenduse_ja_nende_liikmesriikide__peep.json
  Processed: uhelt_poolt_euroopa_liidu_ja_euroopa_aatomienergiauhenduse_ning_nende_liikmesrii_peep.json
  Processed: uhelt_poolt_euroopa_liidu_ja_selle_liikmesriikide_ning_teiselt_poolt_islandi_vah_peep.json
  Processed: uhelt_poolt_euroopa_liidu_ja_selle_liikmesriikide_ning_teiselt_poolt_singapuri_v_peep.json
  Processed: uhelt_poolt_euroopa_liidu_ja_selle_liikmesriikide_ning_teiselt_poolt_vietnami_so_peep.json
  Processed: uhelt_poolt_euroopa_uhenduse_ja_tema_liikmesriikide_ning_teiselt_poolt_louna_aaf_peep.json
  Processed: uhelt_poolt_kanada_ning_teiselt_poolt_euroopa_liidu_ja_selle_liikmesriikide_vahe_peep.json
  Processed: uhinenud_rahvaste_organisatsiooni_1982_aasta_10_detsembri_mereoiguse_konventsioo_2_peep.json
  Processed: uhinenud_rahvaste_organisatsiooni_1982_aasta_10_detsembri_mereoiguse_konventsioo_peep.json
  Processed: uhinenud_rahvaste_organisatsiooni_eriorganisatsioonide_eesoiguste_ja_puutumatuse_peep.json
  Processed: uhinenud_rahvaste_organisatsiooni_hariduse_teaduse_ja_kultuuri_organisatsiooni_p_peep.json
  Processed: uhinenud_rahvaste_organisatsiooni_ja_temaga_liitunud_isikkoosseisu_ohutuse_konve_peep.json
  Processed: uhinenud_rahvaste_organisatsiooni_kliimamuutuste_raamkonventsiooni_kyoto_protoko_peep.json
  Processed: uhinenud_rahvaste_organisatsiooni_kliimamuutuste_raamkonventsiooni_ratifitseerim_peep.json
  Processed: uhinenud_rahvaste_organisatsiooni_konventsiooni_kaupade_rahvusvahelise_ostu_muug_peep.json
  Processed: uhinenud_rahvaste_organisatsiooni_korruptsioonivastase_konventsiooniga_uhinemise_peep.json
  Processed: uhistatud_vara_maksumuse_maaramise_seadus_peep.json
  Processed: uhistranspordiseadus_peep.json
  Processed: uhisveevargi_ja_kanalisatsiooni_seadus_peep.json
  Processed: uhtset_patendikohut_kasitleva_lepingu_ning_uhtse_patendikohtu_pohjamaade_ja_balt_peep.json
  Processed: ukraina_kahjunouete_rahvusvahelise_komisjoni_asutamise_konventsiooni_ratifitseer_peep.json
  Processed: ukraina_vastu_toime_pandud_agressioonikuriteo_eritribunali_halduskomitee_asutami_peep.json
  Processed: ulalpidamiskohustusi_kasitlevate_otsuste_tunnustamise_ja_taitmise_konventsioonig_peep.json
  Processed: ulalpidamiskohustustele_kohaldatava_oiguse_1973_aasta_2_oktoobri_haagi_konventsi_peep.json
  Processed: uleliigse_laovaru_tasu_seadus_peep.json
  Processed: ulemaailmse_intellektuaalse_omandi_organisatsiooni_wipo_asutamise_konventsiooni__peep.json
  Processed: ulemaailmse_postiliidu_23_kongressi_loppaktide_ratifitseerimise_seadus_peep.json
  Processed: ulemaailmse_postiliidu_24_kongressi_loppaktide_ratifitseerimise_seadus_peep.json
  Processed: ulemaailmse_postiliidu_25_kongressi_loppaktide_ratifitseerimise_seadus_peep.json
  Processed: ulemaailmse_postiliidu_26_kongressi_loppaktide_ratifitseerimise_seadus_peep.json
  Processed: ulemaailmse_postiliidu_addis_abeba_erakorralise_kongressi_ning_abidjani_kongress_peep.json
  Processed: ulemaailmse_postiliidu_ar_riy_i_erakorralise_kongressi_loppaktide_ratifitseerimi_peep.json
  Processed: ulemaailmse_postiliidu_kongresside_loppaktide_ratifitseerimise_seadus_peep.json
  Processed: ulemaarase_kahjustava_voi_purustava_toimega_tavarelvade_kasutamise_keelustamise__2_peep.json
  Processed: ulemaarase_kahjustava_voi_purustava_toimega_tavarelvade_kasutamise_keelustamise__3_peep.json
  Processed: ulemaarase_kahjustava_voi_purustava_toimega_tavarelvade_kasutamise_keelustamise__peep.json
  Processed: ulikooli_peep.json
  Processed: ulikooliseadus_peep.json
  Processed: unesco_kultuuriparandi_kaitse_konventsioonide_ratifitseerimise_seadus_peep.json
  Processed: uro_1961_aasta_narkootiliste_ainete_uhtse_konventsiooniga_ning_1971_aasta_psuhho_peep.json
  Processed: uro_kodaniku_ja_poliitiliste_oiguste_rahvusvahelise_pakti_surmanuhtluse_kaotamis_peep.json
  Processed: uurivaidluse_lahendamise_seadus_peep.json
  Processed: vaarismetalltoodete_seadus_peep.json
  Processed: vaarteomenetluse_seadustik_peep.json
  Processed: vaartpaberite_registri_pidamise_seadus_peep.json
  Processed: vaartpaberituru_seadus_peep.json
  Processed: vabakaubandust_ja_kaubandust_puudutavaid_kusimusi_kasitleva_lepingu_uhelt_poolt__peep.json
  Processed: vabariigi_presidendi_ametihuve_seadus_peep.json
  Processed: vabariigi_presidendi_tookorra_seadus_peep.json
  Processed: vabariigi_presidendi_valimise_seadus_peep.json
  Processed: vabariigi_valitsuse_seadus_peep.json
  Processed: vaetiseseadus_peep.json
  Processed: vagivallakuritegude_ohvritele_huvitise_maksmise_euroopa_konventsiooni_ratifitsee_peep.json
  Processed: vahemusrahvuse_kultuuriautonoomia_seadus_peep.json
  Processed: vahemusrahvuste_kaitse_raamkonventsiooni_ratifitseerimise_seadus_peep.json
  Processed: valisinvesteeringu_usaldusvaarsuse_hindamise_seadus_peep.json
  Processed: valismaalasele_rahvusvahelise_kaitse_andmise_seadus_peep.json
  Processed: valismaalaste_seadus_peep.json
  Processed: valisministeeriumi_seadus_peep.json
  Processed: valisohu_kaitse_seadus_peep.json
  Processed: valisriigi_avaliku_dokumendi_legaliseerimise_noude_tuhistamise_konventsiooniga_u_peep.json
  Processed: valisriigi_kutsekvalifikatsiooni_tunnustamise_seadus_peep.json
  Processed: valisriigi_vahekohtu_otsuste_tunnustamise_ja_taitmise_konventsiooni_ratifitseeri_peep.json
  Processed: valisriigist_ulalpidamise_taotlemise_konventsiooniga_uhinemise_seadus_peep.json
  Processed: valisriikide_oigusinfo_euroopa_konventsiooni_ning_selle_lisaprotokolli_ratifitse_peep.json
  Processed: valissuhtlemisseadus_peep.json
  Processed: valisteenistuse_seadus_peep.json
  Processed: valjaandmise_euroopa_konventsiooni_selle_lisaprotokolli_ja_teise_lisaprotokolli__peep.json
  Processed: valjasoidukohustuse_ja_sissesoidukeelu_seadus_peep.json
  Processed: valjateenitud_aastate_pensionide_seadus_peep.json
  Processed: valla_ja_linnaeelarve_seadus_peep.json
  Processed: vandetolgi_seadus_peep.json
  Processed: vanema_kohustuste_kindlaksmaaramise_ja_laste_kaitse_abinoude_rakendamise_padevus_peep.json
  Processed: vanemahuvitise_seadus_peep.json
  Processed: vangistusseadus_peep.json
  Processed: vara_merepaaste_1989_aasta_rahvusvahelise_konventsiooniga_uhinemise_seadus_peep.json
  Processed: varssavi_konventsiooni_taiendava_lepinguvalise_vedaja_teostatavate_rahvusvahelis_peep.json
  Processed: vedelkutuse_erimargistamise_seadus_peep.json
  Processed: vedelkutuse_seadus_peep.json
  Processed: vedelkutusevaru_seadus_peep.json
  Processed: veeseadus_peep.json
  Processed: vereseadus_peep.json
  Processed: veterinaarkorralduse_seadus_peep.json
  Processed: veterinaarseadus_peep.json
  Processed: viini_konventsiooni_ja_pariisi_konventsiooni_rakendamise_uhise_protokolliga_uhin_peep.json
  Processed: volaigusseadus_osa11_peep.json
  Processed: volaigusseadus_osa12_peep.json
  Processed: volaigusseadus_osa13_peep.json
  Processed: volaigusseadus_osa1_peep.json
  Processed: volaigusseadus_osa3_peep.json
  Processed: volaigusseadus_osa4_peep.json
  Processed: volaigusseadus_osa5_peep.json
  Processed: volaigusseadus_osa7_peep.json
  Processed: volaigusseadus_osa8_peep.json
  Processed: volaigusseadus_osa9_peep.json
  Processed: volaoigusseadus_osa10_peep.json
  Processed: volaoigusseadus_osa1_peep.json
  Processed: volaoigusseadus_osa2_peep.json
  Processed: volaoigusseadus_osa3_peep.json
  Processed: volaoigusseadus_osa4_peep.json
  Processed: volaoigusseadus_osa5_peep.json
  Processed: volaoigusseadus_osa7_peep.json
  Processed: volaoigusseadus_osa8_peep.json
  Processed: volaoigusseadus_osa9_peep.json
  Processed: volaoigusseaduse_tsiviilseadustiku_uldosa_seaduse_ja_rahvusvahelise_eraoiguse_se_peep.json
  Processed: volgade_sissenoudmise_peep.json
  Processed: volgade_umberkujundamise_ja_volakaitse_seadus_peep.json
  Processed: vordse_kohtlemise_seadus_peep.json
  Processed: combined_ontology.jsonld
  Processed: controlled_vocabulary.jsonld
  Processed: karistusseadustik_eriosa_owl.jsonld
  Processed: tsus_osa7_138_169_owl.jsonld

=== Fixing intra-file duplicate @id values ===

=== Auditing duplicate @id values ===
  Found 8 IDs appearing in multiple files
  Report written to docs/DUPLICATE_IDS_REPORT.md

=== Fixing generator script namespace ===
  Namespace already correct in generate_kars_eriosa_jsonld.py

=== Fixing namespace in documentation ===

=== Generating master registry ===
  Generated INDEX.json with 1145 laws

=== Generating combined JSON-LD ===
  Generated combined_ontology.jsonld with 165615 nodes from 165615 unique IDs

============================================================
SUMMARY
============================================================
  namespace_replacements: 0
  type_normalizations: 0
  property_normalizations: 0
  dc_source_fixes: 0
  section_number_fixes: 0
  files_processed: 1210
  files_renamed: 0
  files_removed: 0
  id_collisions_fixed: 0
