# generate_amendment_history.py started 2026-10-09T14:45:26.382285+00:00

[P1] generate_amendment_history: 65 failure(s) logged during run — see coverage report for samples.
======================================================================
Estonian Legal Ontology - Generate Amendment History
======================================================================

[0/5] Clearing existing estleg:amendedBy from all law files...
  Cleared estleg:amendedBy from 5965 files

[1/5] Loading law JSON-LD files...
  Loaded 16938 law files
  Built title-to-slug mapping with 28569 entries
  Loaded 601 law abbreviations

[2/5] Extracting amendment references from XML files...
WARN: duplicate globalId 109072026028 in karistusseadustik__tid162500.xml and provision_versions/karistusseadustik__g109072026028.xml; keeping first
WARN: duplicate globalId 109072026046 in ohvriabi_seadus__tid1055674.xml and provision_versions/ohvriabi_seadus__g109072026046.xml; keeping first
WARN: duplicate globalId 130062026033 in provision_versions/tervishoiuteenuse_osutaja_kohustusliku_vastutuskindlustuse_seadus__g130062026033.xml and tervishoiuteenuse_osutaja_kohustusliku_vastutuskindlustuse_seadus__tid1054002.xml; keeping first
WARN: duplicate globalId 109072026065 in provision_versions/turvategevuse_seadus__g109072026065.xml and turvategevuse_seadus__tid1056042.xml; keeping first
WARN: duplicate globalId 111072026100 in provision_versions/valisinvesteeringu_usaldusvaarsuse_hindamise_seadus__g111072026100.xml and valisinvesteeringu_usaldusvaarsuse_hindamise_seadus__tid1055952.xml; keeping first
WARN: duplicate globalId 130062026102 in provision_versions/valismaalasele_rahvusvahelise_kaitse_andmise_seadus__g130062026102.xml and valismaalasele_rahvusvahelise_kaitse_andmise_seadus__tid1063588.xml; keeping first
  Indexed 15946 XML files by globalId
  Paired XML for 15800 of 16938 laws (1138 unpaired — see coverage report).
  Found 28279 amendment references across 5935 laws
  Found RT references in 299 laws

[3/5] Loading draft legislation amendment relationships...
  Found 3087 amendment bill entries
  Matched 2713 drafts to existing laws
  Unmatched: 374 (law not in ontology)

[4/5] Building amendment chains and enriching JSON-LD files...
  Enriched 5965 law files with amendment references
  Created 5936 amendment chain files

[5/5] Generating amendment_history_report.json...

======================================================================
SUMMARY
======================================================================
  Laws analyzed:            16938
  Laws with amendments:     5936
  Total amendment refs:     28279
  Draft amendments matched: 2713
  Law files enriched:       5965
  Amendment chain files:    5936
  amendedBy link triples:   31173
  Amendment event triples:  233139

  Top 5 most amended laws:
    Tulumaksuseadus: 339 amendments
    Riigilõivuseadus: 244 amendments
    Karistusseadustik: 203 amendments
    Maksukorralduse seadus: 203 amendments
    Kohaliku omavalitsuse korralduse seadus: 148 amendments

  Report: krr_outputs/reports/amendment_history_report.json
  Chains: krr_outputs/amendments/
======================================================================
