# generate_draft_legislation.py started 2026-10-09T10:49:31.869990+00:00
{
  "drafts": 22832,
  "phases": {
    "Enacted": 1028,
    "FirstReading": 24,
    "Lapsed": 13,
    "PublicConsultation": 118,
    "Review": 12901,
    "RiigikoguProceeding": 159,
    "Submission": 8502,
    "Withdrawn": 87
  },
  "process_steps": 29660,
  "steps_by_method": {
    "eis-feed": 22832,
    "riigikogu-eis-number": 1580,
    "riigikogu-mark": 2200,
    "riigikogu-title-date": 3048
  },
  "stale": 117,
  "initiated_by": 21535
}
