# generate_similarity_index.py started 2026-10-09T14:49:28.962361+00:00
============================================================
Generating semantic similarity index (keyword-based)
============================================================

[1/4] Loading provisions and extracting keywords...
  Loaded 82778 provisions with keywords

Excluded due to keyword-floor (<3 keywords required):
  law: 109702 provisions
  state_regulation: 166131 provisions
  Dropped 28 corpus-generic keyword(s) (appear in >5% of provisions): aasta, andmed, edaspidi, eest, eesti, enne, esitatud, euroopa, isik, isiku, jooksul, kuni, käesolevas, lõike, määruse ...

[2/4] Building inverted keyword index...
  Unique keywords: 130400

[3/4] Computing similarity pairs...
    Processed 500/82778 provisions...
    Processed 1000/82778 provisions...
    Processed 1500/82778 provisions...
    Processed 2000/82778 provisions...
    Processed 2500/82778 provisions...
    Processed 3000/82778 provisions...
    Processed 3500/82778 provisions...
    Processed 4000/82778 provisions...
    Processed 4500/82778 provisions...
    Processed 5000/82778 provisions...
    Processed 5500/82778 provisions...
    Processed 6000/82778 provisions...
    Processed 6500/82778 provisions...
    Processed 7000/82778 provisions...
    Processed 7500/82778 provisions...
    Processed 8000/82778 provisions...
    Processed 8500/82778 provisions...
    Processed 9000/82778 provisions...
    Processed 9500/82778 provisions...
    Processed 10000/82778 provisions...
    Processed 10500/82778 provisions...
    Processed 11000/82778 provisions...
    Processed 11500/82778 provisions...
    Processed 12000/82778 provisions...
    Processed 12500/82778 provisions...
    Processed 13000/82778 provisions...
    Processed 13500/82778 provisions...
    Processed 14000/82778 provisions...
    Processed 14500/82778 provisions...
    Processed 15000/82778 provisions...
    Processed 15500/82778 provisions...
    Processed 16000/82778 provisions...
    Processed 16500/82778 provisions...
    Processed 17000/82778 provisions...
    Processed 17500/82778 provisions...
    Processed 18000/82778 provisions...
    Processed 18500/82778 provisions...
    Processed 19000/82778 provisions...
    Processed 19500/82778 provisions...
    Processed 20000/82778 provisions...
    Processed 20500/82778 provisions...
    Processed 21000/82778 provisions...
    Processed 21500/82778 provisions...
    Processed 22000/82778 provisions...
    Processed 22500/82778 provisions...
    Processed 23000/82778 provisions...
    Processed 23500/82778 provisions...
    Processed 24000/82778 provisions...
    Processed 24500/82778 provisions...
    Processed 25000/82778 provisions...
    Processed 25500/82778 provisions...
    Processed 26000/82778 provisions...
    Processed 26500/82778 provisions...
    Processed 27000/82778 provisions...
    Processed 27500/82778 provisions...
    Processed 28000/82778 provisions...
    Processed 28500/82778 provisions...
    Processed 29000/82778 provisions...
    Processed 29500/82778 provisions...
    Processed 30000/82778 provisions...
    Processed 30500/82778 provisions...
    Processed 31000/82778 provisions...
    Processed 31500/82778 provisions...
    Processed 32000/82778 provisions...
    Processed 32500/82778 provisions...
    Processed 33000/82778 provisions...
    Processed 33500/82778 provisions...
    Processed 34000/82778 provisions...
    Processed 34500/82778 provisions...
    Processed 35000/82778 provisions...
    Processed 35500/82778 provisions...
    Processed 36000/82778 provisions...
    Processed 36500/82778 provisions...
    Processed 37000/82778 provisions...
    Processed 37500/82778 provisions...
    Processed 38000/82778 provisions...
    Processed 38500/82778 provisions...
    Processed 39000/82778 provisions...
    Processed 39500/82778 provisions...
    Processed 40000/82778 provisions...
    Processed 40500/82778 provisions...
    Processed 41000/82778 provisions...
    Processed 41500/82778 provisions...
    Processed 42000/82778 provisions...
    Processed 42500/82778 provisions...
    Processed 43000/82778 provisions...
    Processed 43500/82778 provisions...
    Processed 44000/82778 provisions...
    Processed 44500/82778 provisions...
    Processed 45000/82778 provisions...
    Processed 45500/82778 provisions...
    Processed 46000/82778 provisions...
    Processed 46500/82778 provisions...
    Processed 47000/82778 provisions...
    Processed 47500/82778 provisions...
    Processed 48000/82778 provisions...
    Processed 48500/82778 provisions...
    Processed 49000/82778 provisions...
    Processed 49500/82778 provisions...
    Processed 50000/82778 provisions...
    Processed 50500/82778 provisions...
    Processed 51000/82778 provisions...
    Processed 51500/82778 provisions...
    Processed 52000/82778 provisions...
    Processed 52500/82778 provisions...
    Processed 53000/82778 provisions...
    Processed 53500/82778 provisions...
    Processed 54000/82778 provisions...
    Processed 54500/82778 provisions...
    Processed 55000/82778 provisions...
    Processed 55500/82778 provisions...
    Processed 56000/82778 provisions...
    Processed 56500/82778 provisions...
    Processed 57000/82778 provisions...
    Processed 57500/82778 provisions...
    Processed 58000/82778 provisions...
    Processed 58500/82778 provisions...
    Processed 59000/82778 provisions...
    Processed 59500/82778 provisions...
    Processed 60000/82778 provisions...
    Processed 60500/82778 provisions...
    Processed 61000/82778 provisions...
    Processed 61500/82778 provisions...
    Processed 62000/82778 provisions...
    Processed 62500/82778 provisions...
    Processed 63000/82778 provisions...
    Processed 63500/82778 provisions...
    Processed 64000/82778 provisions...
    Processed 64500/82778 provisions...
    Processed 65000/82778 provisions...
    Processed 65500/82778 provisions...
    Processed 66000/82778 provisions...
    Processed 66500/82778 provisions...
    Processed 67000/82778 provisions...
    Processed 67500/82778 provisions...
    Processed 68000/82778 provisions...
    Processed 68500/82778 provisions...
    Processed 69000/82778 provisions...
    Processed 69500/82778 provisions...
    Processed 70000/82778 provisions...
    Processed 70500/82778 provisions...
    Processed 71000/82778 provisions...
    Processed 71500/82778 provisions...
    Processed 72000/82778 provisions...
    Processed 72500/82778 provisions...
    Processed 73000/82778 provisions...
    Processed 73500/82778 provisions...
    Processed 74000/82778 provisions...
    Processed 74500/82778 provisions...
    Processed 75000/82778 provisions...
    Processed 75500/82778 provisions...
    Processed 76000/82778 provisions...
    Processed 76500/82778 provisions...
    Processed 77000/82778 provisions...
    Processed 77500/82778 provisions...
    Processed 78000/82778 provisions...
    Processed 78500/82778 provisions...
    Processed 79000/82778 provisions...
    Processed 79500/82778 provisions...
    Processed 80000/82778 provisions...
    Processed 80500/82778 provisions...
    Processed 81000/82778 provisions...
    Processed 81500/82778 provisions...
    Processed 82000/82778 provisions...
    Processed 82500/82778 provisions...
  Found 126284 similarity pairs
  Capped 1384262 directed edge(s) at MAX_SIMILAR_PER_PROVISION=5 per provision

[4/4] Saving outputs...
  Saved: similarity_index.json (126284 pairs)
  Updated 3602 JSON-LD files with similarity links

============================================================
KOV act-level similarity (bucketed TF-IDF cosine)
============================================================

[KOV] Loading municipal regulation acts...
  Loaded 11775 KOV acts
  2132 buckets; 0 over the size cap
  Wrote similarity/kov_similarity_index.json (118602 pairs across 837 compared buckets; 908 cross-layer; back-linked 9605 acts)

============================================================
KOV<->state topical similarity (TF-IDF cosine, #729)
============================================================
  [KOV-state] 11775 KOV acts, 5012 state acts (17.3s)
  [KOV-state] vocabulary 389156 terms, 7741 proper nouns dropped (37.2s)
  [KOV-state] ranked (61.5s)
  [KOV-state] provision pass: 97312 KOV provisions, 88661 matched (100.6s)
  Saved: similarity_report.json

============================================================
Done! Found 126284 cross-law similarity pairs.
Updated 3602 JSON-LD files.
Average similarity: 0.651

Top 5 most similar cross-law pairs:
  1.000: § 49¹. Riikliku järelevalve erimeetmed <-> § 33. Riikliku järelevalve erimeetmed
  1.000: § 74. Trahvide laekumine <-> § 76. Trahvi laekumine
  1.000: § 224. Vahetu sunni kasutamine <-> § 43³. Vahetu sunni kasutamine
  1.000: § 224. Vahetu sunni kasutamine <-> § 18². Vahetu sunni kasutamine
  1.000: § 224. Vahetu sunni kasutamine <-> § 31². Vahetu sunni kasutamine
============================================================
