# generate_inverse_references.py started 2026-10-09T10:20:37.106019+00:00
======================================================================
Estonian Legal Ontology - Generate Inverse References (referencedBy)
======================================================================

[1/6] Clearing existing estleg:referencedBy properties...
  Cleaned 518 files

[2/6] Collecting estleg:references from all files...
  Found 17496 target IRIs with 60626 inverse links
  IRI index: 859412 provision/decision IRIs mapped to files
  Prefix index: 15973 prefixes
  Alias rules: 1 alias prefixes configured

[3/6] Applying estleg:referencedBy to target files...

Updated 17496 nodes across 518 files

[3b] Materialising act-root aggregates (#508)...
  Act-root aggregates written to 3400 files

Layer 2b: collecting preamble back-references...
  cleared stale implementedBy/Count from 903 files
  implementedBy emitted to 4158 nodes across 903 files

[4/6] Materialising estleg:hasVersion from ProvisionVersion sidecars...
  Cleared existing estleg:hasVersion from 4451 files
  Found 90132 provisions with 174576 version edges in sidecars
  hasVersion emitted to 90132 provision nodes across 4451 files

[5/6] Verifying references/referencedBy symmetry...
  Mismatches found: 15765
    - genuine-missing-back-link:           15765
      estleg:2026_aasta_riigieelarve_seadus_Map -> estleg:REELS_Par_48_Lg_1 (in 2026_aasta_riigieelarve_seadus_peep.json)
      estleg:2026_aasta_riigieelarve_seadus_Map -> estleg:2026_aasta_riigieelarve_seadus_Par_1_Lg_2 (in 2026_aasta_riigieelarve_seadus_peep.json)
      estleg:2026_aasta_riigieelarve_seadus_Map -> estleg:TerKS_Par_36_Lg_1 (in 2026_aasta_riigieelarve_seadus_peep.json)
      estleg:AVRS_Map -> estleg:tsiviilkohtumenetluse_seadustik_Osa11_Par_597_Lg_4 (in abieluvararegistri_seadus_peep.json)
      estleg:AVRS_Map -> estleg:AVRS_Par_6 (in abieluvararegistri_seadus_peep.json)
      ... and 15760 more

[6/6] Generating inverse references report...
  Saved: inverse_references_report.json

======================================================================
SUMMARY
======================================================================
  Target provisions with inverse links: 17496
  Total inverse link edges:             60626
  Files updated:                        518
  Total nodes with referencedBy:        17496
  Alias-resolved IRIs:                  0
  Alias-ambiguous (refused):            0
  Unresolved target IRIs:               0
  Symmetry mismatches:                  15765
  Provisions with hasVersion:           90132
  Total hasVersion edges:               174576
  Most referenced provision:            estleg:haldusmenetluse_seadus_Par_8_Lg_2 (419 refs)
  Report: /Users/henrikaavik/progemoge/estleg-w3id/krr_outputs/reports/inverse_references_report.json
======================================================================

Coverage report: /Users/henrikaavik/progemoge/estleg-w3id/krr_outputs/reports/kov/generate_inverse_references_coverage.json
  files_with_output: 5009 (KOV: 546)
  triples_emitted: 111786 (KOV: 546)

GATE OK
