# generate_transposition_mapping.py started 2026-10-09T12:51:00.033596+00:00
============================================================
Generate transposition mapping: Estonian acts ↔ EU directives
Endpoint: https://publications.europa.eu/webapi/rdf/sparql
============================================================

--- Fetching transposition measures for Estonia ---
  Fetching transposition measures, offset 0...
  Total transposition measures found: 720
  Fetching directive transposition deadlines...

--- Clearing existing transposition data ---
  Cleared transposition data from 177 files
  Cleared transposedBy from directives file
  Cleared transpositionDeadline from 2603 directive node(s)

--- Loading existing indexes ---
  Loaded INDEX.json: 1127 laws
  Law index entries: 1365
  State-regulation index entries: 3865 titles (3893 regulations)
  Directive index entries: 3114

--- Matching measures to Estonian acts ---
  Unique act-directive pairs: 367
  Unmatched rows: 281; NEM-not-necessary directives: 50
  Act files updated: 177
  Act files with English title (#510): 0
  Directive nodes updated: 235; with deadline: 2603
  Estonia-relevance lens: 235 CELEX, 235 node(s) restamped

============================================================
Transposition mapping complete!
  NIM rows:                       720
  Unique act-directive pairs:     367
  Unique EU directives matched:   235
  Laws / state regulations:       99 / 56
  Status counts:                  {'transposed': 685, 'no_measure_required': 43, 'no_evidence_in_corpus': 1961}
  Outputs: krr_outputs/reports/transposition_mapping.json, krr_outputs/exports/transposition_gap.csv
============================================================
  NOTE: eurlex: dropped owl:imports estleg:EURlex_Schema_2026 (not in the combined graph)
  Rebuilt eurlex_combined.jsonld from peeps (33269 nodes)
