# link_amendment_versions.py started 2026-10-09T10:58:35.503532+00:00
{
  "laws_with_versions": 742,
  "chains_seen": 450,
  "chains_changed": 0,
  "chains_absent": 292,
  "peeps_changed": 302
}
  changed: 1981_aasta_protokolliga_muudetud_eurocontroli_lennuliikluse_ohutuse_alast_koosto_peep.json
  changed: 1996_aasta_rahvusvahelise_konventsiooni_vastutusest_ja_kahju_huvitamisest_ohtlik_peep.json
  changed: aiandustoodete_seadus_peep.json
  changed: alaealise_mojutusvahendite_seadus_peep.json
  changed: albaania_vabariigi_ja_horvaatia_vabariigi_uhinemist_kasitlevate_pohja_atlandi_le_peep.json
  changed: andmekogude_seadus_peep.json
  changed: arheoloogiaparandi_kaitse_euroopa_konventsiooni_ratifitseerimise_seadus_peep.json
  changed: asjaoigusseadus_map_peep.json
  changed: avalduste_esitamise_tahtaegade_ennistamise_korrast_oigusvastaselt_voorandatud_va_peep.json
  changed: avaliku_koosoleku_seadus_peep.json
  changed: balti_pataljoniga_seotud_valislepingute_lopetamise_seadus_peep.json
  changed: berni_kirjandus_ja_kunstiteoste_kaitse_konventsiooniga_uhinemise_seadus_peep.json
  changed: e_raha_asutuste_seadus_peep.json
  changed: ebaausa_konkurentsi_takistamise_ja_arisaladuse_kaitse_seadus_peep.json
  changed: eesoigustatud_merevolgade_ja_merehupoteekide_kohta_kaivate_maaruste_uhtlustamise_peep.json
  changed: eesti_arengufondi_seadus_peep.json
  changed: eesti_nsv_tsiviilkoodeks_peep.json
  changed: eesti_vabariigi_ja_a_s_eksportfinans_i_vahel_solmitud_laenulepingu_ratifitseerim_peep.json
  changed: eesti_vabariigi_ja_ab_svensk_exportkredit_i_vahel_solmitud_laenulepingu_ratifits_peep.json
  changed: eesti_vabariigi_ja_austria_vabariigi_vahel_solmitud_laenulepingu_ratifitseerimis_peep.json
